ff.c:610:13:ld_word	0	static
ff.c:619:14:ld_dword	0	static
ff.c:648:13:st_word	0	static
ff.c:654:13:st_dword	0	static
ff.c:684:13:mem_cpy	0	static
ff.c:698:13:mem_set	0	static
ff.c:709:12:mem_cmp	8	static
ff.c:723:12:chk_chr	0	static
ff.c:731:12:dbc_1st	0	static
ff.c:751:12:dbc_2nd	0	static
ff.c:1162:14:clst2sect	0	static
ff.c:1644:14:clmt_clust	0	static
ff.c:1864:14:ld_clust	16	static
ff.c:1881:13:st_clust	16	static
ff.c:1937:12:pick_lfn	24	static
ff.c:1975:13:put_lfn	32	static
ff.c:2012:13:gen_numname	32	static
ff.c:2070:13:sum_sfn	0	static
ff.c:2781:14:get_achar	24	static
ff.c:2812:12:pattern_matching	40	static
ff.c:3147:12:get_ldnumber	20	static
ff.c:6659:13:putc_init	16	static
ff.c:3599:16:validate	16	static
ff.c:1072:16:sync_window	16	static
ff.c:1094:16:move_window	16	static
ff.c:3293:13:check_fs	8	static
ff.c:3316:13:find_volume	32	static
ff.c:3370:16:mount_volume	32	static
ff.c:1256:16:put_fat	32	static
ff.c:1179:14:get_fat	24	static
ff.c:1713:16:dir_sdi	24	static
ff.c:1541:14:create_chain	24	static
ff.c:1446:16:remove_chain	24	static
ff.c:1674:16:dir_clear	24	static
ff.c:1761:16:dir_next	32	static
ff.c:1822:16:dir_alloc	24	static
ff.c:2364:16:dir_read	32	static
ff.c:2629:16:dir_remove	16	static
ff.c:1901:12:cmp_lfn	32	static
ff.c:2442:16:dir_find	32	static
ff.c:2523:16:dir_register	48	static
ff.c:848:13:put_utf	16	static
ff.c:2675:13:get_fileinfo	32	static
ff.c:775:14:tchar2uni	24	static
ff.c:2859:16:create_name	56	static
ff.c:3060:16:follow_path	24	static
ff.c:1125:16:sync_fs	16	static
ff.c:5690:16:create_partition	56	static
ff.c:3643:9:f_mount	24	static
ff.c:3691:9:f_open	96	static
ff.c:3883:9:f_read	56	static
ff.c:3984:9:f_write	56	static
ff.c:6515:13:putc_bfd	24	static
ff.c:6646:12:putc_flush	16	static
ff.c:4106:9:f_sync	24	static
ff.c:4187:9:f_close	16	static
ff.c:4223:9:f_chdrive	16	static
ff.c:4240:9:f_chdir	80	static
ff.c:4302:9:f_getcwd	368	static
ff.c:4402:9:f_lseek	56	static
ff.c:4565:9:f_opendir	24	static
ff.c:4631:9:f_closedir	16	static
ff.c:4661:9:f_readdir	24	static
ff.c:4697:9:f_findnext	16	static
ff.c:4722:9:f_findfirst	16	static
ff.c:4749:9:f_stat	80	static
ff.c:4784:9:f_getfree	64	static
ff.c:4874:9:f_truncate	24	static
ff.c:4924:9:f_unlink	144	static
ff.c:5018:9:f_mkdir	96	static
ff.c:5102:9:f_rename	168	static
ff.c:5306:9:f_getlabel	80	static
ff.c:5401:9:f_setlabel	104	static
ff.c:5611:9:f_forward	48	static
ff.c:5832:9:f_mkfs	96	static
ff.c:6368:8:f_gets	32	static
ff.c:6667:5:f_putc	88	static
ff.c:6687:5:f_puts	88	static
ff.c:6707:5:f_printf	140	static
