ff.c:3147:12:get_ldnumber	24	static
ff.c:2675:13:get_fileinfo	32	static
ff.c:1094:16:move_window.part.5	16	static
ff.c:2812:12:pattern_matching	24	static
ff.c:1674:16:dir_clear	24	static
ff.c:1125:16:sync_fs	24	static
ff.c:1256:16:put_fat.part.7	32	static
ff.c:1446:16:remove_chain	48	static
ff.c:1713:16:dir_sdi.constprop	40	static
ff.c:1713:16:dir_sdi	48	static
ff.c:3370:16:mount_volume	40	static
ff.c:1179:14:get_fat.isra.8	32	static
ff.c:1541:14:create_chain	48	static
ff.c:1761:16:dir_next.constprop	24	static
ff.c:1822:16:dir_alloc	56	static
ff.c:2364:16:dir_read	56	static
ff.c:2442:16:dir_find	64	static
ff.c:2523:16:dir_register	72	static
ff.c:3060:16:follow_path	48	static
ff.c:3643:9:f_mount	24	static
ff.c:3691:9:f_open	96	static
ff.c:3883:9:f_read	80	static
ff.c:3984:9:f_write	80	static
ff.c:4106:9:f_sync	24	static
ff.c:4187:9:f_close	24	static
ff.c:4223:9:f_chdrive	16	static
ff.c:4240:9:f_chdir	80	static
ff.c:4302:9:f_getcwd	384	static
ff.c:4402:9:f_lseek	64	static
ff.c:4565:9:f_opendir	32	static
ff.c:4631:9:f_closedir	8	static
ff.c:4661:9:f_readdir	24	static
ff.c:4697:9:f_findnext	24	static
ff.c:4722:9:f_findfirst	24	static
ff.c:4749:9:f_stat	80	static
ff.c:4784:9:f_getfree	56	static
ff.c:4874:9:f_truncate	16	static
ff.c:4924:9:f_unlink	168	static
ff.c:5018:9:f_mkdir	128	static
ff.c:5102:9:f_rename	200	static
ff.c:5306:9:f_getlabel	96	static
ff.c:5401:9:f_setlabel	104	static
ff.c:5611:9:f_forward	40	static
ff.c:5832:9:f_mkfs	128	static
ff.c:6368:8:f_gets	40	static
ff.c:6667:5:f_putc	96	static
ff.c:6687:5:f_puts	96	static
ff.c:6707:5:f_printf	164	static
