core_cm4.h:1816:22:__NVIC_SetPriority	16	static
core_cm4.h:1939:34:__NVIC_SystemReset	4	static,ignoring_inline_asm
core_cm4.h:2022:26:SysTick_Config	16	static
ArcadeIT_Firmware.c:151:6:ArcadeIT_SysTick_Deinit	4	static
ArcadeIT_Firmware.c:164:5:ArcadeIT_SysTick_Init	16	static
ArcadeIT_Firmware.c:193:6:ArcadeIT_System_Delay	16	static
ArcadeIT_Firmware.c:210:6:ArcadeIT_System_Init	16	static
ArcadeIT_Firmware.c:274:6:ArcadeIT_System_Reset	8	static
ArcadeIT_Firmware.c:288:6:ArcadeIT_Wait_VBlank	8	static
ArcadeIT_Firmware.c:303:9:ArcadeIT_If_VBlank	4	static
ArcadeIT_Firmware.c:318:6:ArcadeIT_SysTick_Handler	4	static
ArcadeIT_Firmware.c:345:6:ArcadeIT_PowerUP_Systems	4	static
ArcadeIT_Firmware.c:451:6:ArcadeIT_Start	8	static
ArcadeIT_Firmware.c:465:6:ArcadeIT_Test_Bench	4	static
