ArcadeIT_Utilities.c:112:6:ArcadeIT_Utility_Uppercase	0	static
ArcadeIT_Utilities.c:141:7:ArcadeIT_Utility_Get_String_ID	0	static
ArcadeIT_Utilities.c:170:7:ArcadeIT_Utility_Skip_Blank_Chars	0	static
ArcadeIT_Utilities.c:193:7:ArcadeIT_Utility_Skip_Line	0	static
ArcadeIT_Utilities.c:232:6:ArcadeIT_Utility_Goto_Char	0	static
ArcadeIT_Utilities.c:250:7:ArcadeIT_Utility_Get_Token	8	static
ArcadeIT_Utilities.c:348:6:ArcadeIT_Utility_Character_At	16	static
ArcadeIT_Utilities.c:367:9:ArcadeIT_Utility_String_Match	24	static
ArcadeIT_Utilities.c:405:6:ArcadeIT_Utility_String_Match_Rename	4	static
ArcadeIT_Utilities.c:449:6:ArcadeIT_Memory_FillCopy	4	static
ArcadeIT_Utilities.c:491:6:ArcadeIT_Utility_Show_Bytes	528	static
