ArcadeIT_Firmware.c:166:6:ArcadeIT_SysTick_Deinit	0	static
ArcadeIT_Firmware.c:179:5:ArcadeIT_SysTick_Init	8	static
ArcadeIT_Firmware.c:208:6:ArcadeIT_System_Delay	0	static
ArcadeIT_Firmware.c:225:6:ArcadeIT_System_Init	8	static
ArcadeIT_Firmware.c:289:6:ArcadeIT_System_Reset	0	static,ignoring_inline_asm
ArcadeIT_Firmware.c:318:9:ArcadeIT_If_VBlank	0	static
ArcadeIT_Firmware.c:303:6:ArcadeIT_Wait_VBlank	8	static
ArcadeIT_Firmware.c:333:6:ArcadeIT_SysTick_Handler	8	static
ArcadeIT_Firmware.c:359:6:SysTick_Handler	8	static
ArcadeIT_Firmware.c:366:6:ArcadeIT_PowerUP_Systems	0	static
ArcadeIT_Firmware.c:479:6:ArcadeIT_ArcadeIT_Start	8	static
ArcadeIT_Firmware.c:567:6:ArcadeIT_Test_Bench	608	static
