ArcadeIT_RTC.c:114:10:ArcadeIT_RTC_ReadBackupRegister	8	static
ArcadeIT_RTC.c:136:6:ArcadeIT_RTC_WriteBackupRegister	8	static
ArcadeIT_RTC.c:152:10:ArcadeIT_RCC_LSEConfig	0	static
ArcadeIT_RTC.c:193:10:ArcadeIT_RTC_CheckBackupReg	24	static
ArcadeIT_RTC.c:221:12:ArcadeIT_RCC_GetFlagStatus	0	static
ArcadeIT_RTC.c:258:13:ArcadeIT_RTC_WaitForSynchro	8	static
ArcadeIT_RTC.c:299:13:ArcadeIT_RTC_EnterInitMode	8	static
ArcadeIT_RTC.c:338:6:ArcadeIT_RTC_Init	32	static
ArcadeIT_RTC.c:440:13:RTC_SetTime	24	static
ArcadeIT_RTC.c:491:13:RTC_SetDate	40	static
ArcadeIT_RTC.c:536:12:ArcadeIT_RTC_TimeDate_Get	8	static
ArcadeIT_RTC.c:563:6:ArcadeIT_RTC_TimeDate_String	56	static
ArcadeIT_RTC.c:590:6:ArcadeIT_RTC_TimeDate_Set	64	static
