ArcadeIT_LCD_LL.c:1308:6:LCD_0_Backlight_Inc	0	static
ArcadeIT_LCD_LL.c:1318:6:LCD_0_Backlight_Dec	0	static
ArcadeIT_LCD_LL.c:675:6:LCD_Parallel_Port_Setup	0	static
ArcadeIT_LCD_LL.c:804:6:LCD_Wr_Data	0	static
ArcadeIT_LCD_LL.c:823:6:LCD_Wr_Register	0	static
ArcadeIT_LCD_LL.c:842:6:LCD_Area_Set	16	static
ArcadeIT_LCD_LL.c:912:6:LCD_Clear	16	static
ArcadeIT_LCD_LL.c:951:6:LCD_Reset	8	static
ArcadeIT_LCD_LL.c:971:6:LCD_Configure	24	static
ArcadeIT_LCD_LL.c:1014:6:LCD_Parallel_Init	12	static
ArcadeIT_LCD_LL.c:1126:6:ArcadeIT_LCD_1_Refresh	0	static
ArcadeIT_LCD_LL.c:1168:6:LCD_DMA_Transfer	0	static
ArcadeIT_LCD_LL.c:1193:1:DMA2_Stream0_IRQHandler	0	static
ArcadeIT_LCD_LL.c:1236:6:LCD_Palette_Get	12	static
ArcadeIT_LCD_LL.c:1273:6:LCD_NewFrame	16	static
ArcadeIT_LCD_LL.c:1282:6:LCD_Active	0	static
ArcadeIT_LCD_LL.c:1299:6:LCD_0_Backlight_Set	0	static
ArcadeIT_LCD_LL.c:1329:6:LCD_Backlight_Off	16	static
ArcadeIT_LCD_LL.c:1359:6:LCD_Backlight_On	16	static
ArcadeIT_LCD_LL.c:1389:6:LCD_Driver_Start	272	static
