ArcadeIT_LCD_LL.c:1271:6:LCD_0_Backlight_Inc	0	static
ArcadeIT_LCD_LL.c:1281:6:LCD_0_Backlight_Dec	0	static
ArcadeIT_LCD_LL.c:1299:6:LCD_1_Backlight_Inc	0	static
ArcadeIT_LCD_LL.c:1309:6:LCD_1_Backlight_Dec	0	static
ArcadeIT_LCD_LL.c:673:6:LCD_Parallel_Port_Setup	24	static
ArcadeIT_LCD_LL.c:799:6:LCD_Wr_Data	0	static
ArcadeIT_LCD_LL.c:818:6:LCD_Wr_Register	0	static
ArcadeIT_LCD_LL.c:837:6:LCD_Area_Set	24	static
ArcadeIT_LCD_LL.c:907:6:LCD_Clear	16	static
ArcadeIT_LCD_LL.c:942:6:LCD_Reset	8	static
ArcadeIT_LCD_LL.c:962:6:LCD_Configure	16	static
ArcadeIT_LCD_LL.c:1005:6:LCD_Parallel_Init	32	static
ArcadeIT_LCD_LL.c:1095:6:ArcadeIT_LCD_1_Refresh	0	static
ArcadeIT_LCD_LL.c:1137:6:LCD_DMA_Transfer	0	static
ArcadeIT_LCD_LL.c:1156:1:DMA2_Stream0_IRQHandler	0	static
ArcadeIT_LCD_LL.c:1199:6:LCD_Palette_Get	4	static
ArcadeIT_LCD_LL.c:1236:6:LCD_NewFrame	16	static
ArcadeIT_LCD_LL.c:1245:6:LCD_Active	0	static
ArcadeIT_LCD_LL.c:1262:6:LCD_0_Backlight_Set	0	static
ArcadeIT_LCD_LL.c:1290:6:LCD_1_Backlight_Set	0	static
ArcadeIT_LCD_LL.c:1318:6:LCD_Backlight_Off	16	static
ArcadeIT_LCD_LL.c:1348:6:LCD_Backlight_On	16	static
ArcadeIT_LCD_LL.c:1378:6:LCD_Driver_Start	280	static
