ArcadeIT_Utilities.c:115:6:ArcadeIT_Utility_Uppercase	0	static
ArcadeIT_Utilities.c:144:7:ArcadeIT_Utility_Get_String_ID	0	static
ArcadeIT_Utilities.c:173:7:ArcadeIT_Utility_Skip_Blank_Chars	0	static
ArcadeIT_Utilities.c:196:7:ArcadeIT_Utility_Skip_Line	0	static
ArcadeIT_Utilities.c:235:6:ArcadeIT_Utility_Goto_Char	0	static
ArcadeIT_Utilities.c:253:7:ArcadeIT_Utility_Get_Token	8	static
ArcadeIT_Utilities.c:351:6:ArcadeIT_Utility_Character_At	16	static
ArcadeIT_Utilities.c:370:9:ArcadeIT_Utility_String_Match	24	static
ArcadeIT_Utilities.c:408:6:ArcadeIT_Utility_String_Match_Rename	4	static
ArcadeIT_Utilities.c:452:6:ArcadeIT_Memory_FillCopy	4	static
ArcadeIT_Utilities.c:494:6:ArcadeIT_Utility_Show_Bytes	528	static
