ArcadeIT_Firmware.c:178:6:ArcadeIT_SysTick_Deinit	0	static
ArcadeIT_Firmware.c:191:5:ArcadeIT_SysTick_Init	8	static
ArcadeIT_Firmware.c:220:6:ArcadeIT_System_Delay	0	static
ArcadeIT_Firmware.c:237:6:ArcadeIT_System_Init	8	static
ArcadeIT_Firmware.c:301:6:ArcadeIT_System_Reset	0	static,ignoring_inline_asm
ArcadeIT_Firmware.c:330:9:ArcadeIT_If_VBlank	0	static
ArcadeIT_Firmware.c:315:6:ArcadeIT_Wait_VBlank	8	static
ArcadeIT_Firmware.c:345:6:ArcadeIT_SysTick_Handler	8	static
ArcadeIT_Firmware.c:371:6:SysTick_Handler	8	static
ArcadeIT_Firmware.c:378:6:ArcadeIT_PowerUP_Systems	0	static
ArcadeIT_Firmware.c:491:6:ArcadeIT_ArcadeIT_Start	264	static
ArcadeIT_Firmware.c:727:6:ArcadeIT_ChromeART_Fill	0	static
ArcadeIT_Firmware.c:836:6:ArcadeIT_ChromeART_Init	0	static
ArcadeIT_Firmware.c:853:6:ArcadeIT_Test_Bench	16	static
