ArcadeIT_Utilities.c:79:6:ArcadeIT_Utility_Uppercase	0	static
ArcadeIT_Utilities.c:108:7:ArcadeIT_Utility_Get_String_ID	0	static
ArcadeIT_Utilities.c:137:7:ArcadeIT_Utility_Skip_Blank_Chars	0	static
ArcadeIT_Utilities.c:160:7:ArcadeIT_Utility_Skip_Line	0	static
ArcadeIT_Utilities.c:199:6:ArcadeIT_Utility_Goto_Char	0	static
ArcadeIT_Utilities.c:217:7:ArcadeIT_Utility_Get_Token	8	static
ArcadeIT_Utilities.c:315:6:ArcadeIT_Utility_Character_At	16	static
ArcadeIT_Utilities.c:334:9:ArcadeIT_Utility_String_Match	24	static
ArcadeIT_Utilities.c:372:6:ArcadeIT_Utility_String_Match_Rename	4	static
ArcadeIT_Utilities.c:416:6:ArcadeIT_Memory_FillCopy	4	static
ArcadeIT_Utilities.c:458:6:ArcadeIT_Utility_Show_Bytes	528	static
