ArcadeIT_Firmware.c:173:6:ArcadeIT_SysTick_Deinit	0	static
ArcadeIT_Firmware.c:186:5:ArcadeIT_SysTick_Init	16	static
ArcadeIT_Firmware.c:215:6:ArcadeIT_System_Delay	0	static
ArcadeIT_Firmware.c:232:6:ArcadeIT_System_Init	8	static
ArcadeIT_Firmware.c:296:6:ArcadeIT_System_Reset	0	static,ignoring_inline_asm
ArcadeIT_Firmware.c:310:6:ArcadeIT_Wait_VBlank	0	static
ArcadeIT_Firmware.c:325:9:ArcadeIT_If_VBlank	0	static
ArcadeIT_Firmware.c:340:6:ArcadeIT_SysTick_Handler	0	static
ArcadeIT_Firmware.c:366:6:SysTick_Handler	0	static
ArcadeIT_Firmware.c:373:6:ArcadeIT_PowerUP_Systems	0	static
ArcadeIT_Firmware.c:486:6:ArcadeIT_ArcadeIT_Start	272	static
ArcadeIT_Firmware.c:714:6:ArcadeIT_Test_Bench	16	static
