ArcadeIT_SD_Card.c:118:16:wait_ready	8	static
ArcadeIT_SD_Card.c:142:13:sd_deselect	8	static
ArcadeIT_SD_Card.c:153:12:sd_select	8	static
ArcadeIT_SD_Card.c:242:13:send_cmd	16	static
ArcadeIT_SD_Card.c:171:12:sd_read_block	16	static
ArcadeIT_SD_Card.c:205:12:sd_write_block	16	static
ArcadeIT_SD_Card.c:304:9:ArcadeIT_SDCard_Disk_Initialize	24	static
ArcadeIT_SD_Card.c:406:9:ArcadeIT_SDCard_Disk_Status	0	static
ArcadeIT_SD_Card.c:414:9:ArcadeIT_SDCard_Disk_Read	16	static
ArcadeIT_SD_Card.c:462:9:ArcadeIT_SDCard_Disk_Write	16	static
ArcadeIT_SD_Card.c:512:9:ArcadeIT_SDCard_Disk_Ioctl	32	static
ArcadeIT_SD_Card.c:638:9:ArcadeIT_SDCard_Disk_Start	4632	static
