ArcadeIT_SD_Card_LL.c:120:16:wait_ready	8	static
ArcadeIT_SD_Card_LL.c:144:13:sd_deselect	8	static
ArcadeIT_SD_Card_LL.c:155:12:sd_select	8	static
ArcadeIT_SD_Card_LL.c:244:13:send_cmd	16	static
ArcadeIT_SD_Card_LL.c:173:12:sd_read_block	16	static
ArcadeIT_SD_Card_LL.c:207:12:sd_write_block	16	static
ArcadeIT_SD_Card_LL.c:306:9:ArcadeIT_SDCard_Disk_Initialize	24	static
ArcadeIT_SD_Card_LL.c:414:9:ArcadeIT_SDCard_Disk_Status	0	static
ArcadeIT_SD_Card_LL.c:422:9:ArcadeIT_SDCard_Disk_Read	16	static
ArcadeIT_SD_Card_LL.c:470:9:ArcadeIT_SDCard_Disk_Write	16	static
ArcadeIT_SD_Card_LL.c:520:9:ArcadeIT_SDCard_Disk_Ioctl	32	static
ArcadeIT_SD_Card_LL.c:646:9:ArcadeIT_SDCard_Disk_Start	4632	static
