Archive member included to satisfy reference by file (symbol)

c:/stm/stm32cubeide_1.3.0/stm32cubeide/plugins/com.st.stm32cube.ide.mcu.externaltools.gnu-tools-for-stm32.7-2018-q2-update.win32_1.0.0.201904181610/tools/bin/../lib/gcc/arm-none-eabi/7.3.1/../../../../arm-none-eabi/lib/thumb/v7e-m/fpv4-sp/hard\libc_nano.a(lib_a-exit.o)
                              c:/stm/stm32cubeide_1.3.0/stm32cubeide/plugins/com.st.stm32cube.ide.mcu.externaltools.gnu-tools-for-stm32.7-2018-q2-update.win32_1.0.0.201904181610/tools/bin/../lib/gcc/arm-none-eabi/7.3.1/../../../../arm-none-eabi/lib/thumb/v7e-m/fpv4-sp/hard/crt0.o (exit)
c:/stm/stm32cubeide_1.3.0/stm32cubeide/plugins/com.st.stm32cube.ide.mcu.externaltools.gnu-tools-for-stm32.7-2018-q2-update.win32_1.0.0.201904181610/tools/bin/../lib/gcc/arm-none-eabi/7.3.1/../../../../arm-none-eabi/lib/thumb/v7e-m/fpv4-sp/hard\libc_nano.a(lib_a-impure.o)
                              c:/stm/stm32cubeide_1.3.0/stm32cubeide/plugins/com.st.stm32cube.ide.mcu.externaltools.gnu-tools-for-stm32.7-2018-q2-update.win32_1.0.0.201904181610/tools/bin/../lib/gcc/arm-none-eabi/7.3.1/../../../../arm-none-eabi/lib/thumb/v7e-m/fpv4-sp/hard\libc_nano.a(lib_a-exit.o) (_global_impure_ptr)
c:/stm/stm32cubeide_1.3.0/stm32cubeide/plugins/com.st.stm32cube.ide.mcu.externaltools.gnu-tools-for-stm32.7-2018-q2-update.win32_1.0.0.201904181610/tools/bin/../lib/gcc/arm-none-eabi/7.3.1/../../../../arm-none-eabi/lib/thumb/v7e-m/fpv4-sp/hard\libc_nano.a(lib_a-init.o)
                              c:/stm/stm32cubeide_1.3.0/stm32cubeide/plugins/com.st.stm32cube.ide.mcu.externaltools.gnu-tools-for-stm32.7-2018-q2-update.win32_1.0.0.201904181610/tools/bin/../lib/gcc/arm-none-eabi/7.3.1/../../../../arm-none-eabi/lib/thumb/v7e-m/fpv4-sp/hard/crt0.o (__libc_init_array)
c:/stm/stm32cubeide_1.3.0/stm32cubeide/plugins/com.st.stm32cube.ide.mcu.externaltools.gnu-tools-for-stm32.7-2018-q2-update.win32_1.0.0.201904181610/tools/bin/../lib/gcc/arm-none-eabi/7.3.1/../../../../arm-none-eabi/lib/thumb/v7e-m/fpv4-sp/hard\libc_nano.a(lib_a-locale.o)
                              Drivers/ArcadeIT_Lib/System/ArcadeIT_Utilities.o (__locale_ctype_ptr)
c:/stm/stm32cubeide_1.3.0/stm32cubeide/plugins/com.st.stm32cube.ide.mcu.externaltools.gnu-tools-for-stm32.7-2018-q2-update.win32_1.0.0.201904181610/tools/bin/../lib/gcc/arm-none-eabi/7.3.1/../../../../arm-none-eabi/lib/thumb/v7e-m/fpv4-sp/hard\libc_nano.a(lib_a-mbtowc_r.o)
                              c:/stm/stm32cubeide_1.3.0/stm32cubeide/plugins/com.st.stm32cube.ide.mcu.externaltools.gnu-tools-for-stm32.7-2018-q2-update.win32_1.0.0.201904181610/tools/bin/../lib/gcc/arm-none-eabi/7.3.1/../../../../arm-none-eabi/lib/thumb/v7e-m/fpv4-sp/hard\libc_nano.a(lib_a-locale.o) (__ascii_mbtowc)
c:/stm/stm32cubeide_1.3.0/stm32cubeide/plugins/com.st.stm32cube.ide.mcu.externaltools.gnu-tools-for-stm32.7-2018-q2-update.win32_1.0.0.201904181610/tools/bin/../lib/gcc/arm-none-eabi/7.3.1/../../../../arm-none-eabi/lib/thumb/v7e-m/fpv4-sp/hard\libc_nano.a(lib_a-memset.o)
                              c:/stm/stm32cubeide_1.3.0/stm32cubeide/plugins/com.st.stm32cube.ide.mcu.externaltools.gnu-tools-for-stm32.7-2018-q2-update.win32_1.0.0.201904181610/tools/bin/../lib/gcc/arm-none-eabi/7.3.1/../../../../arm-none-eabi/lib/thumb/v7e-m/fpv4-sp/hard/crt0.o (memset)
c:/stm/stm32cubeide_1.3.0/stm32cubeide/plugins/com.st.stm32cube.ide.mcu.externaltools.gnu-tools-for-stm32.7-2018-q2-update.win32_1.0.0.201904181610/tools/bin/../lib/gcc/arm-none-eabi/7.3.1/../../../../arm-none-eabi/lib/thumb/v7e-m/fpv4-sp/hard\libc_nano.a(lib_a-nano-vfprintf_float.o)
                              (_printf_float)
c:/stm/stm32cubeide_1.3.0/stm32cubeide/plugins/com.st.stm32cube.ide.mcu.externaltools.gnu-tools-for-stm32.7-2018-q2-update.win32_1.0.0.201904181610/tools/bin/../lib/gcc/arm-none-eabi/7.3.1/../../../../arm-none-eabi/lib/thumb/v7e-m/fpv4-sp/hard\libc_nano.a(lib_a-nano-vfprintf_i.o)
                              c:/stm/stm32cubeide_1.3.0/stm32cubeide/plugins/com.st.stm32cube.ide.mcu.externaltools.gnu-tools-for-stm32.7-2018-q2-update.win32_1.0.0.201904181610/tools/bin/../lib/gcc/arm-none-eabi/7.3.1/../../../../arm-none-eabi/lib/thumb/v7e-m/fpv4-sp/hard\libc_nano.a(lib_a-nano-vfprintf_float.o) (_printf_common)
c:/stm/stm32cubeide_1.3.0/stm32cubeide/plugins/com.st.stm32cube.ide.mcu.externaltools.gnu-tools-for-stm32.7-2018-q2-update.win32_1.0.0.201904181610/tools/bin/../lib/gcc/arm-none-eabi/7.3.1/../../../../arm-none-eabi/lib/thumb/v7e-m/fpv4-sp/hard\libc_nano.a(lib_a-sprintf.o)
                              Drivers/ArcadeIT_Lib/Applications/Terminal/ArcadeIT_Terminal_Serial.o (sprintf)
c:/stm/stm32cubeide_1.3.0/stm32cubeide/plugins/com.st.stm32cube.ide.mcu.externaltools.gnu-tools-for-stm32.7-2018-q2-update.win32_1.0.0.201904181610/tools/bin/../lib/gcc/arm-none-eabi/7.3.1/../../../../arm-none-eabi/lib/thumb/v7e-m/fpv4-sp/hard\libc_nano.a(lib_a-strcmp.o)
[...]
Memory Configuration

Name             Origin             Length             Attributes
CCMRAM           0x0000000010000000 0x0000000000010000 xrw
RAM              0x0000000020000000 0x0000000000050000 xrw
FLASH            0x0000000008000000 0x0000000000200000 xr
*default*        0x0000000000000000 0xffffffffffffffff

Linker script and memory map

LOAD c:/stm/stm32cubeide_1.3.0/stm32cubeide/plugins/com.st.stm32cube.ide.mcu.externaltools.gnu-tools-for-stm32.7-2018-q2-update.win32_1.0.0.201904181610/tools/bin/../lib/gcc/arm-none-eabi/7.3.1/thumb/v7e-m/fpv4-sp/hard/crti.o
LOAD c:/stm/stm32cubeide_1.3.0/stm32cubeide/plugins/com.st.stm32cube.ide.mcu.externaltools.gnu-tools-for-stm32.7-2018-q2-update.win32_1.0.0.201904181610/tools/bin/../lib/gcc/arm-none-eabi/7.3.1/thumb/v7e-m/fpv4-sp/hard/crtbegin.o
LOAD c:/stm/stm32cubeide_1.3.0/stm32cubeide/plugins/com.st.stm32cube.ide.mcu.externaltools.gnu-tools-for-stm32.7-2018-q2-update.win32_1.0.0.201904181610/tools/bin/../lib/gcc/arm-none-eabi/7.3.1/../../../../arm-none-eabi/lib/thumb/v7e-m/fpv4-sp/hard/crt0.o
LOAD Drivers/ArcadeIT_Lib/Applications/Terminal/ArcadeIT_Terminal_Serial.o
LOAD Drivers/ArcadeIT_Lib/Demofiles/ANSIGfx/ANSIGfxDemo_1.o
LOAD Drivers/ArcadeIT_Lib/System/ArcadeIT_Firmware.o
LOAD Drivers/ArcadeIT_Lib/System/ArcadeIT_Utilities.o
LOAD Drivers/ArcadeIT_Lib/System/Devices/ArcadeIT_I2C_Port.o
LOAD Drivers/ArcadeIT_Lib/System/Devices/ArcadeIT_SD_Card_LL.o
LOAD Drivers/ArcadeIT_Lib/System/Devices/ArcadeIT_SPI_Port.o
LOAD Drivers/ArcadeIT_Lib/System/Devices/ArcadeIT_Serial_Port.o
LOAD Drivers/ArcadeIT_Lib/System/Devices/ArcadeIT_Status_LEDs.o
LOAD Drivers/ArcadeIT_Lib/System/Devices/ArcadeIT_TestPads.o
LOAD Drivers/ArcadeIT_Lib/System/Disk/ArcadeIT_Storage.o
LOAD Drivers/ArcadeIT_Lib/System/Units/ArcadeIT_Scheduler.o
LOAD Drivers/CMSIS/DSP_Lib/Source/BasicMathFunctions/arm_abs_f32.o
LOAD Drivers/CMSIS/DSP_Lib/Source/BasicMathFunctions/arm_abs_q15.o
LOAD Drivers/CMSIS/DSP_Lib/Source/BasicMathFunctions/arm_abs_q31.o
LOAD Drivers/CMSIS/DSP_Lib/Source/BasicMathFunctions/arm_abs_q7.o
LOAD Drivers/CMSIS/DSP_Lib/Source/BasicMathFunctions/arm_add_f32.o
LOAD Drivers/CMSIS/DSP_Lib/Source/BasicMathFunctions/arm_add_q15.o
LOAD Drivers/CMSIS/DSP_Lib/Source/BasicMathFunctions/arm_add_q31.o
LOAD Drivers/CMSIS/DSP_Lib/Source/BasicMathFunctions/arm_add_q7.o
LOAD Drivers/CMSIS/DSP_Lib/Source/BasicMathFunctions/arm_dot_prod_f32.o
LOAD Drivers/CMSIS/DSP_Lib/Source/BasicMathFunctions/arm_dot_prod_q15.o
LOAD Drivers/CMSIS/DSP_Lib/Source/BasicMathFunctions/arm_dot_prod_q31.o
LOAD Drivers/CMSIS/DSP_Lib/Source/BasicMathFunctions/arm_dot_prod_q7.o
LOAD Drivers/CMSIS/DSP_Lib/Source/BasicMathFunctions/arm_mult_f32.o
LOAD Drivers/CMSIS/DSP_Lib/Source/BasicMathFunctions/arm_mult_q15.o
LOAD Drivers/CMSIS/DSP_Lib/Source/BasicMathFunctions/arm_mult_q31.o
LOAD Drivers/CMSIS/DSP_Lib/Source/BasicMathFunctions/arm_mult_q7.o
LOAD Drivers/CMSIS/DSP_Lib/Source/BasicMathFunctions/arm_negate_f32.o
LOAD Drivers/CMSIS/DSP_Lib/Source/BasicMathFunctions/arm_negate_q15.o
LOAD Drivers/CMSIS/DSP_Lib/Source/BasicMathFunctions/arm_negate_q31.o
LOAD Drivers/CMSIS/DSP_Lib/Source/BasicMathFunctions/arm_negate_q7.o
LOAD Drivers/CMSIS/DSP_Lib/Source/BasicMathFunctions/arm_offset_f32.o
LOAD Drivers/CMSIS/DSP_Lib/Source/BasicMathFunctions/arm_offset_q15.o
LOAD Drivers/CMSIS/DSP_Lib/Source/BasicMathFunctions/arm_offset_q31.o
LOAD Drivers/CMSIS/DSP_Lib/Source/BasicMathFunctions/arm_offset_q7.o
LOAD Drivers/CMSIS/DSP_Lib/Source/BasicMathFunctions/arm_scale_f32.o
LOAD Drivers/CMSIS/DSP_Lib/Source/BasicMathFunctions/arm_scale_q15.o
LOAD Drivers/CMSIS/DSP_Lib/Source/BasicMathFunctions/arm_scale_q31.o
LOAD Drivers/CMSIS/DSP_Lib/Source/BasicMathFunctions/arm_scale_q7.o
LOAD Drivers/CMSIS/DSP_Lib/Source/BasicMathFunctions/arm_shift_q15.o
LOAD Drivers/CMSIS/DSP_Lib/Source/BasicMathFunctions/arm_shift_q31.o
LOAD Drivers/CMSIS/DSP_Lib/Source/BasicMathFunctions/arm_shift_q7.o
LOAD Drivers/CMSIS/DSP_Lib/Source/BasicMathFunctions/arm_sub_f32.o
LOAD Drivers/CMSIS/DSP_Lib/Source/BasicMathFunctions/arm_sub_q15.o
LOAD Drivers/CMSIS/DSP_Lib/Source/BasicMathFunctions/arm_sub_q31.o
LOAD Drivers/CMSIS/DSP_Lib/Source/BasicMathFunctions/arm_sub_q7.o
LOAD Drivers/CMSIS/DSP_Lib/Source/CommonTables/arm_common_tables.o
LOAD Drivers/CMSIS/DSP_Lib/Source/CommonTables/arm_const_structs.o
LOAD Drivers/CMSIS/DSP_Lib/Source/ComplexMathFunctions/arm_cmplx_conj_f32.o
LOAD Drivers/CMSIS/DSP_Lib/Source/ComplexMathFunctions/arm_cmplx_conj_q15.o
LOAD Drivers/CMSIS/DSP_Lib/Source/ComplexMathFunctions/arm_cmplx_conj_q31.o
LOAD Drivers/CMSIS/DSP_Lib/Source/ComplexMathFunctions/arm_cmplx_dot_prod_f32.o
LOAD Drivers/CMSIS/DSP_Lib/Source/ComplexMathFunctions/arm_cmplx_dot_prod_q15.o
LOAD Drivers/CMSIS/DSP_Lib/Source/ComplexMathFunctions/arm_cmplx_dot_prod_q31.o
LOAD Drivers/CMSIS/DSP_Lib/Source/ComplexMathFunctions/arm_cmplx_mag_f32.o
LOAD Drivers/CMSIS/DSP_Lib/Source/ComplexMathFunctions/arm_cmplx_mag_q15.o
LOAD Drivers/CMSIS/DSP_Lib/Source/ComplexMathFunctions/arm_cmplx_mag_q31.o
LOAD Drivers/CMSIS/DSP_Lib/Source/ComplexMathFunctions/arm_cmplx_mag_squared_f32.o
LOAD Drivers/CMSIS/DSP_Lib/Source/ComplexMathFunctions/arm_cmplx_mag_squared_q15.o
LOAD Drivers/CMSIS/DSP_Lib/Source/ComplexMathFunctions/arm_cmplx_mag_squared_q31.o
LOAD Drivers/CMSIS/DSP_Lib/Source/ComplexMathFunctions/arm_cmplx_mult_cmplx_f32.o
LOAD Drivers/CMSIS/DSP_Lib/Source/ComplexMathFunctions/arm_cmplx_mult_cmplx_q15.o
LOAD Drivers/CMSIS/DSP_Lib/Source/ComplexMathFunctions/arm_cmplx_mult_cmplx_q31.o
LOAD Drivers/CMSIS/DSP_Lib/Source/ComplexMathFunctions/arm_cmplx_mult_real_f32.o
LOAD Drivers/CMSIS/DSP_Lib/Source/ComplexMathFunctions/arm_cmplx_mult_real_q15.o
LOAD Drivers/CMSIS/DSP_Lib/Source/ComplexMathFunctions/arm_cmplx_mult_real_q31.o
LOAD Drivers/CMSIS/DSP_Lib/Source/ControllerFunctions/arm_pid_init_f32.o
LOAD Drivers/CMSIS/DSP_Lib/Source/ControllerFunctions/arm_pid_init_q15.o
LOAD Drivers/CMSIS/DSP_Lib/Source/ControllerFunctions/arm_pid_init_q31.o
LOAD Drivers/CMSIS/DSP_Lib/Source/ControllerFunctions/arm_pid_reset_f32.o
LOAD Drivers/CMSIS/DSP_Lib/Source/ControllerFunctions/arm_pid_reset_q15.o
LOAD Drivers/CMSIS/DSP_Lib/Source/ControllerFunctions/arm_pid_reset_q31.o
LOAD Drivers/CMSIS/DSP_Lib/Source/ControllerFunctions/arm_sin_cos_f32.o
LOAD Drivers/CMSIS/DSP_Lib/Source/ControllerFunctions/arm_sin_cos_q31.o
LOAD Drivers/CMSIS/DSP_Lib/Source/FastMathFunctions/arm_cos_f32.o
LOAD Drivers/CMSIS/DSP_Lib/Source/FastMathFunctions/arm_cos_q15.o
LOAD Drivers/CMSIS/DSP_Lib/Source/FastMathFunctions/arm_cos_q31.o
LOAD Drivers/CMSIS/DSP_Lib/Source/FastMathFunctions/arm_sin_f32.o
LOAD Drivers/CMSIS/DSP_Lib/Source/FastMathFunctions/arm_sin_q15.o
LOAD Drivers/CMSIS/DSP_Lib/Source/FastMathFunctions/arm_sin_q31.o
LOAD Drivers/CMSIS/DSP_Lib/Source/FastMathFunctions/arm_sqrt_q15.o
LOAD Drivers/CMSIS/DSP_Lib/Source/FastMathFunctions/arm_sqrt_q31.o
LOAD Drivers/CMSIS/DSP_Lib/Source/FilteringFunctions/arm_biquad_cascade_df1_32x64_init_q31.o
LOAD Drivers/CMSIS/DSP_Lib/Source/FilteringFunctions/arm_biquad_cascade_df1_32x64_q31.o
LOAD Drivers/CMSIS/DSP_Lib/Source/FilteringFunctions/arm_biquad_cascade_df1_f32.o
LOAD Drivers/CMSIS/DSP_Lib/Source/FilteringFunctions/arm_biquad_cascade_df1_fast_q15.o
LOAD Drivers/CMSIS/DSP_Lib/Source/FilteringFunctions/arm_biquad_cascade_df1_fast_q31.o
LOAD Drivers/CMSIS/DSP_Lib/Source/FilteringFunctions/arm_biquad_cascade_df1_init_f32.o
LOAD Drivers/CMSIS/DSP_Lib/Source/FilteringFunctions/arm_biquad_cascade_df1_init_q15.o
LOAD Drivers/CMSIS/DSP_Lib/Source/FilteringFunctions/arm_biquad_cascade_df1_init_q31.o
LOAD Drivers/CMSIS/DSP_Lib/Source/FilteringFunctions/arm_biquad_cascade_df1_q15.o
LOAD Drivers/CMSIS/DSP_Lib/Source/FilteringFunctions/arm_biquad_cascade_df1_q31.o
LOAD Drivers/CMSIS/DSP_Lib/Source/FilteringFunctions/arm_biquad_cascade_df2T_f32.o
LOAD Drivers/CMSIS/DSP_Lib/Source/FilteringFunctions/arm_biquad_cascade_df2T_f64.o
LOAD Drivers/CMSIS/DSP_Lib/Source/FilteringFunctions/arm_biquad_cascade_df2T_init_f32.o
LOAD Drivers/CMSIS/DSP_Lib/Source/FilteringFunctions/arm_biquad_cascade_df2T_init_f64.o
LOAD Drivers/CMSIS/DSP_Lib/Source/FilteringFunctions/arm_biquad_cascade_stereo_df2T_f32.o
LOAD Drivers/CMSIS/DSP_Lib/Source/FilteringFunctions/arm_biquad_cascade_stereo_df2T_init_f32.o
LOAD Drivers/CMSIS/DSP_Lib/Source/FilteringFunctions/arm_conv_f32.o
LOAD Drivers/CMSIS/DSP_Lib/Source/FilteringFunctions/arm_conv_fast_opt_q15.o
LOAD Drivers/CMSIS/DSP_Lib/Source/FilteringFunctions/arm_conv_fast_q15.o
LOAD Drivers/CMSIS/DSP_Lib/Source/FilteringFunctions/arm_conv_fast_q31.o
LOAD Drivers/CMSIS/DSP_Lib/Source/FilteringFunctions/arm_conv_opt_q15.o
LOAD Drivers/CMSIS/DSP_Lib/Source/FilteringFunctions/arm_conv_opt_q7.o
LOAD Drivers/CMSIS/DSP_Lib/Source/FilteringFunctions/arm_conv_partial_f32.o
LOAD Drivers/CMSIS/DSP_Lib/Source/FilteringFunctions/arm_conv_partial_fast_opt_q15.o
LOAD Drivers/CMSIS/DSP_Lib/Source/FilteringFunctions/arm_conv_partial_fast_q15.o
LOAD Drivers/CMSIS/DSP_Lib/Source/FilteringFunctions/arm_conv_partial_fast_q31.o
LOAD Drivers/CMSIS/DSP_Lib/Source/FilteringFunctions/arm_conv_partial_opt_q15.o
LOAD Drivers/CMSIS/DSP_Lib/Source/FilteringFunctions/arm_conv_partial_opt_q7.o
LOAD Drivers/CMSIS/DSP_Lib/Source/FilteringFunctions/arm_conv_partial_q15.o
LOAD Drivers/CMSIS/DSP_Lib/Source/FilteringFunctions/arm_conv_partial_q31.o
LOAD Drivers/CMSIS/DSP_Lib/Source/FilteringFunctions/arm_conv_partial_q7.o
LOAD Drivers/CMSIS/DSP_Lib/Source/FilteringFunctions/arm_conv_q15.o
LOAD Drivers/CMSIS/DSP_Lib/Source/FilteringFunctions/arm_conv_q31.o
LOAD Drivers/CMSIS/DSP_Lib/Source/FilteringFunctions/arm_conv_q7.o
LOAD Drivers/CMSIS/DSP_Lib/Source/FilteringFunctions/arm_correlate_f32.o
LOAD Drivers/CMSIS/DSP_Lib/Source/FilteringFunctions/arm_correlate_fast_opt_q15.o
LOAD Drivers/CMSIS/DSP_Lib/Source/FilteringFunctions/arm_correlate_fast_q15.o
LOAD Drivers/CMSIS/DSP_Lib/Source/FilteringFunctions/arm_correlate_fast_q31.o
LOAD Drivers/CMSIS/DSP_Lib/Source/FilteringFunctions/arm_correlate_opt_q15.o
LOAD Drivers/CMSIS/DSP_Lib/Source/FilteringFunctions/arm_correlate_opt_q7.o
LOAD Drivers/CMSIS/DSP_Lib/Source/FilteringFunctions/arm_correlate_q15.o
LOAD Drivers/CMSIS/DSP_Lib/Source/FilteringFunctions/arm_correlate_q31.o
LOAD Drivers/CMSIS/DSP_Lib/Source/FilteringFunctions/arm_correlate_q7.o
LOAD Drivers/CMSIS/DSP_Lib/Source/FilteringFunctions/arm_fir_decimate_f32.o
LOAD Drivers/CMSIS/DSP_Lib/Source/FilteringFunctions/arm_fir_decimate_fast_q15.o
LOAD Drivers/CMSIS/DSP_Lib/Source/FilteringFunctions/arm_fir_decimate_fast_q31.o
LOAD Drivers/CMSIS/DSP_Lib/Source/FilteringFunctions/arm_fir_decimate_init_f32.o
LOAD Drivers/CMSIS/DSP_Lib/Source/FilteringFunctions/arm_fir_decimate_init_q15.o
LOAD Drivers/CMSIS/DSP_Lib/Source/FilteringFunctions/arm_fir_decimate_init_q31.o
LOAD Drivers/CMSIS/DSP_Lib/Source/FilteringFunctions/arm_fir_decimate_q15.o
LOAD Drivers/CMSIS/DSP_Lib/Source/FilteringFunctions/arm_fir_decimate_q31.o
LOAD Drivers/CMSIS/DSP_Lib/Source/FilteringFunctions/arm_fir_f32.o
LOAD Drivers/CMSIS/DSP_Lib/Source/FilteringFunctions/arm_fir_fast_q15.o
LOAD Drivers/CMSIS/DSP_Lib/Source/FilteringFunctions/arm_fir_fast_q31.o
LOAD Drivers/CMSIS/DSP_Lib/Source/FilteringFunctions/arm_fir_init_f32.o
LOAD Drivers/CMSIS/DSP_Lib/Source/FilteringFunctions/arm_fir_init_q15.o
LOAD Drivers/CMSIS/DSP_Lib/Source/FilteringFunctions/arm_fir_init_q31.o
LOAD Drivers/CMSIS/DSP_Lib/Source/FilteringFunctions/arm_fir_init_q7.o
LOAD Drivers/CMSIS/DSP_Lib/Source/FilteringFunctions/arm_fir_interpolate_f32.o
LOAD Drivers/CMSIS/DSP_Lib/Source/FilteringFunctions/arm_fir_interpolate_init_f32.o
LOAD Drivers/CMSIS/DSP_Lib/Source/FilteringFunctions/arm_fir_interpolate_init_q15.o
LOAD Drivers/CMSIS/DSP_Lib/Source/FilteringFunctions/arm_fir_interpolate_init_q31.o
LOAD Drivers/CMSIS/DSP_Lib/Source/FilteringFunctions/arm_fir_interpolate_q15.o
LOAD Drivers/CMSIS/DSP_Lib/Source/FilteringFunctions/arm_fir_interpolate_q31.o
LOAD Drivers/CMSIS/DSP_Lib/Source/FilteringFunctions/arm_fir_lattice_f32.o
LOAD Drivers/CMSIS/DSP_Lib/Source/FilteringFunctions/arm_fir_lattice_init_f32.o
LOAD Drivers/CMSIS/DSP_Lib/Source/FilteringFunctions/arm_fir_lattice_init_q15.o
LOAD Drivers/CMSIS/DSP_Lib/Source/FilteringFunctions/arm_fir_lattice_init_q31.o
LOAD Drivers/CMSIS/DSP_Lib/Source/FilteringFunctions/arm_fir_lattice_q15.o
LOAD Drivers/CMSIS/DSP_Lib/Source/FilteringFunctions/arm_fir_lattice_q31.o
LOAD Drivers/CMSIS/DSP_Lib/Source/FilteringFunctions/arm_fir_q15.o
LOAD Drivers/CMSIS/DSP_Lib/Source/FilteringFunctions/arm_fir_q31.o
LOAD Drivers/CMSIS/DSP_Lib/Source/FilteringFunctions/arm_fir_q7.o
LOAD Drivers/CMSIS/DSP_Lib/Source/FilteringFunctions/arm_fir_sparse_f32.o
LOAD Drivers/CMSIS/DSP_Lib/Source/FilteringFunctions/arm_fir_sparse_init_f32.o
LOAD Drivers/CMSIS/DSP_Lib/Source/FilteringFunctions/arm_fir_sparse_init_q15.o
LOAD Drivers/CMSIS/DSP_Lib/Source/FilteringFunctions/arm_fir_sparse_init_q31.o
LOAD Drivers/CMSIS/DSP_Lib/Source/FilteringFunctions/arm_fir_sparse_init_q7.o
LOAD Drivers/CMSIS/DSP_Lib/Source/FilteringFunctions/arm_fir_sparse_q15.o
LOAD Drivers/CMSIS/DSP_Lib/Source/FilteringFunctions/arm_fir_sparse_q31.o
LOAD Drivers/CMSIS/DSP_Lib/Source/FilteringFunctions/arm_fir_sparse_q7.o
LOAD Drivers/CMSIS/DSP_Lib/Source/FilteringFunctions/arm_iir_lattice_f32.o
LOAD Drivers/CMSIS/DSP_Lib/Source/FilteringFunctions/arm_iir_lattice_init_f32.o
LOAD Drivers/CMSIS/DSP_Lib/Source/FilteringFunctions/arm_iir_lattice_init_q15.o
LOAD Drivers/CMSIS/DSP_Lib/Source/FilteringFunctions/arm_iir_lattice_init_q31.o
LOAD Drivers/CMSIS/DSP_Lib/Source/FilteringFunctions/arm_iir_lattice_q15.o
LOAD Drivers/CMSIS/DSP_Lib/Source/FilteringFunctions/arm_iir_lattice_q31.o
LOAD Drivers/CMSIS/DSP_Lib/Source/FilteringFunctions/arm_lms_f32.o
LOAD Drivers/CMSIS/DSP_Lib/Source/FilteringFunctions/arm_lms_init_f32.o
LOAD Drivers/CMSIS/DSP_Lib/Source/FilteringFunctions/arm_lms_init_q15.o
LOAD Drivers/CMSIS/DSP_Lib/Source/FilteringFunctions/arm_lms_init_q31.o
LOAD Drivers/CMSIS/DSP_Lib/Source/FilteringFunctions/arm_lms_norm_f32.o
LOAD Drivers/CMSIS/DSP_Lib/Source/FilteringFunctions/arm_lms_norm_init_f32.o
LOAD Drivers/CMSIS/DSP_Lib/Source/FilteringFunctions/arm_lms_norm_init_q15.o
LOAD Drivers/CMSIS/DSP_Lib/Source/FilteringFunctions/arm_lms_norm_init_q31.o
LOAD Drivers/CMSIS/DSP_Lib/Source/FilteringFunctions/arm_lms_norm_q15.o
LOAD Drivers/CMSIS/DSP_Lib/Source/FilteringFunctions/arm_lms_norm_q31.o
LOAD Drivers/CMSIS/DSP_Lib/Source/FilteringFunctions/arm_lms_q15.o
LOAD Drivers/CMSIS/DSP_Lib/Source/FilteringFunctions/arm_lms_q31.o
LOAD Drivers/CMSIS/DSP_Lib/Source/MatrixFunctions/arm_mat_add_f32.o
LOAD Drivers/CMSIS/DSP_Lib/Source/MatrixFunctions/arm_mat_add_q15.o
LOAD Drivers/CMSIS/DSP_Lib/Source/MatrixFunctions/arm_mat_add_q31.o
LOAD Drivers/CMSIS/DSP_Lib/Source/MatrixFunctions/arm_mat_cmplx_mult_f32.o
LOAD Drivers/CMSIS/DSP_Lib/Source/MatrixFunctions/arm_mat_cmplx_mult_q15.o
LOAD Drivers/CMSIS/DSP_Lib/Source/MatrixFunctions/arm_mat_cmplx_mult_q31.o
LOAD Drivers/CMSIS/DSP_Lib/Source/MatrixFunctions/arm_mat_init_f32.o
LOAD Drivers/CMSIS/DSP_Lib/Source/MatrixFunctions/arm_mat_init_q15.o
LOAD Drivers/CMSIS/DSP_Lib/Source/MatrixFunctions/arm_mat_init_q31.o
LOAD Drivers/CMSIS/DSP_Lib/Source/MatrixFunctions/arm_mat_inverse_f32.o
LOAD Drivers/CMSIS/DSP_Lib/Source/MatrixFunctions/arm_mat_inverse_f64.o
LOAD Drivers/CMSIS/DSP_Lib/Source/MatrixFunctions/arm_mat_mult_f32.o
LOAD Drivers/CMSIS/DSP_Lib/Source/MatrixFunctions/arm_mat_mult_fast_q15.o
LOAD Drivers/CMSIS/DSP_Lib/Source/MatrixFunctions/arm_mat_mult_fast_q31.o
LOAD Drivers/CMSIS/DSP_Lib/Source/MatrixFunctions/arm_mat_mult_q15.o
LOAD Drivers/CMSIS/DSP_Lib/Source/MatrixFunctions/arm_mat_mult_q31.o
LOAD Drivers/CMSIS/DSP_Lib/Source/MatrixFunctions/arm_mat_scale_f32.o
LOAD Drivers/CMSIS/DSP_Lib/Source/MatrixFunctions/arm_mat_scale_q15.o
LOAD Drivers/CMSIS/DSP_Lib/Source/MatrixFunctions/arm_mat_scale_q31.o
LOAD Drivers/CMSIS/DSP_Lib/Source/MatrixFunctions/arm_mat_sub_f32.o
LOAD Drivers/CMSIS/DSP_Lib/Source/MatrixFunctions/arm_mat_sub_q15.o
LOAD Drivers/CMSIS/DSP_Lib/Source/MatrixFunctions/arm_mat_sub_q31.o
LOAD Drivers/CMSIS/DSP_Lib/Source/MatrixFunctions/arm_mat_trans_f32.o
LOAD Drivers/CMSIS/DSP_Lib/Source/MatrixFunctions/arm_mat_trans_q15.o
LOAD Drivers/CMSIS/DSP_Lib/Source/MatrixFunctions/arm_mat_trans_q31.o
LOAD Drivers/CMSIS/DSP_Lib/Source/StatisticsFunctions/arm_max_f32.o
LOAD Drivers/CMSIS/DSP_Lib/Source/StatisticsFunctions/arm_max_q15.o
LOAD Drivers/CMSIS/DSP_Lib/Source/StatisticsFunctions/arm_max_q31.o
LOAD Drivers/CMSIS/DSP_Lib/Source/StatisticsFunctions/arm_max_q7.o
LOAD Drivers/CMSIS/DSP_Lib/Source/StatisticsFunctions/arm_mean_f32.o
LOAD Drivers/CMSIS/DSP_Lib/Source/StatisticsFunctions/arm_mean_q15.o
LOAD Drivers/CMSIS/DSP_Lib/Source/StatisticsFunctions/arm_mean_q31.o
LOAD Drivers/CMSIS/DSP_Lib/Source/StatisticsFunctions/arm_mean_q7.o
LOAD Drivers/CMSIS/DSP_Lib/Source/StatisticsFunctions/arm_min_f32.o
LOAD Drivers/CMSIS/DSP_Lib/Source/StatisticsFunctions/arm_min_q15.o
LOAD Drivers/CMSIS/DSP_Lib/Source/StatisticsFunctions/arm_min_q31.o
LOAD Drivers/CMSIS/DSP_Lib/Source/StatisticsFunctions/arm_min_q7.o
LOAD Drivers/CMSIS/DSP_Lib/Source/StatisticsFunctions/arm_power_f32.o
LOAD Drivers/CMSIS/DSP_Lib/Source/StatisticsFunctions/arm_power_q15.o
LOAD Drivers/CMSIS/DSP_Lib/Source/StatisticsFunctions/arm_power_q31.o
LOAD Drivers/CMSIS/DSP_Lib/Source/StatisticsFunctions/arm_power_q7.o
LOAD Drivers/CMSIS/DSP_Lib/Source/StatisticsFunctions/arm_rms_f32.o
LOAD Drivers/CMSIS/DSP_Lib/Source/StatisticsFunctions/arm_rms_q15.o
LOAD Drivers/CMSIS/DSP_Lib/Source/StatisticsFunctions/arm_rms_q31.o
LOAD Drivers/CMSIS/DSP_Lib/Source/StatisticsFunctions/arm_std_f32.o
LOAD Drivers/CMSIS/DSP_Lib/Source/StatisticsFunctions/arm_std_q15.o
LOAD Drivers/CMSIS/DSP_Lib/Source/StatisticsFunctions/arm_std_q31.o
LOAD Drivers/CMSIS/DSP_Lib/Source/StatisticsFunctions/arm_var_f32.o
LOAD Drivers/CMSIS/DSP_Lib/Source/StatisticsFunctions/arm_var_q15.o
LOAD Drivers/CMSIS/DSP_Lib/Source/StatisticsFunctions/arm_var_q31.o
LOAD Drivers/CMSIS/DSP_Lib/Source/SupportFunctions/arm_copy_f32.o
LOAD Drivers/CMSIS/DSP_Lib/Source/SupportFunctions/arm_copy_q15.o
LOAD Drivers/CMSIS/DSP_Lib/Source/SupportFunctions/arm_copy_q31.o
LOAD Drivers/CMSIS/DSP_Lib/Source/SupportFunctions/arm_copy_q7.o
LOAD Drivers/CMSIS/DSP_Lib/Source/SupportFunctions/arm_fill_f32.o
LOAD Drivers/CMSIS/DSP_Lib/Source/SupportFunctions/arm_fill_q15.o
LOAD Drivers/CMSIS/DSP_Lib/Source/SupportFunctions/arm_fill_q31.o
LOAD Drivers/CMSIS/DSP_Lib/Source/SupportFunctions/arm_fill_q7.o
LOAD Drivers/CMSIS/DSP_Lib/Source/SupportFunctions/arm_float_to_q15.o
LOAD Drivers/CMSIS/DSP_Lib/Source/SupportFunctions/arm_float_to_q31.o
LOAD Drivers/CMSIS/DSP_Lib/Source/SupportFunctions/arm_float_to_q7.o
LOAD Drivers/CMSIS/DSP_Lib/Source/SupportFunctions/arm_q15_to_float.o
LOAD Drivers/CMSIS/DSP_Lib/Source/SupportFunctions/arm_q15_to_q31.o
LOAD Drivers/CMSIS/DSP_Lib/Source/SupportFunctions/arm_q15_to_q7.o
LOAD Drivers/CMSIS/DSP_Lib/Source/SupportFunctions/arm_q31_to_float.o
LOAD Drivers/CMSIS/DSP_Lib/Source/SupportFunctions/arm_q31_to_q15.o
LOAD Drivers/CMSIS/DSP_Lib/Source/SupportFunctions/arm_q31_to_q7.o
LOAD Drivers/CMSIS/DSP_Lib/Source/SupportFunctions/arm_q7_to_float.o
LOAD Drivers/CMSIS/DSP_Lib/Source/SupportFunctions/arm_q7_to_q15.o
LOAD Drivers/CMSIS/DSP_Lib/Source/SupportFunctions/arm_q7_to_q31.o
LOAD Drivers/CMSIS/DSP_Lib/Source/TransformFunctions/arm_bitreversal.o
LOAD Drivers/CMSIS/DSP_Lib/Source/TransformFunctions/arm_bitreversal2.o
LOAD Drivers/CMSIS/DSP_Lib/Source/TransformFunctions/arm_cfft_f32.o
LOAD Drivers/CMSIS/DSP_Lib/Source/TransformFunctions/arm_cfft_q15.o
LOAD Drivers/CMSIS/DSP_Lib/Source/TransformFunctions/arm_cfft_q31.o
LOAD Drivers/CMSIS/DSP_Lib/Source/TransformFunctions/arm_cfft_radix2_f32.o
LOAD Drivers/CMSIS/DSP_Lib/Source/TransformFunctions/arm_cfft_radix2_init_f32.o
LOAD Drivers/CMSIS/DSP_Lib/Source/TransformFunctions/arm_cfft_radix2_init_q15.o
LOAD Drivers/CMSIS/DSP_Lib/Source/TransformFunctions/arm_cfft_radix2_init_q31.o
LOAD Drivers/CMSIS/DSP_Lib/Source/TransformFunctions/arm_cfft_radix2_q15.o
LOAD Drivers/CMSIS/DSP_Lib/Source/TransformFunctions/arm_cfft_radix2_q31.o
LOAD Drivers/CMSIS/DSP_Lib/Source/TransformFunctions/arm_cfft_radix4_f32.o
LOAD Drivers/CMSIS/DSP_Lib/Source/TransformFunctions/arm_cfft_radix4_init_f32.o
LOAD Drivers/CMSIS/DSP_Lib/Source/TransformFunctions/arm_cfft_radix4_init_q15.o
LOAD Drivers/CMSIS/DSP_Lib/Source/TransformFunctions/arm_cfft_radix4_init_q31.o
LOAD Drivers/CMSIS/DSP_Lib/Source/TransformFunctions/arm_cfft_radix4_q15.o
LOAD Drivers/CMSIS/DSP_Lib/Source/TransformFunctions/arm_cfft_radix4_q31.o
LOAD Drivers/CMSIS/DSP_Lib/Source/TransformFunctions/arm_cfft_radix8_f32.o
LOAD Drivers/CMSIS/DSP_Lib/Source/TransformFunctions/arm_dct4_f32.o
LOAD Drivers/CMSIS/DSP_Lib/Source/TransformFunctions/arm_dct4_init_f32.o
LOAD Drivers/CMSIS/DSP_Lib/Source/TransformFunctions/arm_dct4_init_q15.o
LOAD Drivers/CMSIS/DSP_Lib/Source/TransformFunctions/arm_dct4_init_q31.o
LOAD Drivers/CMSIS/DSP_Lib/Source/TransformFunctions/arm_dct4_q15.o
LOAD Drivers/CMSIS/DSP_Lib/Source/TransformFunctions/arm_dct4_q31.o
LOAD Drivers/CMSIS/DSP_Lib/Source/TransformFunctions/arm_rfft_f32.o
LOAD Drivers/CMSIS/DSP_Lib/Source/TransformFunctions/arm_rfft_fast_f32.o
LOAD Drivers/CMSIS/DSP_Lib/Source/TransformFunctions/arm_rfft_fast_init_f32.o
LOAD Drivers/CMSIS/DSP_Lib/Source/TransformFunctions/arm_rfft_init_f32.o
LOAD Drivers/CMSIS/DSP_Lib/Source/TransformFunctions/arm_rfft_init_q15.o
LOAD Drivers/CMSIS/DSP_Lib/Source/TransformFunctions/arm_rfft_init_q31.o
LOAD Drivers/CMSIS/DSP_Lib/Source/TransformFunctions/arm_rfft_q15.o
LOAD Drivers/CMSIS/DSP_Lib/Source/TransformFunctions/arm_rfft_q31.o
LOAD Drivers/FATFS/source/diskio.o
LOAD Drivers/FATFS/source/ff.o
LOAD Drivers/FATFS/source/ffsystem.o
LOAD Drivers/FATFS/source/ffunicode.o
START GROUP
LOAD c:/stm/stm32cubeide_1.3.0/stm32cubeide/plugins/com.st.stm32cube.ide.mcu.externaltools.gnu-tools-for-stm32.7-2018-q2-update.win32_1.0.0.201904181610/tools/bin/../lib/gcc/arm-none-eabi/7.3.1/../../../../arm-none-eabi/lib/thumb/v7e-m/fpv4-sp/hard\libc_nano.a
LOAD c:/stm/stm32cubeide_1.3.0/stm32cubeide/plugins/com.st.stm32cube.ide.mcu.externaltools.gnu-tools-for-stm32.7-2018-q2-update.win32_1.0.0.201904181610/tools/bin/../lib/gcc/arm-none-eabi/7.3.1/../../../../arm-none-eabi/lib/thumb/v7e-m/fpv4-sp/hard\libm.a
END GROUP
START GROUP
LOAD c:/stm/stm32cubeide_1.3.0/stm32cubeide/plugins/com.st.stm32cube.ide.mcu.externaltools.gnu-tools-for-stm32.7-2018-q2-update.win32_1.0.0.201904181610/tools/bin/../lib/gcc/arm-none-eabi/7.3.1/thumb/v7e-m/fpv4-sp/hard\libgcc.a
LOAD c:/stm/stm32cubeide_1.3.0/stm32cubeide/plugins/com.st.stm32cube.ide.mcu.externaltools.gnu-tools-for-stm32.7-2018-q2-update.win32_1.0.0.201904181610/tools/bin/../lib/gcc/arm-none-eabi/7.3.1/../../../../arm-none-eabi/lib/thumb/v7e-m/fpv4-sp/hard\libc_nano.a
END GROUP
START GROUP
LOAD c:/stm/stm32cubeide_1.3.0/stm32cubeide/plugins/com.st.stm32cube.ide.mcu.externaltools.gnu-tools-for-stm32.7-2018-q2-update.win32_1.0.0.201904181610/tools/bin/../lib/gcc/arm-none-eabi/7.3.1/thumb/v7e-m/fpv4-sp/hard\libgcc.a
LOAD c:/stm/stm32cubeide_1.3.0/stm32cubeide/plugins/com.st.stm32cube.ide.mcu.externaltools.gnu-tools-for-stm32.7-2018-q2-update.win32_1.0.0.201904181610/tools/bin/../lib/gcc/arm-none-eabi/7.3.1/../../../../arm-none-eabi/lib/thumb/v7e-m/fpv4-sp/hard\libc_nano.a
LOAD c:/stm/stm32cubeide_1.3.0/stm32cubeide/plugins/com.st.stm32cube.ide.mcu.externaltools.gnu-tools-for-stm32.7-2018-q2-update.win32_1.0.0.201904181610/tools/bin/../lib/gcc/arm-none-eabi/7.3.1/../../../../arm-none-eabi/lib/thumb/v7e-m/fpv4-sp/hard\libnosys.a
END GROUP
START GROUP
LOAD c:/stm/stm32cubeide_1.3.0/stm32cubeide/plugins/com.st.stm32cube.ide.mcu.externaltools.gnu-tools-for-stm32.7-2018-q2-update.win32_1.0.0.201904181610/tools/bin/../lib/gcc/arm-none-eabi/7.3.1/thumb/v7e-m/fpv4-sp/hard\libgcc.a
LOAD c:/stm/stm32cubeide_1.3.0/stm32cubeide/plugins/com.st.stm32cube.ide.mcu.externaltools.gnu-tools-for-stm32.7-2018-q2-update.win32_1.0.0.201904181610/tools/bin/../lib/gcc/arm-none-eabi/7.3.1/../../../../arm-none-eabi/lib/thumb/v7e-m/fpv4-sp/hard\libc_nano.a
LOAD c:/stm/stm32cubeide_1.3.0/stm32cubeide/plugins/com.st.stm32cube.ide.mcu.externaltools.gnu-tools-for-stm32.7-2018-q2-update.win32_1.0.0.201904181610/tools/bin/../lib/gcc/arm-none-eabi/7.3.1/../../../../arm-none-eabi/lib/thumb/v7e-m/fpv4-sp/hard\libnosys.a
END GROUP
LOAD c:/stm/stm32cubeide_1.3.0/stm32cubeide/plugins/com.st.stm32cube.ide.mcu.externaltools.gnu-tools-for-stm32.7-2018-q2-update.win32_1.0.0.201904181610/tools/bin/../lib/gcc/arm-none-eabi/7.3.1/thumb/v7e-m/fpv4-sp/hard/crtend.o
LOAD c:/stm/stm32cubeide_1.3.0/stm32cubeide/plugins/com.st.stm32cube.ide.mcu.externaltools.gnu-tools-for-stm32.7-2018-q2-update.win32_1.0.0.201904181610/tools/bin/../lib/gcc/arm-none-eabi/7.3.1/thumb/v7e-m/fpv4-sp/hard/crtn.o
                0x0000000020050000                _estack = (ORIGIN (RAM) + LENGTH (RAM))
                0x0000000000000200                _Min_Heap_Size = 0x200
                0x0000000000000400                _Min_Stack_Size = 0x400

.isr_vector     0x0000000008000000        0x0
                0x0000000008000000                . = ALIGN (0x4)
 *(.isr_vector)
                0x0000000008000000                . = ALIGN (0x4)

.text           0x0000000008000000     0x2400
                0x0000000008000000                . = ALIGN (0x4)
 *(.text)
 .text          0x0000000008000000       0x40 c:/stm/stm32cubeide_1.3.0/stm32cubeide/plugins/com.st.stm32cube.ide.mcu.externaltools.gnu-tools-for-stm32.7-2018-q2-update.win32_1.0.0.201904181610/tools/bin/../lib/gcc/arm-none-eabi/7.3.1/thumb/v7e-m/fpv4-sp/hard/crtbegin.o
 .text          0x0000000008000040       0x10 c:/stm/stm32cubeide_1.3.0/stm32cubeide/plugins/com.st.stm32cube.ide.mcu.externaltools.gnu-tools-for-stm32.7-2018-q2-update.win32_1.0.0.201904181610/tools/bin/../lib/gcc/arm-none-eabi/7.3.1/../../../../arm-none-eabi/lib/thumb/v7e-m/fpv4-sp/hard\libc_nano.a(lib_a-strlen.o)
                0x0000000008000040                strlen
 .text          0x0000000008000050      0x378 c:/stm/stm32cubeide_1.3.0/stm32cubeide/plugins/com.st.stm32cube.ide.mcu.externaltools.gnu-tools-for-stm32.7-2018-q2-update.win32_1.0.0.201904181610/tools/bin/../lib/gcc/arm-none-eabi/7.3.1/thumb/v7e-m/fpv4-sp/hard\libgcc.a(_arm_addsubdf3.o)
                0x0000000008000050                __aeabi_drsub
                0x0000000008000058                __aeabi_dsub
                0x0000000008000058                __subdf3
                0x000000000800005c                __aeabi_dadd
                0x000000000800005c                __adddf3
                0x00000000080002d4                __floatunsidf
                0x00000000080002d4                __aeabi_ui2d
                0x00000000080002f4                __floatsidf
                0x00000000080002f4                __aeabi_i2d
                0x0000000008000318                __aeabi_f2d
                0x0000000008000318                __extendsfdf2
                0x000000000800035c                __floatundidf
                0x000000000800035c                __aeabi_ul2d
                0x000000000800036c                __floatdidf
                0x000000000800036c                __aeabi_l2d
 .text          0x00000000080003c8      0x424 c:/stm/stm32cubeide_1.3.0/stm32cubeide/plugins/com.st.stm32cube.ide.mcu.externaltools.gnu-tools-for-stm32.7-2018-q2-update.win32_1.0.0.201904181610/tools/bin/../lib/gcc/arm-none-eabi/7.3.1/thumb/v7e-m/fpv4-sp/hard\libgcc.a(_arm_muldivdf3.o)
                0x00000000080003c8                __aeabi_dmul
                0x00000000080003c8                __muldf3
                0x000000000800061c                __divdf3
                0x000000000800061c                __aeabi_ddiv
 .text          0x00000000080007ec      0x110 c:/stm/stm32cubeide_1.3.0/stm32cubeide/plugins/com.st.stm32cube.ide.mcu.externaltools.gnu-tools-for-stm32.7-2018-q2-update.win32_1.0.0.201904181610/tools/bin/../lib/gcc/arm-none-eabi/7.3.1/thumb/v7e-m/fpv4-sp/hard\libgcc.a(_arm_cmpdf2.o)
                0x00000000080007ec                __gtdf2
                0x00000000080007ec                __gedf2
                0x00000000080007f4                __ltdf2
                0x00000000080007f4                __ledf2
                0x00000000080007fc                __nedf2
                0x00000000080007fc                __eqdf2
                0x00000000080007fc                __cmpdf2
                0x0000000008000878                __aeabi_cdrcmple
                0x0000000008000888                __aeabi_cdcmpeq
                0x0000000008000888                __aeabi_cdcmple
                0x0000000008000898                __aeabi_dcmpeq
                0x00000000080008ac                __aeabi_dcmplt
                0x00000000080008c0                __aeabi_dcmple
                0x00000000080008d4                __aeabi_dcmpge
                0x00000000080008e8                __aeabi_dcmpgt
 .text          0x00000000080008fc       0x2c c:/stm/stm32cubeide_1.3.0/stm32cubeide/plugins/com.st.stm32cube.ide.mcu.externaltools.gnu-tools-for-stm32.7-2018-q2-update.win32_1.0.0.201904181610/tools/bin/../lib/gcc/arm-none-eabi/7.3.1/thumb/v7e-m/fpv4-sp/hard\libgcc.a(_arm_unorddf2.o)
                0x00000000080008fc                __unorddf2
                0x00000000080008fc                __aeabi_dcmpun
 .text          0x0000000008000928       0x50 c:/stm/stm32cubeide_1.3.0/stm32cubeide/plugins/com.st.stm32cube.ide.mcu.externaltools.gnu-tools-for-stm32.7-2018-q2-update.win32_1.0.0.201904181610/tools/bin/../lib/gcc/arm-none-eabi/7.3.1/thumb/v7e-m/fpv4-sp/hard\libgcc.a(_arm_fixdfsi.o)
                0x0000000008000928                __aeabi_d2iz
                0x0000000008000928                __fixdfsi
 *(.text*)
 .text.__ascii_mbtowc
                0x0000000008000978       0x24 c:/stm/stm32cubeide_1.3.0/stm32cubeide/plugins/com.st.stm32cube.ide.mcu.externaltools.gnu-tools-for-stm32.7-2018-q2-update.win32_1.0.0.201904181610/tools/bin/../lib/gcc/arm-none-eabi/7.3.1/../../../../arm-none-eabi/lib/thumb/v7e-m/fpv4-sp/hard\libc_nano.a(lib_a-mbtowc_r.o)
                0x0000000008000978                __ascii_mbtowc
 .text.memset   0x000000000800099c       0x10 c:/stm/stm32cubeide_1.3.0/stm32cubeide/plugins/com.st.stm32cube.ide.mcu.externaltools.gnu-tools-for-stm32.7-2018-q2-update.win32_1.0.0.201904181610/tools/bin/../lib/gcc/arm-none-eabi/7.3.1/../../../../arm-none-eabi/lib/thumb/v7e-m/fpv4-sp/hard\libc_nano.a(lib_a-memset.o)
                0x000000000800099c                memset
 .text.__cvt    0x00000000080009ac       0xc2 c:/stm/stm32cubeide_1.3.0/stm32cubeide/plugins/com.st.stm32cube.ide.mcu.externaltools.gnu-tools-for-stm32.7-2018-q2-update.win32_1.0.0.201904181610/tools/bin/../lib/gcc/arm-none-eabi/7.3.1/../../../../arm-none-eabi/lib/thumb/v7e-m/fpv4-sp/hard\libc_nano.a(lib_a-nano-vfprintf_float.o)
                0x00000000080009ac                __cvt
 .text.__exponent
                0x0000000008000a6e       0x66 c:/stm/stm32cubeide_1.3.0/stm32cubeide/plugins/com.st.stm32cube.ide.mcu.externaltools.gnu-tools-for-stm32.7-2018-q2-update.win32_1.0.0.201904181610/tools/bin/../lib/gcc/arm-none-eabi/7.3.1/../../../../arm-none-eabi/lib/thumb/v7e-m/fpv4-sp/hard\libc_nano.a(lib_a-nano-vfprintf_float.o)
                0x0000000008000a6e                __exponent
 .text._printf_float
                0x0000000008000ad4      0x480 c:/stm/stm32cubeide_1.3.0/stm32cubeide/plugins/com.st.stm32cube.ide.mcu.externaltools.gnu-tools-for-stm32.7-2018-q2-update.win32_1.0.0.201904181610/tools/bin/../lib/gcc/arm-none-eabi/7.3.1/../../../../arm-none-eabi/lib/thumb/v7e-m/fpv4-sp/hard\libc_nano.a(lib_a-nano-vfprintf_float.o)
                0x0000000008000ad4                _printf_float
 .text._printf_common
                0x0000000008000f54       0xea c:/stm/stm32cubeide_1.3.0/stm32cubeide/plugins/com.st.stm32cube.ide.mcu.externaltools.gnu-tools-for-stm32.7-2018-q2-update.win32_1.0.0.201904181610/tools/bin/../lib/gcc/arm-none-eabi/7.3.1/../../../../arm-none-eabi/lib/thumb/v7e-m/fpv4-sp/hard\libc_nano.a(lib_a-nano-vfprintf_i.o)
                0x0000000008000f54                _printf_common
 .text.__ascii_wctomb
                0x000000000800103e       0x1a c:/stm/stm32cubeide_1.3.0/stm32cubeide/plugins/com.st.stm32cube.ide.mcu.externaltools.gnu-tools-for-stm32.7-2018-q2-update.win32_1.0.0.201904181610/tools/bin/../lib/gcc/arm-none-eabi/7.3.1/../../../../arm-none-eabi/lib/thumb/v7e-m/fpv4-sp/hard\libc_nano.a(lib_a-wctomb_r.o)
                0x000000000800103e                __ascii_wctomb
 .text.quorem   0x0000000008001058      0x118 c:/stm/stm32cubeide_1.3.0/stm32cubeide/plugins/com.st.stm32cube.ide.mcu.externaltools.gnu-tools-for-stm32.7-2018-q2-update.win32_1.0.0.201904181610/tools/bin/../lib/gcc/arm-none-eabi/7.3.1/../../../../arm-none-eabi/lib/thumb/v7e-m/fpv4-sp/hard\libc_nano.a(lib_a-dtoa.o)
 .text._dtoa_r  0x0000000008001170      0xb70 c:/stm/stm32cubeide_1.3.0/stm32cubeide/plugins/com.st.stm32cube.ide.mcu.externaltools.gnu-tools-for-stm32.7-2018-q2-update.win32_1.0.0.201904181610/tools/bin/../lib/gcc/arm-none-eabi/7.3.1/../../../../arm-none-eabi/lib/thumb/v7e-m/fpv4-sp/hard\libc_nano.a(lib_a-dtoa.o)
                0x0000000008001170                _dtoa_r
 .text._localeconv_r
                0x0000000008001ce0       0x1c c:/stm/stm32cubeide_1.3.0/stm32cubeide/plugins/com.st.stm32cube.ide.mcu.externaltools.gnu-tools-for-stm32.7-2018-q2-update.win32_1.0.0.201904181610/tools/bin/../lib/gcc/arm-none-eabi/7.3.1/../../../../arm-none-eabi/lib/thumb/v7e-m/fpv4-sp/hard\libc_nano.a(lib_a-localeconv.o)
                0x0000000008001ce0                _localeconv_r
 .text.malloc   0x0000000008001cfc       0x10 c:/stm/stm32cubeide_1.3.0/stm32cubeide/plugins/com.st.stm32cube.ide.mcu.externaltools.gnu-tools-for-stm32.7-2018-q2-update.win32_1.0.0.201904181610/tools/bin/../lib/gcc/arm-none-eabi/7.3.1/../../../../arm-none-eabi/lib/thumb/v7e-m/fpv4-sp/hard\libc_nano.a(lib_a-malloc.o)
                0x0000000008001cfc                malloc
 .text.memcpy   0x0000000008001d0c       0x16 c:/stm/stm32cubeide_1.3.0/stm32cubeide/plugins/com.st.stm32cube.ide.mcu.externaltools.gnu-tools-for-stm32.7-2018-q2-update.win32_1.0.0.201904181610/tools/bin/../lib/gcc/arm-none-eabi/7.3.1/../../../../arm-none-eabi/lib/thumb/v7e-m/fpv4-sp/hard\libc_nano.a(lib_a-memcpy-stub.o)
                0x0000000008001d0c                memcpy
 .text._Balloc  0x0000000008001d22       0x68 c:/stm/stm32cubeide_1.3.0/stm32cubeide/plugins/com.st.stm32cube.ide.mcu.externaltools.gnu-tools-for-stm32.7-2018-q2-update.win32_1.0.0.201904181610/tools/bin/../lib/gcc/arm-none-eabi/7.3.1/../../../../arm-none-eabi/lib/thumb/v7e-m/fpv4-sp/hard\libc_nano.a(lib_a-mprec.o)
                0x0000000008001d22                _Balloc
 .text._Bfree   0x0000000008001d8a       0x2e c:/stm/stm32cubeide_1.3.0/stm32cubeide/plugins/com.st.stm32cube.ide.mcu.externaltools.gnu-tools-for-stm32.7-2018-q2-update.win32_1.0.0.201904181610/tools/bin/../lib/gcc/arm-none-eabi/7.3.1/../../../../arm-none-eabi/lib/thumb/v7e-m/fpv4-sp/hard\libc_nano.a(lib_a-mprec.o)
                0x0000000008001d8a                _Bfree
 .text.__multadd
                0x0000000008001db8       0x76 c:/stm/stm32cubeide_1.3.0/stm32cubeide/plugins/com.st.stm32cube.ide.mcu.externaltools.gnu-tools-for-stm32.7-2018-q2-update.win32_1.0.0.201904181610/tools/bin/../lib/gcc/arm-none-eabi/7.3.1/../../../../arm-none-eabi/lib/thumb/v7e-m/fpv4-sp/hard\libc_nano.a(lib_a-mprec.o)
                0x0000000008001db8                __multadd
 .text.__hi0bits
                0x0000000008001e2e       0x3e c:/stm/stm32cubeide_1.3.0/stm32cubeide/plugins/com.st.stm32cube.ide.mcu.externaltools.gnu-tools-for-stm32.7-2018-q2-update.win32_1.0.0.201904181610/tools/bin/../lib/gcc/arm-none-eabi/7.3.1/../../../../arm-none-eabi/lib/thumb/v7e-m/fpv4-sp/hard\libc_nano.a(lib_a-mprec.o)
                0x0000000008001e2e                __hi0bits
 .text.__lo0bits
                0x0000000008001e6c       0x5e c:/stm/stm32cubeide_1.3.0/stm32cubeide/plugins/com.st.stm32cube.ide.mcu.externaltools.gnu-tools-for-stm32.7-2018-q2-update.win32_1.0.0.201904181610/tools/bin/../lib/gcc/arm-none-eabi/7.3.1/../../../../arm-none-eabi/lib/thumb/v7e-m/fpv4-sp/hard\libc_nano.a(lib_a-mprec.o)
                0x0000000008001e6c                __lo0bits
 .text.__i2b    0x0000000008001eca       0x12 c:/stm/stm32cubeide_1.3.0/stm32cubeide/plugins/com.st.stm32cube.ide.mcu.externaltools.gnu-tools-for-stm32.7-2018-q2-update.win32_1.0.0.201904181610/tools/bin/../lib/gcc/arm-none-eabi/7.3.1/../../../../arm-none-eabi/lib/thumb/v7e-m/fpv4-sp/hard\libc_nano.a(lib_a-mprec.o)
                0x0000000008001eca                __i2b
 .text.__multiply
                0x0000000008001edc      0x12c c:/stm/stm32cubeide_1.3.0/stm32cubeide/plugins/com.st.stm32cube.ide.mcu.externaltools.gnu-tools-for-stm32.7-2018-q2-update.win32_1.0.0.201904181610/tools/bin/../lib/gcc/arm-none-eabi/7.3.1/../../../../arm-none-eabi/lib/thumb/v7e-m/fpv4-sp/hard\libc_nano.a(lib_a-mprec.o)
                0x0000000008001edc                __multiply
 .text.__pow5mult
                0x0000000008002008       0x9c c:/stm/stm32cubeide_1.3.0/stm32cubeide/plugins/com.st.stm32cube.ide.mcu.externaltools.gnu-tools-for-stm32.7-2018-q2-update.win32_1.0.0.201904181610/tools/bin/../lib/gcc/arm-none-eabi/7.3.1/../../../../arm-none-eabi/lib/thumb/v7e-m/fpv4-sp/hard\libc_nano.a(lib_a-mprec.o)
                0x0000000008002008                __pow5mult
 .text.__lshift
                0x00000000080020a4       0xa8 c:/stm/stm32cubeide_1.3.0/stm32cubeide/plugins/com.st.stm32cube.ide.mcu.externaltools.gnu-tools-for-stm32.7-2018-q2-update.win32_1.0.0.201904181610/tools/bin/../lib/gcc/arm-none-eabi/7.3.1/../../../../arm-none-eabi/lib/thumb/v7e-m/fpv4-sp/hard\libc_nano.a(lib_a-mprec.o)
                0x00000000080020a4                __lshift
 .text.__mcmp   0x000000000800214c       0x34 c:/stm/stm32cubeide_1.3.0/stm32cubeide/plugins/com.st.stm32cube.ide.mcu.externaltools.gnu-tools-for-stm32.7-2018-q2-update.win32_1.0.0.201904181610/tools/bin/../lib/gcc/arm-none-eabi/7.3.1/../../../../arm-none-eabi/lib/thumb/v7e-m/fpv4-sp/hard\libc_nano.a(lib_a-mprec.o)
                0x000000000800214c                __mcmp
 .text.__mdiff  0x0000000008002180       0xba c:/stm/stm32cubeide_1.3.0/stm32cubeide/plugins/com.st.stm32cube.ide.mcu.externaltools.gnu-tools-for-stm32.7-2018-q2-update.win32_1.0.0.201904181610/tools/bin/../lib/gcc/arm-none-eabi/7.3.1/../../../../arm-none-eabi/lib/thumb/v7e-m/fpv4-sp/hard\libc_nano.a(lib_a-mprec.o)
                0x0000000008002180                __mdiff
 .text.__d2b    0x000000000800223a       0x9e c:/stm/stm32cubeide_1.3.0/stm32cubeide/plugins/com.st.stm32cube.ide.mcu.externaltools.gnu-tools-for-stm32.7-2018-q2-update.win32_1.0.0.201904181610/tools/bin/../lib/gcc/arm-none-eabi/7.3.1/../../../../arm-none-eabi/lib/thumb/v7e-m/fpv4-sp/hard\libc_nano.a(lib_a-mprec.o)
                0x000000000800223a                __d2b
 .text._calloc_r
                0x00000000080022d8       0x1c c:/stm/stm32cubeide_1.3.0/stm32cubeide/plugins/com.st.stm32cube.ide.mcu.externaltools.gnu-tools-for-stm32.7-2018-q2-update.win32_1.0.0.201904181610/tools/bin/../lib/gcc/arm-none-eabi/7.3.1/../../../../arm-none-eabi/lib/thumb/v7e-m/fpv4-sp/hard\libc_nano.a(lib_a-nano-callocr.o)
                0x00000000080022d8                _calloc_r
 .text._malloc_r
                0x00000000080022f4       0xb4 c:/stm/stm32cubeide_1.3.0/stm32cubeide/plugins/com.st.stm32cube.ide.mcu.externaltools.gnu-tools-for-stm32.7-2018-q2-update.win32_1.0.0.201904181610/tools/bin/../lib/gcc/arm-none-eabi/7.3.1/../../../../arm-none-eabi/lib/thumb/v7e-m/fpv4-sp/hard\libc_nano.a(lib_a-nano-mallocr.o)
                0x00000000080022f4                _malloc_r
 .text._sbrk_r  0x00000000080023a8       0x20 c:/stm/stm32cubeide_1.3.0/stm32cubeide/plugins/com.st.stm32cube.ide.mcu.externaltools.gnu-tools-for-stm32.7-2018-q2-update.win32_1.0.0.201904181610/tools/bin/../lib/gcc/arm-none-eabi/7.3.1/../../../../arm-none-eabi/lib/thumb/v7e-m/fpv4-sp/hard\libc_nano.a(lib_a-sbrkr.o)
                0x00000000080023a8                _sbrk_r
 .text.__malloc_lock
                0x00000000080023c8        0x2 c:/stm/stm32cubeide_1.3.0/stm32cubeide/plugins/com.st.stm32cube.ide.mcu.externaltools.gnu-tools-for-stm32.7-2018-q2-update.win32_1.0.0.201904181610/tools/bin/../lib/gcc/arm-none-eabi/7.3.1/../../../../arm-none-eabi/lib/thumb/v7e-m/fpv4-sp/hard\libc_nano.a(lib_a-mlock.o)
                0x00000000080023c8                __malloc_lock
 .text.__malloc_unlock
                0x00000000080023ca        0x2 c:/stm/stm32cubeide_1.3.0/stm32cubeide/plugins/com.st.stm32cube.ide.mcu.externaltools.gnu-tools-for-stm32.7-2018-q2-update.win32_1.0.0.201904181610/tools/bin/../lib/gcc/arm-none-eabi/7.3.1/../../../../arm-none-eabi/lib/thumb/v7e-m/fpv4-sp/hard\libc_nano.a(lib_a-mlock.o)
                0x00000000080023ca                __malloc_unlock
 .text._sbrk    0x00000000080023cc       0x1c c:/stm/stm32cubeide_1.3.0/stm32cubeide/plugins/com.st.stm32cube.ide.mcu.externaltools.gnu-tools-for-stm32.7-2018-q2-update.win32_1.0.0.201904181610/tools/bin/../lib/gcc/arm-none-eabi/7.3.1/../../../../arm-none-eabi/lib/thumb/v7e-m/fpv4-sp/hard\libnosys.a(sbrk.o)
                0x00000000080023cc                _sbrk
 *(.glue_7)
 .glue_7        0x00000000080023e8        0x0 linker stubs
 *(.glue_7t)
 .glue_7t       0x00000000080023e8        0x0 linker stubs
 *(.eh_frame)
 .eh_frame      0x00000000080023e8        0x0 c:/stm/stm32cubeide_1.3.0/stm32cubeide/plugins/com.st.stm32cube.ide.mcu.externaltools.gnu-tools-for-stm32.7-2018-q2-update.win32_1.0.0.201904181610/tools/bin/../lib/gcc/arm-none-eabi/7.3.1/thumb/v7e-m/fpv4-sp/hard/crtbegin.o
 *(.init)
 .init          0x00000000080023e8        0x4 c:/stm/stm32cubeide_1.3.0/stm32cubeide/plugins/com.st.stm32cube.ide.mcu.externaltools.gnu-tools-for-stm32.7-2018-q2-update.win32_1.0.0.201904181610/tools/bin/../lib/gcc/arm-none-eabi/7.3.1/thumb/v7e-m/fpv4-sp/hard/crti.o
                0x00000000080023e8                _init
 .init          0x00000000080023ec        0x8 c:/stm/stm32cubeide_1.3.0/stm32cubeide/plugins/com.st.stm32cube.ide.mcu.externaltools.gnu-tools-for-stm32.7-2018-q2-update.win32_1.0.0.201904181610/tools/bin/../lib/gcc/arm-none-eabi/7.3.1/thumb/v7e-m/fpv4-sp/hard/crtn.o
 *(.fini)
 .fini          0x00000000080023f4        0x4 c:/stm/stm32cubeide_1.3.0/stm32cubeide/plugins/com.st.stm32cube.ide.mcu.externaltools.gnu-tools-for-stm32.7-2018-q2-update.win32_1.0.0.201904181610/tools/bin/../lib/gcc/arm-none-eabi/7.3.1/thumb/v7e-m/fpv4-sp/hard/crti.o
                0x00000000080023f4                _fini
 .fini          0x00000000080023f8        0x8 c:/stm/stm32cubeide_1.3.0/stm32cubeide/plugins/com.st.stm32cube.ide.mcu.externaltools.gnu-tools-for-stm32.7-2018-q2-update.win32_1.0.0.201904181610/tools/bin/../lib/gcc/arm-none-eabi/7.3.1/thumb/v7e-m/fpv4-sp/hard/crtn.o
                0x0000000008002400                . = ALIGN (0x4)
                0x0000000008002400                _etext = .

.vfp11_veneer   0x0000000008002400        0x0
 .vfp11_veneer  0x0000000008002400        0x0 linker stubs

.v4_bx          0x0000000008002400        0x0
 .v4_bx         0x0000000008002400        0x0 linker stubs

.iplt           0x0000000008002400        0x0
 .iplt          0x0000000008002400        0x0 c:/stm/stm32cubeide_1.3.0/stm32cubeide/plugins/com.st.stm32cube.ide.mcu.externaltools.gnu-tools-for-stm32.7-2018-q2-update.win32_1.0.0.201904181610/tools/bin/../lib/gcc/arm-none-eabi/7.3.1/thumb/v7e-m/fpv4-sp/hard/crtbegin.o

.rodata         0x0000000008002400      0x22c
                0x0000000008002400                . = ALIGN (0x4)
 *(.rodata)
 *(.rodata*)
 .rodata._setlocale_r.str1.1
                0x0000000008002400        0x8 c:/stm/stm32cubeide_1.3.0/stm32cubeide/plugins/com.st.stm32cube.ide.mcu.externaltools.gnu-tools-for-stm32.7-2018-q2-update.win32_1.0.0.201904181610/tools/bin/../lib/gcc/arm-none-eabi/7.3.1/../../../../arm-none-eabi/lib/thumb/v7e-m/fpv4-sp/hard\libc_nano.a(lib_a-locale.o)
                                          0x9 (size before relaxing)
 .rodata.str1.1
                0x0000000008002408        0x2 c:/stm/stm32cubeide_1.3.0/stm32cubeide/plugins/com.st.stm32cube.ide.mcu.externaltools.gnu-tools-for-stm32.7-2018-q2-update.win32_1.0.0.201904181610/tools/bin/../lib/gcc/arm-none-eabi/7.3.1/../../../../arm-none-eabi/lib/thumb/v7e-m/fpv4-sp/hard\libc_nano.a(lib_a-locale.o)
 .rodata._printf_float.str1.1
                0x000000000800240a       0x12 c:/stm/stm32cubeide_1.3.0/stm32cubeide/plugins/com.st.stm32cube.ide.mcu.externaltools.gnu-tools-for-stm32.7-2018-q2-update.win32_1.0.0.201904181610/tools/bin/../lib/gcc/arm-none-eabi/7.3.1/../../../../arm-none-eabi/lib/thumb/v7e-m/fpv4-sp/hard\libc_nano.a(lib_a-nano-vfprintf_float.o)
 .rodata._ctype_
                0x000000000800241c      0x101 c:/stm/stm32cubeide_1.3.0/stm32cubeide/plugins/com.st.stm32cube.ide.mcu.externaltools.gnu-tools-for-stm32.7-2018-q2-update.win32_1.0.0.201904181610/tools/bin/../lib/gcc/arm-none-eabi/7.3.1/../../../../arm-none-eabi/lib/thumb/v7e-m/fpv4-sp/hard\libc_nano.a(lib_a-ctype_.o)
                0x000000000800241c                _ctype_
 .rodata._dtoa_r.str1.1
                0x000000000800251d        0xd c:/stm/stm32cubeide_1.3.0/stm32cubeide/plugins/com.st.stm32cube.ide.mcu.externaltools.gnu-tools-for-stm32.7-2018-q2-update.win32_1.0.0.201904181610/tools/bin/../lib/gcc/arm-none-eabi/7.3.1/../../../../arm-none-eabi/lib/thumb/v7e-m/fpv4-sp/hard\libc_nano.a(lib_a-dtoa.o)
                                          0xf (size before relaxing)
 *fill*         0x000000000800252a        0x6 
 .rodata.__mprec_bigtens
                0x0000000008002530       0x28 c:/stm/stm32cubeide_1.3.0/stm32cubeide/plugins/com.st.stm32cube.ide.mcu.externaltools.gnu-tools-for-stm32.7-2018-q2-update.win32_1.0.0.201904181610/tools/bin/../lib/gcc/arm-none-eabi/7.3.1/../../../../arm-none-eabi/lib/thumb/v7e-m/fpv4-sp/hard\libc_nano.a(lib_a-mprec.o)
                0x0000000008002530                __mprec_bigtens
 .rodata.__mprec_tens
                0x0000000008002558       0xc8 c:/stm/stm32cubeide_1.3.0/stm32cubeide/plugins/com.st.stm32cube.ide.mcu.externaltools.gnu-tools-for-stm32.7-2018-q2-update.win32_1.0.0.201904181610/tools/bin/../lib/gcc/arm-none-eabi/7.3.1/../../../../arm-none-eabi/lib/thumb/v7e-m/fpv4-sp/hard\libc_nano.a(lib_a-mprec.o)
                0x0000000008002558                __mprec_tens
 .rodata.p05.7359
                0x0000000008002620        0xc c:/stm/stm32cubeide_1.3.0/stm32cubeide/plugins/com.st.stm32cube.ide.mcu.externaltools.gnu-tools-for-stm32.7-2018-q2-update.win32_1.0.0.201904181610/tools/bin/../lib/gcc/arm-none-eabi/7.3.1/../../../../arm-none-eabi/lib/thumb/v7e-m/fpv4-sp/hard\libc_nano.a(lib_a-mprec.o)
                0x000000000800262c                . = ALIGN (0x4)

.rel.dyn        0x000000000800262c        0x0
 .rel.iplt      0x000000000800262c        0x0 c:/stm/stm32cubeide_1.3.0/stm32cubeide/plugins/com.st.stm32cube.ide.mcu.externaltools.gnu-tools-for-stm32.7-2018-q2-update.win32_1.0.0.201904181610/tools/bin/../lib/gcc/arm-none-eabi/7.3.1/thumb/v7e-m/fpv4-sp/hard/crtbegin.o

.ARM.extab      0x000000000800262c        0x0
                0x000000000800262c                . = ALIGN (0x4)
 *(.ARM.extab* .gnu.linkonce.armextab.*)
                0x000000000800262c                . = ALIGN (0x4)

.ARM            0x000000000800262c        0x0
                0x000000000800262c                . = ALIGN (0x4)
                0x000000000800262c                __exidx_start = .
 *(.ARM.exidx*)
                0x000000000800262c                __exidx_end = .
                0x000000000800262c                . = ALIGN (0x4)

.preinit_array  0x000000000800262c        0x0
                0x000000000800262c                . = ALIGN (0x4)
                0x000000000800262c                PROVIDE (__preinit_array_start = .)
 *(.preinit_array*)
                0x000000000800262c                PROVIDE (__preinit_array_end = .)
                0x000000000800262c                . = ALIGN (0x4)

.init_array     0x000000000800262c        0x4
                0x000000000800262c                . = ALIGN (0x4)
                0x000000000800262c                PROVIDE (__init_array_start = .)
 *(SORT_BY_NAME(.init_array.*))
 *(.init_array*)
 .init_array    0x000000000800262c        0x4 c:/stm/stm32cubeide_1.3.0/stm32cubeide/plugins/com.st.stm32cube.ide.mcu.externaltools.gnu-tools-for-stm32.7-2018-q2-update.win32_1.0.0.201904181610/tools/bin/../lib/gcc/arm-none-eabi/7.3.1/thumb/v7e-m/fpv4-sp/hard/crtbegin.o
                0x0000000008002630                PROVIDE (__init_array_end = .)
                0x0000000008002630                . = ALIGN (0x4)

.fini_array     0x0000000008002630        0x4
                0x0000000008002630                . = ALIGN (0x4)
                [!provide]                        PROVIDE (__fini_array_start = .)
 *(SORT_BY_NAME(.fini_array.*))
 *(.fini_array*)
 .fini_array    0x0000000008002630        0x4 c:/stm/stm32cubeide_1.3.0/stm32cubeide/plugins/com.st.stm32cube.ide.mcu.externaltools.gnu-tools-for-stm32.7-2018-q2-update.win32_1.0.0.201904181610/tools/bin/../lib/gcc/arm-none-eabi/7.3.1/thumb/v7e-m/fpv4-sp/hard/crtbegin.o
                [!provide]                        PROVIDE (__fini_array_end = .)
                0x0000000008002634                . = ALIGN (0x4)
                0x0000000008002634                _sidata = LOADADDR (.data)

.data           0x0000000020000000      0x1d0 load address 0x0000000008002634
                0x0000000020000000                . = ALIGN (0x4)
                0x0000000020000000                _sdata = .
 *(.data)
 *(.data*)
 .data._impure_ptr
                0x0000000020000000        0x4 c:/stm/stm32cubeide_1.3.0/stm32cubeide/plugins/com.st.stm32cube.ide.mcu.externaltools.gnu-tools-for-stm32.7-2018-q2-update.win32_1.0.0.201904181610/tools/bin/../lib/gcc/arm-none-eabi/7.3.1/../../../../arm-none-eabi/lib/thumb/v7e-m/fpv4-sp/hard\libc_nano.a(lib_a-impure.o)
                0x0000000020000000                _impure_ptr
 .data.impure_data
                0x0000000020000004       0x60 c:/stm/stm32cubeide_1.3.0/stm32cubeide/plugins/com.st.stm32cube.ide.mcu.externaltools.gnu-tools-for-stm32.7-2018-q2-update.win32_1.0.0.201904181610/tools/bin/../lib/gcc/arm-none-eabi/7.3.1/../../../../arm-none-eabi/lib/thumb/v7e-m/fpv4-sp/hard\libc_nano.a(lib_a-impure.o)
 .data.__global_locale
                0x0000000020000064      0x16c c:/stm/stm32cubeide_1.3.0/stm32cubeide/plugins/com.st.stm32cube.ide.mcu.externaltools.gnu-tools-for-stm32.7-2018-q2-update.win32_1.0.0.201904181610/tools/bin/../lib/gcc/arm-none-eabi/7.3.1/../../../../arm-none-eabi/lib/thumb/v7e-m/fpv4-sp/hard\libc_nano.a(lib_a-locale.o)
                0x0000000020000064                __global_locale
                0x00000000200001d0                . = ALIGN (0x4)
                0x00000000200001d0                _edata = .

.igot.plt       0x00000000200001d0        0x0 load address 0x0000000008002804
 .igot.plt      0x00000000200001d0        0x0 c:/stm/stm32cubeide_1.3.0/stm32cubeide/plugins/com.st.stm32cube.ide.mcu.externaltools.gnu-tools-for-stm32.7-2018-q2-update.win32_1.0.0.201904181610/tools/bin/../lib/gcc/arm-none-eabi/7.3.1/thumb/v7e-m/fpv4-sp/hard/crtbegin.o
                0x00000000200001d0                . = ALIGN (0x4)

.bss            0x00000000200001d0       0x2c load address 0x0000000008002804
                0x00000000200001d0                _sbss = .
                0x00000000200001d0                __bss_start__ = _sbss
 *(.bss)
 .bss           0x00000000200001d0       0x1c c:/stm/stm32cubeide_1.3.0/stm32cubeide/plugins/com.st.stm32cube.ide.mcu.externaltools.gnu-tools-for-stm32.7-2018-q2-update.win32_1.0.0.201904181610/tools/bin/../lib/gcc/arm-none-eabi/7.3.1/thumb/v7e-m/fpv4-sp/hard/crtbegin.o
 *(.bss*)
 .bss.__malloc_free_list
                0x00000000200001ec        0x4 c:/stm/stm32cubeide_1.3.0/stm32cubeide/plugins/com.st.stm32cube.ide.mcu.externaltools.gnu-tools-for-stm32.7-2018-q2-update.win32_1.0.0.201904181610/tools/bin/../lib/gcc/arm-none-eabi/7.3.1/../../../../arm-none-eabi/lib/thumb/v7e-m/fpv4-sp/hard\libc_nano.a(lib_a-nano-mallocr.o)
                0x00000000200001ec                __malloc_free_list
 .bss.__malloc_sbrk_start
                0x00000000200001f0        0x4 c:/stm/stm32cubeide_1.3.0/stm32cubeide/plugins/com.st.stm32cube.ide.mcu.externaltools.gnu-tools-for-stm32.7-2018-q2-update.win32_1.0.0.201904181610/tools/bin/../lib/gcc/arm-none-eabi/7.3.1/../../../../arm-none-eabi/lib/thumb/v7e-m/fpv4-sp/hard\libc_nano.a(lib_a-nano-mallocr.o)
                0x00000000200001f0                __malloc_sbrk_start
 .bss.heap_end.5377
                0x00000000200001f4        0x4 c:/stm/stm32cubeide_1.3.0/stm32cubeide/plugins/com.st.stm32cube.ide.mcu.externaltools.gnu-tools-for-stm32.7-2018-q2-update.win32_1.0.0.201904181610/tools/bin/../lib/gcc/arm-none-eabi/7.3.1/../../../../arm-none-eabi/lib/thumb/v7e-m/fpv4-sp/hard\libnosys.a(sbrk.o)
 *(COMMON)
 COMMON         0x00000000200001f8        0x4 c:/stm/stm32cubeide_1.3.0/stm32cubeide/plugins/com.st.stm32cube.ide.mcu.externaltools.gnu-tools-for-stm32.7-2018-q2-update.win32_1.0.0.201904181610/tools/bin/../lib/gcc/arm-none-eabi/7.3.1/../../../../arm-none-eabi/lib/thumb/v7e-m/fpv4-sp/hard\libc_nano.a(lib_a-reent.o)
                0x00000000200001f8                errno
                0x00000000200001fc                . = ALIGN (0x4)
                0x00000000200001fc                _ebss = .
                0x00000000200001fc                __bss_end__ = _ebss

._user_heap_stack
                0x00000000200001fc      0x604 load address 0x0000000008002804
                0x0000000020000200                . = ALIGN (0x8)
 *fill*         0x00000000200001fc        0x4 
                0x0000000020000200                PROVIDE (end = .)
                [!provide]                        PROVIDE (_end = .)
                0x0000000020000400                . = (. + _Min_Heap_Size)
 *fill*         0x0000000020000200      0x200 
                0x0000000020000800                . = (. + _Min_Stack_Size)
 *fill*         0x0000000020000400      0x400 
                0x0000000020000800                . = ALIGN (0x8)

/DISCARD/
 libc.a(*)
 libm.a(*)
 libgcc.a(*)

.ARM.attributes
                0x0000000000000000       0x30
 *(.ARM.attributes)
 .ARM.attributes
                0x0000000000000000       0x22 c:/stm/stm32cubeide_1.3.0/stm32cubeide/plugins/com.st.stm32cube.ide.mcu.externaltools.gnu-tools-for-stm32.7-2018-q2-update.win32_1.0.0.201904181610/tools/bin/../lib/gcc/arm-none-eabi/7.3.1/thumb/v7e-m/fpv4-sp/hard/crti.o
 .ARM.attributes
                0x0000000000000022       0x34 c:/stm/stm32cubeide_1.3.0/stm32cubeide/plugins/com.st.stm32cube.ide.mcu.externaltools.gnu-tools-for-stm32.7-2018-q2-update.win32_1.0.0.201904181610/tools/bin/../lib/gcc/arm-none-eabi/7.3.1/thumb/v7e-m/fpv4-sp/hard/crtbegin.o
 .ARM.attributes
                0x0000000000000056       0x34 c:/stm/stm32cubeide_1.3.0/stm32cubeide/plugins/com.st.stm32cube.ide.mcu.externaltools.gnu-tools-for-stm32.7-2018-q2-update.win32_1.0.0.201904181610/tools/bin/../lib/gcc/arm-none-eabi/7.3.1/../../../../arm-none-eabi/lib/thumb/v7e-m/fpv4-sp/hard\libc_nano.a(lib_a-impure.o)
 .ARM.attributes
                0x000000000000008a       0x34 c:/stm/stm32cubeide_1.3.0/stm32cubeide/plugins/com.st.stm32cube.ide.mcu.externaltools.gnu-tools-for-stm32.7-2018-q2-update.win32_1.0.0.201904181610/tools/bin/../lib/gcc/arm-none-eabi/7.3.1/../../../../arm-none-eabi/lib/thumb/v7e-m/fpv4-sp/hard\libc_nano.a(lib_a-locale.o)
 .ARM.attributes
                0x00000000000000be       0x34 c:/stm/stm32cubeide_1.3.0/stm32cubeide/plugins/com.st.stm32cube.ide.mcu.externaltools.gnu-tools-for-stm32.7-2018-q2-update.win32_1.0.0.201904181610/tools/bin/../lib/gcc/arm-none-eabi/7.3.1/../../../../arm-none-eabi/lib/thumb/v7e-m/fpv4-sp/hard\libc_nano.a(lib_a-mbtowc_r.o)
 .ARM.attributes
                0x00000000000000f2       0x34 c:/stm/stm32cubeide_1.3.0/stm32cubeide/plugins/com.st.stm32cube.ide.mcu.externaltools.gnu-tools-for-stm32.7-2018-q2-update.win32_1.0.0.201904181610/tools/bin/../lib/gcc/arm-none-eabi/7.3.1/../../../../arm-none-eabi/lib/thumb/v7e-m/fpv4-sp/hard\libc_nano.a(lib_a-memset.o)
 .ARM.attributes
                0x0000000000000126       0x34 c:/stm/stm32cubeide_1.3.0/stm32cubeide/plugins/com.st.stm32cube.ide.mcu.externaltools.gnu-tools-for-stm32.7-2018-q2-update.win32_1.0.0.201904181610/tools/bin/../lib/gcc/arm-none-eabi/7.3.1/../../../../arm-none-eabi/lib/thumb/v7e-m/fpv4-sp/hard\libc_nano.a(lib_a-nano-vfprintf_float.o)
 .ARM.attributes
                0x000000000000015a       0x34 c:/stm/stm32cubeide_1.3.0/stm32cubeide/plugins/com.st.stm32cube.ide.mcu.externaltools.gnu-tools-for-stm32.7-2018-q2-update.win32_1.0.0.201904181610/tools/bin/../lib/gcc/arm-none-eabi/7.3.1/../../../../arm-none-eabi/lib/thumb/v7e-m/fpv4-sp/hard\libc_nano.a(lib_a-nano-vfprintf_i.o)
 .ARM.attributes
                0x000000000000018e       0x1b c:/stm/stm32cubeide_1.3.0/stm32cubeide/plugins/com.st.stm32cube.ide.mcu.externaltools.gnu-tools-for-stm32.7-2018-q2-update.win32_1.0.0.201904181610/tools/bin/../lib/gcc/arm-none-eabi/7.3.1/../../../../arm-none-eabi/lib/thumb/v7e-m/fpv4-sp/hard\libc_nano.a(lib_a-strlen.o)
 .ARM.attributes
                0x00000000000001a9       0x34 c:/stm/stm32cubeide_1.3.0/stm32cubeide/plugins/com.st.stm32cube.ide.mcu.externaltools.gnu-tools-for-stm32.7-2018-q2-update.win32_1.0.0.201904181610/tools/bin/../lib/gcc/arm-none-eabi/7.3.1/../../../../arm-none-eabi/lib/thumb/v7e-m/fpv4-sp/hard\libc_nano.a(lib_a-wctomb_r.o)
 .ARM.attributes
                0x00000000000001dd       0x34 c:/stm/stm32cubeide_1.3.0/stm32cubeide/plugins/com.st.stm32cube.ide.mcu.externaltools.gnu-tools-for-stm32.7-2018-q2-update.win32_1.0.0.201904181610/tools/bin/../lib/gcc/arm-none-eabi/7.3.1/../../../../arm-none-eabi/lib/thumb/v7e-m/fpv4-sp/hard\libc_nano.a(lib_a-ctype_.o)
 .ARM.attributes
                0x0000000000000211       0x34 c:/stm/stm32cubeide_1.3.0/stm32cubeide/plugins/com.st.stm32cube.ide.mcu.externaltools.gnu-tools-for-stm32.7-2018-q2-update.win32_1.0.0.201904181610/tools/bin/../lib/gcc/arm-none-eabi/7.3.1/../../../../arm-none-eabi/lib/thumb/v7e-m/fpv4-sp/hard\libc_nano.a(lib_a-dtoa.o)
 .ARM.attributes
                0x0000000000000245       0x34 c:/stm/stm32cubeide_1.3.0/stm32cubeide/plugins/com.st.stm32cube.ide.mcu.externaltools.gnu-tools-for-stm32.7-2018-q2-update.win32_1.0.0.201904181610/tools/bin/../lib/gcc/arm-none-eabi/7.3.1/../../../../arm-none-eabi/lib/thumb/v7e-m/fpv4-sp/hard\libc_nano.a(lib_a-localeconv.o)
 .ARM.attributes
                0x0000000000000279       0x34 c:/stm/stm32cubeide_1.3.0/stm32cubeide/plugins/com.st.stm32cube.ide.mcu.externaltools.gnu-tools-for-stm32.7-2018-q2-update.win32_1.0.0.201904181610/tools/bin/../lib/gcc/arm-none-eabi/7.3.1/../../../../arm-none-eabi/lib/thumb/v7e-m/fpv4-sp/hard\libc_nano.a(lib_a-malloc.o)
 .ARM.attributes
                0x00000000000002ad       0x34 c:/stm/stm32cubeide_1.3.0/stm32cubeide/plugins/com.st.stm32cube.ide.mcu.externaltools.gnu-tools-for-stm32.7-2018-q2-update.win32_1.0.0.201904181610/tools/bin/../lib/gcc/arm-none-eabi/7.3.1/../../../../arm-none-eabi/lib/thumb/v7e-m/fpv4-sp/hard\libc_nano.a(lib_a-memcpy-stub.o)
 .ARM.attributes
                0x00000000000002e1       0x34 c:/stm/stm32cubeide_1.3.0/stm32cubeide/plugins/com.st.stm32cube.ide.mcu.externaltools.gnu-tools-for-stm32.7-2018-q2-update.win32_1.0.0.201904181610/tools/bin/../lib/gcc/arm-none-eabi/7.3.1/../../../../arm-none-eabi/lib/thumb/v7e-m/fpv4-sp/hard\libc_nano.a(lib_a-mprec.o)
 .ARM.attributes
                0x0000000000000315       0x34 c:/stm/stm32cubeide_1.3.0/stm32cubeide/plugins/com.st.stm32cube.ide.mcu.externaltools.gnu-tools-for-stm32.7-2018-q2-update.win32_1.0.0.201904181610/tools/bin/../lib/gcc/arm-none-eabi/7.3.1/../../../../arm-none-eabi/lib/thumb/v7e-m/fpv4-sp/hard\libc_nano.a(lib_a-nano-callocr.o)
 .ARM.attributes
                0x0000000000000349       0x34 c:/stm/stm32cubeide_1.3.0/stm32cubeide/plugins/com.st.stm32cube.ide.mcu.externaltools.gnu-tools-for-stm32.7-2018-q2-update.win32_1.0.0.201904181610/tools/bin/../lib/gcc/arm-none-eabi/7.3.1/../../../../arm-none-eabi/lib/thumb/v7e-m/fpv4-sp/hard\libc_nano.a(lib_a-nano-mallocr.o)
 .ARM.attributes
                0x000000000000037d       0x34 c:/stm/stm32cubeide_1.3.0/stm32cubeide/plugins/com.st.stm32cube.ide.mcu.externaltools.gnu-tools-for-stm32.7-2018-q2-update.win32_1.0.0.201904181610/tools/bin/../lib/gcc/arm-none-eabi/7.3.1/../../../../arm-none-eabi/lib/thumb/v7e-m/fpv4-sp/hard\libc_nano.a(lib_a-sbrkr.o)
 .ARM.attributes
                0x00000000000003b1       0x34 c:/stm/stm32cubeide_1.3.0/stm32cubeide/plugins/com.st.stm32cube.ide.mcu.externaltools.gnu-tools-for-stm32.7-2018-q2-update.win32_1.0.0.201904181610/tools/bin/../lib/gcc/arm-none-eabi/7.3.1/../../../../arm-none-eabi/lib/thumb/v7e-m/fpv4-sp/hard\libc_nano.a(lib_a-mlock.o)
 .ARM.attributes
                0x00000000000003e5       0x34 c:/stm/stm32cubeide_1.3.0/stm32cubeide/plugins/com.st.stm32cube.ide.mcu.externaltools.gnu-tools-for-stm32.7-2018-q2-update.win32_1.0.0.201904181610/tools/bin/../lib/gcc/arm-none-eabi/7.3.1/../../../../arm-none-eabi/lib/thumb/v7e-m/fpv4-sp/hard\libc_nano.a(lib_a-reent.o)
 .ARM.attributes
                0x0000000000000419       0x22 c:/stm/stm32cubeide_1.3.0/stm32cubeide/plugins/com.st.stm32cube.ide.mcu.externaltools.gnu-tools-for-stm32.7-2018-q2-update.win32_1.0.0.201904181610/tools/bin/../lib/gcc/arm-none-eabi/7.3.1/thumb/v7e-m/fpv4-sp/hard\libgcc.a(_arm_addsubdf3.o)
 .ARM.attributes
                0x000000000000043b       0x22 c:/stm/stm32cubeide_1.3.0/stm32cubeide/plugins/com.st.stm32cube.ide.mcu.externaltools.gnu-tools-for-stm32.7-2018-q2-update.win32_1.0.0.201904181610/tools/bin/../lib/gcc/arm-none-eabi/7.3.1/thumb/v7e-m/fpv4-sp/hard\libgcc.a(_arm_muldivdf3.o)
 .ARM.attributes
                0x000000000000045d       0x22 c:/stm/stm32cubeide_1.3.0/stm32cubeide/plugins/com.st.stm32cube.ide.mcu.externaltools.gnu-tools-for-stm32.7-2018-q2-update.win32_1.0.0.201904181610/tools/bin/../lib/gcc/arm-none-eabi/7.3.1/thumb/v7e-m/fpv4-sp/hard\libgcc.a(_arm_cmpdf2.o)
 .ARM.attributes
                0x000000000000047f       0x22 c:/stm/stm32cubeide_1.3.0/stm32cubeide/plugins/com.st.stm32cube.ide.mcu.externaltools.gnu-tools-for-stm32.7-2018-q2-update.win32_1.0.0.201904181610/tools/bin/../lib/gcc/arm-none-eabi/7.3.1/thumb/v7e-m/fpv4-sp/hard\libgcc.a(_arm_unorddf2.o)
 .ARM.attributes
                0x00000000000004a1       0x22 c:/stm/stm32cubeide_1.3.0/stm32cubeide/plugins/com.st.stm32cube.ide.mcu.externaltools.gnu-tools-for-stm32.7-2018-q2-update.win32_1.0.0.201904181610/tools/bin/../lib/gcc/arm-none-eabi/7.3.1/thumb/v7e-m/fpv4-sp/hard\libgcc.a(_arm_fixdfsi.o)
 .ARM.attributes
                0x00000000000004c3       0x34 c:/stm/stm32cubeide_1.3.0/stm32cubeide/plugins/com.st.stm32cube.ide.mcu.externaltools.gnu-tools-for-stm32.7-2018-q2-update.win32_1.0.0.201904181610/tools/bin/../lib/gcc/arm-none-eabi/7.3.1/../../../../arm-none-eabi/lib/thumb/v7e-m/fpv4-sp/hard\libnosys.a(sbrk.o)
 .ARM.attributes
                0x00000000000004f7       0x22 c:/stm/stm32cubeide_1.3.0/stm32cubeide/plugins/com.st.stm32cube.ide.mcu.externaltools.gnu-tools-for-stm32.7-2018-q2-update.win32_1.0.0.201904181610/tools/bin/../lib/gcc/arm-none-eabi/7.3.1/thumb/v7e-m/fpv4-sp/hard/crtn.o
OUTPUT(ArcadeIT_Ver020_F469_CMSIS.elf elf32-littlearm)

.debug_frame    0x0000000000000000      0x878
 .debug_frame   0x0000000000000000       0x68 c:/stm/stm32cubeide_1.3.0/stm32cubeide/plugins/com.st.stm32cube.ide.mcu.externaltools.gnu-tools-for-stm32.7-2018-q2-update.win32_1.0.0.201904181610/tools/bin/../lib/gcc/arm-none-eabi/7.3.1/../../../../arm-none-eabi/lib/thumb/v7e-m/fpv4-sp/hard\libc_nano.a(lib_a-locale.o)
 .debug_frame   0x0000000000000068       0x48 c:/stm/stm32cubeide_1.3.0/stm32cubeide/plugins/com.st.stm32cube.ide.mcu.externaltools.gnu-tools-for-stm32.7-2018-q2-update.win32_1.0.0.201904181610/tools/bin/../lib/gcc/arm-none-eabi/7.3.1/../../../../arm-none-eabi/lib/thumb/v7e-m/fpv4-sp/hard\libc_nano.a(lib_a-mbtowc_r.o)
 .debug_frame   0x00000000000000b0       0x20 c:/stm/stm32cubeide_1.3.0/stm32cubeide/plugins/com.st.stm32cube.ide.mcu.externaltools.gnu-tools-for-stm32.7-2018-q2-update.win32_1.0.0.201904181610/tools/bin/../lib/gcc/arm-none-eabi/7.3.1/../../../../arm-none-eabi/lib/thumb/v7e-m/fpv4-sp/hard\libc_nano.a(lib_a-memset.o)
 .debug_frame   0x00000000000000d0       0x8c c:/stm/stm32cubeide_1.3.0/stm32cubeide/plugins/com.st.stm32cube.ide.mcu.externaltools.gnu-tools-for-stm32.7-2018-q2-update.win32_1.0.0.201904181610/tools/bin/../lib/gcc/arm-none-eabi/7.3.1/../../../../arm-none-eabi/lib/thumb/v7e-m/fpv4-sp/hard\libc_nano.a(lib_a-nano-vfprintf_float.o)
 .debug_frame   0x000000000000015c       0x60 c:/stm/stm32cubeide_1.3.0/stm32cubeide/plugins/com.st.stm32cube.ide.mcu.externaltools.gnu-tools-for-stm32.7-2018-q2-update.win32_1.0.0.201904181610/tools/bin/../lib/gcc/arm-none-eabi/7.3.1/../../../../arm-none-eabi/lib/thumb/v7e-m/fpv4-sp/hard\libc_nano.a(lib_a-nano-vfprintf_i.o)
 .debug_frame   0x00000000000001bc       0x3c c:/stm/stm32cubeide_1.3.0/stm32cubeide/plugins/com.st.stm32cube.ide.mcu.externaltools.gnu-tools-for-stm32.7-2018-q2-update.win32_1.0.0.201904181610/tools/bin/../lib/gcc/arm-none-eabi/7.3.1/../../../../arm-none-eabi/lib/thumb/v7e-m/fpv4-sp/hard\libc_nano.a(lib_a-wctomb_r.o)
 .debug_frame   0x00000000000001f8       0x70 c:/stm/stm32cubeide_1.3.0/stm32cubeide/plugins/com.st.stm32cube.ide.mcu.externaltools.gnu-tools-for-stm32.7-2018-q2-update.win32_1.0.0.201904181610/tools/bin/../lib/gcc/arm-none-eabi/7.3.1/../../../../arm-none-eabi/lib/thumb/v7e-m/fpv4-sp/hard\libc_nano.a(lib_a-dtoa.o)
 .debug_frame   0x0000000000000268       0x40 c:/stm/stm32cubeide_1.3.0/stm32cubeide/plugins/com.st.stm32cube.ide.mcu.externaltools.gnu-tools-for-stm32.7-2018-q2-update.win32_1.0.0.201904181610/tools/bin/../lib/gcc/arm-none-eabi/7.3.1/../../../../arm-none-eabi/lib/thumb/v7e-m/fpv4-sp/hard\libc_nano.a(lib_a-localeconv.o)
 .debug_frame   0x00000000000002a8       0x30 c:/stm/stm32cubeide_1.3.0/stm32cubeide/plugins/com.st.stm32cube.ide.mcu.externaltools.gnu-tools-for-stm32.7-2018-q2-update.win32_1.0.0.201904181610/tools/bin/../lib/gcc/arm-none-eabi/7.3.1/../../../../arm-none-eabi/lib/thumb/v7e-m/fpv4-sp/hard\libc_nano.a(lib_a-malloc.o)
 .debug_frame   0x00000000000002d8       0x28 c:/stm/stm32cubeide_1.3.0/stm32cubeide/plugins/com.st.stm32cube.ide.mcu.externaltools.gnu-tools-for-stm32.7-2018-q2-update.win32_1.0.0.201904181610/tools/bin/../lib/gcc/arm-none-eabi/7.3.1/../../../../arm-none-eabi/lib/thumb/v7e-m/fpv4-sp/hard\libc_nano.a(lib_a-memcpy-stub.o)
 .debug_frame   0x0000000000000300      0x244 c:/stm/stm32cubeide_1.3.0/stm32cubeide/plugins/com.st.stm32cube.ide.mcu.externaltools.gnu-tools-for-stm32.7-2018-q2-update.win32_1.0.0.201904181610/tools/bin/../lib/gcc/arm-none-eabi/7.3.1/../../../../arm-none-eabi/lib/thumb/v7e-m/fpv4-sp/hard\libc_nano.a(lib_a-mprec.o)
 .debug_frame   0x0000000000000544       0x2c c:/stm/stm32cubeide_1.3.0/stm32cubeide/plugins/com.st.stm32cube.ide.mcu.externaltools.gnu-tools-for-stm32.7-2018-q2-update.win32_1.0.0.201904181610/tools/bin/../lib/gcc/arm-none-eabi/7.3.1/../../../../arm-none-eabi/lib/thumb/v7e-m/fpv4-sp/hard\libc_nano.a(lib_a-nano-callocr.o)
 .debug_frame   0x0000000000000570       0x2c c:/stm/stm32cubeide_1.3.0/stm32cubeide/plugins/com.st.stm32cube.ide.mcu.externaltools.gnu-tools-for-stm32.7-2018-q2-update.win32_1.0.0.201904181610/tools/bin/../lib/gcc/arm-none-eabi/7.3.1/../../../../arm-none-eabi/lib/thumb/v7e-m/fpv4-sp/hard\libc_nano.a(lib_a-nano-mallocr.o)
 .debug_frame   0x000000000000059c       0x2c c:/stm/stm32cubeide_1.3.0/stm32cubeide/plugins/com.st.stm32cube.ide.mcu.externaltools.gnu-tools-for-stm32.7-2018-q2-update.win32_1.0.0.201904181610/tools/bin/../lib/gcc/arm-none-eabi/7.3.1/../../../../arm-none-eabi/lib/thumb/v7e-m/fpv4-sp/hard\libc_nano.a(lib_a-sbrkr.o)
 .debug_frame   0x00000000000005c8       0x30 c:/stm/stm32cubeide_1.3.0/stm32cubeide/plugins/com.st.stm32cube.ide.mcu.externaltools.gnu-tools-for-stm32.7-2018-q2-update.win32_1.0.0.201904181610/tools/bin/../lib/gcc/arm-none-eabi/7.3.1/../../../../arm-none-eabi/lib/thumb/v7e-m/fpv4-sp/hard\libc_nano.a(lib_a-mlock.o)
 .debug_frame   0x00000000000005f8       0x5c c:/stm/stm32cubeide_1.3.0/stm32cubeide/plugins/com.st.stm32cube.ide.mcu.externaltools.gnu-tools-for-stm32.7-2018-q2-update.win32_1.0.0.201904181610/tools/bin/../lib/gcc/arm-none-eabi/7.3.1/../../../../arm-none-eabi/lib/thumb/v7e-m/fpv4-sp/hard\libc_nano.a(lib_a-reent.o)
 .debug_frame   0x0000000000000654       0xac c:/stm/stm32cubeide_1.3.0/stm32cubeide/plugins/com.st.stm32cube.ide.mcu.externaltools.gnu-tools-for-stm32.7-2018-q2-update.win32_1.0.0.201904181610/tools/bin/../lib/gcc/arm-none-eabi/7.3.1/thumb/v7e-m/fpv4-sp/hard\libgcc.a(_arm_addsubdf3.o)
 .debug_frame   0x0000000000000700       0x50 c:/stm/stm32cubeide_1.3.0/stm32cubeide/plugins/com.st.stm32cube.ide.mcu.externaltools.gnu-tools-for-stm32.7-2018-q2-update.win32_1.0.0.201904181610/tools/bin/../lib/gcc/arm-none-eabi/7.3.1/thumb/v7e-m/fpv4-sp/hard\libgcc.a(_arm_muldivdf3.o)
 .debug_frame   0x0000000000000750       0xc4 c:/stm/stm32cubeide_1.3.0/stm32cubeide/plugins/com.st.stm32cube.ide.mcu.externaltools.gnu-tools-for-stm32.7-2018-q2-update.win32_1.0.0.201904181610/tools/bin/../lib/gcc/arm-none-eabi/7.3.1/thumb/v7e-m/fpv4-sp/hard\libgcc.a(_arm_cmpdf2.o)
 .debug_frame   0x0000000000000814       0x20 c:/stm/stm32cubeide_1.3.0/stm32cubeide/plugins/com.st.stm32cube.ide.mcu.externaltools.gnu-tools-for-stm32.7-2018-q2-update.win32_1.0.0.201904181610/tools/bin/../lib/gcc/arm-none-eabi/7.3.1/thumb/v7e-m/fpv4-sp/hard\libgcc.a(_arm_unorddf2.o)
 .debug_frame   0x0000000000000834       0x24 c:/stm/stm32cubeide_1.3.0/stm32cubeide/plugins/com.st.stm32cube.ide.mcu.externaltools.gnu-tools-for-stm32.7-2018-q2-update.win32_1.0.0.201904181610/tools/bin/../lib/gcc/arm-none-eabi/7.3.1/thumb/v7e-m/fpv4-sp/hard\libgcc.a(_arm_fixdfsi.o)
 .debug_frame   0x0000000000000858       0x20 c:/stm/stm32cubeide_1.3.0/stm32cubeide/plugins/com.st.stm32cube.ide.mcu.externaltools.gnu-tools-for-stm32.7-2018-q2-update.win32_1.0.0.201904181610/tools/bin/../lib/gcc/arm-none-eabi/7.3.1/../../../../arm-none-eabi/lib/thumb/v7e-m/fpv4-sp/hard\libnosys.a(sbrk.o)
