Archive member included to satisfy reference by file (symbol)

c:/st/stm32cubeide_1.2.0/stm32cubeide/plugins/com.st.stm32cube.ide.mcu.externaltools.gnu-tools-for-stm32.7-2018-q2-update.win32_1.0.0.201904181610/tools/bin/../lib/gcc/arm-none-eabi/7.3.1/../../../../arm-none-eabi/lib/thumb/v7e-m/fpv4-sp/hard\libc_nano.a(lib_a-errno.o)
                              Core/Src/syscalls.o (__errno)
c:/st/stm32cubeide_1.2.0/stm32cubeide/plugins/com.st.stm32cube.ide.mcu.externaltools.gnu-tools-for-stm32.7-2018-q2-update.win32_1.0.0.201904181610/tools/bin/../lib/gcc/arm-none-eabi/7.3.1/../../../../arm-none-eabi/lib/thumb/v7e-m/fpv4-sp/hard\libc_nano.a(lib_a-exit.o)
                              c:/st/stm32cubeide_1.2.0/stm32cubeide/plugins/com.st.stm32cube.ide.mcu.externaltools.gnu-tools-for-stm32.7-2018-q2-update.win32_1.0.0.201904181610/tools/bin/../lib/gcc/arm-none-eabi/7.3.1/../../../../arm-none-eabi/lib/thumb/v7e-m/fpv4-sp/hard/crt0.o (exit)
c:/st/stm32cubeide_1.2.0/stm32cubeide/plugins/com.st.stm32cube.ide.mcu.externaltools.gnu-tools-for-stm32.7-2018-q2-update.win32_1.0.0.201904181610/tools/bin/../lib/gcc/arm-none-eabi/7.3.1/../../../../arm-none-eabi/lib/thumb/v7e-m/fpv4-sp/hard\libc_nano.a(lib_a-impure.o)
                              c:/st/stm32cubeide_1.2.0/stm32cubeide/plugins/com.st.stm32cube.ide.mcu.externaltools.gnu-tools-for-stm32.7-2018-q2-update.win32_1.0.0.201904181610/tools/bin/../lib/gcc/arm-none-eabi/7.3.1/../../../../arm-none-eabi/lib/thumb/v7e-m/fpv4-sp/hard\libc_nano.a(lib_a-exit.o) (_global_impure_ptr)
c:/st/stm32cubeide_1.2.0/stm32cubeide/plugins/com.st.stm32cube.ide.mcu.externaltools.gnu-tools-for-stm32.7-2018-q2-update.win32_1.0.0.201904181610/tools/bin/../lib/gcc/arm-none-eabi/7.3.1/../../../../arm-none-eabi/lib/thumb/v7e-m/fpv4-sp/hard\libc_nano.a(lib_a-init.o)
                              c:/st/stm32cubeide_1.2.0/stm32cubeide/plugins/com.st.stm32cube.ide.mcu.externaltools.gnu-tools-for-stm32.7-2018-q2-update.win32_1.0.0.201904181610/tools/bin/../lib/gcc/arm-none-eabi/7.3.1/../../../../arm-none-eabi/lib/thumb/v7e-m/fpv4-sp/hard/crt0.o (__libc_init_array)
c:/st/stm32cubeide_1.2.0/stm32cubeide/plugins/com.st.stm32cube.ide.mcu.externaltools.gnu-tools-for-stm32.7-2018-q2-update.win32_1.0.0.201904181610/tools/bin/../lib/gcc/arm-none-eabi/7.3.1/../../../../arm-none-eabi/lib/thumb/v7e-m/fpv4-sp/hard\libc_nano.a(lib_a-locale.o)
                              Drivers/ArcadeIT_Lib/System/ArcadeIT_Utilities.o (__locale_ctype_ptr)
c:/st/stm32cubeide_1.2.0/stm32cubeide/plugins/com.st.stm32cube.ide.mcu.externaltools.gnu-tools-for-stm32.7-2018-q2-update.win32_1.0.0.201904181610/tools/bin/../lib/gcc/arm-none-eabi/7.3.1/../../../../arm-none-eabi/lib/thumb/v7e-m/fpv4-sp/hard\libc_nano.a(lib_a-mbtowc_r.o)
                              c:/st/stm32cubeide_1.2.0/stm32cubeide/plugins/com.st.stm32cube.ide.mcu.externaltools.gnu-tools-for-stm32.7-2018-q2-update.win32_1.0.0.201904181610/tools/bin/../lib/gcc/arm-none-eabi/7.3.1/../../../../arm-none-eabi/lib/thumb/v7e-m/fpv4-sp/hard\libc_nano.a(lib_a-locale.o) (__ascii_mbtowc)
c:/st/stm32cubeide_1.2.0/stm32cubeide/plugins/com.st.stm32cube.ide.mcu.externaltools.gnu-tools-for-stm32.7-2018-q2-update.win32_1.0.0.201904181610/tools/bin/../lib/gcc/arm-none-eabi/7.3.1/../../../../arm-none-eabi/lib/thumb/v7e-m/fpv4-sp/hard\libc_nano.a(lib_a-memset.o)
                              c:/st/stm32cubeide_1.2.0/stm32cubeide/plugins/com.st.stm32cube.ide.mcu.externaltools.gnu-tools-for-stm32.7-2018-q2-update.win32_1.0.0.201904181610/tools/bin/../lib/gcc/arm-none-eabi/7.3.1/../../../../arm-none-eabi/lib/thumb/v7e-m/fpv4-sp/hard/crt0.o (memset)
c:/st/stm32cubeide_1.2.0/stm32cubeide/plugins/com.st.stm32cube.ide.mcu.externaltools.gnu-tools-for-stm32.7-2018-q2-update.win32_1.0.0.201904181610/tools/bin/../lib/gcc/arm-none-eabi/7.3.1/../../../../arm-none-eabi/lib/thumb/v7e-m/fpv4-sp/hard\libc_nano.a(lib_a-sprintf.o)
                              Drivers/ArcadeIT_Lib/System/ArcadeIT_Utilities.o (sprintf)
c:/st/stm32cubeide_1.2.0/stm32cubeide/plugins/com.st.stm32cube.ide.mcu.externaltools.gnu-tools-for-stm32.7-2018-q2-update.win32_1.0.0.201904181610/tools/bin/../lib/gcc/arm-none-eabi/7.3.1/../../../../arm-none-eabi/lib/thumb/v7e-m/fpv4-sp/hard\libc_nano.a(lib_a-strcmp.o)
                              c:/st/stm32cubeide_1.2.0/stm32cubeide/plugins/com.st.stm32cube.ide.mcu.externaltools.gnu-tools-for-stm32.7-2018-q2-update.win32_1.0.0.201904181610/tools/bin/../lib/gcc/arm-none-eabi/7.3.1/../../../../arm-none-eabi/lib/thumb/v7e-m/fpv4-sp/hard\libc_nano.a(lib_a-locale.o) (strcmp)
c:/st/stm32cubeide_1.2.0/stm32cubeide/plugins/com.st.stm32cube.ide.mcu.externaltools.gnu-tools-for-stm32.7-2018-q2-update.win32_1.0.0.201904181610/tools/bin/../lib/gcc/arm-none-eabi/7.3.1/../../../../arm-none-eabi/lib/thumb/v7e-m/fpv4-sp/hard\libc_nano.a(lib_a-strlen.o)
                              Drivers/ArcadeIT_Lib/System/ArcadeIT_Utilities.o (strlen)
[...]
Memory Configuration

Name             Origin             Length             Attributes
CCMRAM           0x0000000010000000 0x0000000000010000 xrw
RAM              0x0000000020000000 0x0000000000050000 xrw
FLASH            0x0000000008000000 0x0000000000200000 xr
*default*        0x0000000000000000 0xffffffffffffffff

Linker script and memory map

LOAD c:/st/stm32cubeide_1.2.0/stm32cubeide/plugins/com.st.stm32cube.ide.mcu.externaltools.gnu-tools-for-stm32.7-2018-q2-update.win32_1.0.0.201904181610/tools/bin/../lib/gcc/arm-none-eabi/7.3.1/thumb/v7e-m/fpv4-sp/hard/crti.o
LOAD c:/st/stm32cubeide_1.2.0/stm32cubeide/plugins/com.st.stm32cube.ide.mcu.externaltools.gnu-tools-for-stm32.7-2018-q2-update.win32_1.0.0.201904181610/tools/bin/../lib/gcc/arm-none-eabi/7.3.1/thumb/v7e-m/fpv4-sp/hard/crtbegin.o
LOAD c:/st/stm32cubeide_1.2.0/stm32cubeide/plugins/com.st.stm32cube.ide.mcu.externaltools.gnu-tools-for-stm32.7-2018-q2-update.win32_1.0.0.201904181610/tools/bin/../lib/gcc/arm-none-eabi/7.3.1/../../../../arm-none-eabi/lib/thumb/v7e-m/fpv4-sp/hard/crt0.o
LOAD Core/Src/main.o
LOAD Core/Src/stm32f4xx_it.o
LOAD Core/Src/syscalls.o
LOAD Core/Src/sysmem.o
LOAD Core/Src/system_stm32f4xx.o
LOAD Core/Startup/startup_stm32f469iitx.o
LOAD Drivers/ArcadeIT_Lib/System/ArcadeIT_Firmware.o
LOAD Drivers/ArcadeIT_Lib/System/ArcadeIT_Utilities.o
LOAD Drivers/ArcadeIT_Lib/System/Peripherals/ArcadeIT_TestPads.o
START GROUP
LOAD c:/st/stm32cubeide_1.2.0/stm32cubeide/plugins/com.st.stm32cube.ide.mcu.externaltools.gnu-tools-for-stm32.7-2018-q2-update.win32_1.0.0.201904181610/tools/bin/../lib/gcc/arm-none-eabi/7.3.1/../../../../arm-none-eabi/lib/thumb/v7e-m/fpv4-sp/hard\libc_nano.a
LOAD c:/st/stm32cubeide_1.2.0/stm32cubeide/plugins/com.st.stm32cube.ide.mcu.externaltools.gnu-tools-for-stm32.7-2018-q2-update.win32_1.0.0.201904181610/tools/bin/../lib/gcc/arm-none-eabi/7.3.1/../../../../arm-none-eabi/lib/thumb/v7e-m/fpv4-sp/hard\libm.a
END GROUP
START GROUP
LOAD c:/st/stm32cubeide_1.2.0/stm32cubeide/plugins/com.st.stm32cube.ide.mcu.externaltools.gnu-tools-for-stm32.7-2018-q2-update.win32_1.0.0.201904181610/tools/bin/../lib/gcc/arm-none-eabi/7.3.1/thumb/v7e-m/fpv4-sp/hard\libgcc.a
LOAD c:/st/stm32cubeide_1.2.0/stm32cubeide/plugins/com.st.stm32cube.ide.mcu.externaltools.gnu-tools-for-stm32.7-2018-q2-update.win32_1.0.0.201904181610/tools/bin/../lib/gcc/arm-none-eabi/7.3.1/../../../../arm-none-eabi/lib/thumb/v7e-m/fpv4-sp/hard\libc_nano.a
END GROUP
START GROUP
LOAD c:/st/stm32cubeide_1.2.0/stm32cubeide/plugins/com.st.stm32cube.ide.mcu.externaltools.gnu-tools-for-stm32.7-2018-q2-update.win32_1.0.0.201904181610/tools/bin/../lib/gcc/arm-none-eabi/7.3.1/thumb/v7e-m/fpv4-sp/hard\libgcc.a
LOAD c:/st/stm32cubeide_1.2.0/stm32cubeide/plugins/com.st.stm32cube.ide.mcu.externaltools.gnu-tools-for-stm32.7-2018-q2-update.win32_1.0.0.201904181610/tools/bin/../lib/gcc/arm-none-eabi/7.3.1/../../../../arm-none-eabi/lib/thumb/v7e-m/fpv4-sp/hard\libc_nano.a
LOAD c:/st/stm32cubeide_1.2.0/stm32cubeide/plugins/com.st.stm32cube.ide.mcu.externaltools.gnu-tools-for-stm32.7-2018-q2-update.win32_1.0.0.201904181610/tools/bin/../lib/gcc/arm-none-eabi/7.3.1/../../../../arm-none-eabi/lib/thumb/v7e-m/fpv4-sp/hard\libnosys.a
END GROUP
START GROUP
LOAD c:/st/stm32cubeide_1.2.0/stm32cubeide/plugins/com.st.stm32cube.ide.mcu.externaltools.gnu-tools-for-stm32.7-2018-q2-update.win32_1.0.0.201904181610/tools/bin/../lib/gcc/arm-none-eabi/7.3.1/thumb/v7e-m/fpv4-sp/hard\libgcc.a
LOAD c:/st/stm32cubeide_1.2.0/stm32cubeide/plugins/com.st.stm32cube.ide.mcu.externaltools.gnu-tools-for-stm32.7-2018-q2-update.win32_1.0.0.201904181610/tools/bin/../lib/gcc/arm-none-eabi/7.3.1/../../../../arm-none-eabi/lib/thumb/v7e-m/fpv4-sp/hard\libc_nano.a
LOAD c:/st/stm32cubeide_1.2.0/stm32cubeide/plugins/com.st.stm32cube.ide.mcu.externaltools.gnu-tools-for-stm32.7-2018-q2-update.win32_1.0.0.201904181610/tools/bin/../lib/gcc/arm-none-eabi/7.3.1/../../../../arm-none-eabi/lib/thumb/v7e-m/fpv4-sp/hard\libnosys.a
END GROUP
LOAD c:/st/stm32cubeide_1.2.0/stm32cubeide/plugins/com.st.stm32cube.ide.mcu.externaltools.gnu-tools-for-stm32.7-2018-q2-update.win32_1.0.0.201904181610/tools/bin/../lib/gcc/arm-none-eabi/7.3.1/thumb/v7e-m/fpv4-sp/hard/crtend.o
LOAD c:/st/stm32cubeide_1.2.0/stm32cubeide/plugins/com.st.stm32cube.ide.mcu.externaltools.gnu-tools-for-stm32.7-2018-q2-update.win32_1.0.0.201904181610/tools/bin/../lib/gcc/arm-none-eabi/7.3.1/thumb/v7e-m/fpv4-sp/hard/crtn.o
                0x0000000020050000                _estack = (ORIGIN (RAM) + LENGTH (RAM))
                0x0000000000000200                _Min_Heap_Size = 0x200
                0x0000000000000400                _Min_Stack_Size = 0x400

.isr_vector     0x0000000008000000      0x1b4
                0x0000000008000000                . = ALIGN (0x4)
 *(.isr_vector)
 .isr_vector    0x0000000008000000      0x1b4 Core/Startup/startup_stm32f469iitx.o
                0x0000000008000000                g_pfnVectors
                0x00000000080001b4                . = ALIGN (0x4)

.text           0x00000000080001b4      0x148
                0x00000000080001b4                . = ALIGN (0x4)
 *(.text)
 .text          0x00000000080001b4       0x40 c:/st/stm32cubeide_1.2.0/stm32cubeide/plugins/com.st.stm32cube.ide.mcu.externaltools.gnu-tools-for-stm32.7-2018-q2-update.win32_1.0.0.201904181610/tools/bin/../lib/gcc/arm-none-eabi/7.3.1/thumb/v7e-m/fpv4-sp/hard/crtbegin.o
 *(.text*)
 .text.startup.main
                0x00000000080001f4        0xa Core/Src/main.o
                0x00000000080001f4                main
 .text.NMI_Handler
                0x00000000080001fe        0x2 Core/Src/stm32f4xx_it.o
                0x00000000080001fe                NMI_Handler
 .text.HardFault_Handler
                0x0000000008000200        0x2 Core/Src/stm32f4xx_it.o
                0x0000000008000200                HardFault_Handler
 .text.MemManage_Handler
                0x0000000008000202        0x2 Core/Src/stm32f4xx_it.o
                0x0000000008000202                MemManage_Handler
 .text.BusFault_Handler
                0x0000000008000204        0x2 Core/Src/stm32f4xx_it.o
                0x0000000008000204                BusFault_Handler
 .text.UsageFault_Handler
                0x0000000008000206        0x2 Core/Src/stm32f4xx_it.o
                0x0000000008000206                UsageFault_Handler
 .text.SVC_Handler
                0x0000000008000208        0x2 Core/Src/stm32f4xx_it.o
                0x0000000008000208                SVC_Handler
 .text.DebugMon_Handler
                0x000000000800020a        0x2 Core/Src/stm32f4xx_it.o
                0x000000000800020a                DebugMon_Handler
 .text.PendSV_Handler
                0x000000000800020c        0x2 Core/Src/stm32f4xx_it.o
                0x000000000800020c                PendSV_Handler
 .text.SysTick_Handler
                0x000000000800020e        0x2 Core/Src/stm32f4xx_it.o
                0x000000000800020e                SysTick_Handler
 .text.SystemInit
                0x0000000008000210       0x1c Core/Src/system_stm32f4xx.o
                0x0000000008000210                SystemInit
 .text.Reset_Handler
                0x000000000800022c       0x50 Core/Startup/startup_stm32f469iitx.o
                0x000000000800022c                Reset_Handler
 .text.Default_Handler
                0x000000000800027c        0x2 Core/Startup/startup_stm32f469iitx.o
                0x000000000800027c                RTC_Alarm_IRQHandler
                0x000000000800027c                HASH_RNG_IRQHandler
                0x000000000800027c                EXTI2_IRQHandler
                0x000000000800027c                TIM8_CC_IRQHandler
                0x000000000800027c                UART8_IRQHandler
                0x000000000800027c                SPI4_IRQHandler
                0x000000000800027c                TIM1_CC_IRQHandler
                0x000000000800027c                DMA2_Stream5_IRQHandler
                0x000000000800027c                DMA1_Stream5_IRQHandler
                0x000000000800027c                PVD_IRQHandler
                0x000000000800027c                SDIO_IRQHandler
                0x000000000800027c                TAMP_STAMP_IRQHandler
                0x000000000800027c                CAN2_RX1_IRQHandler
                0x000000000800027c                EXTI3_IRQHandler
                0x000000000800027c                TIM8_TRG_COM_TIM14_IRQHandler
                0x000000000800027c                TIM1_UP_TIM10_IRQHandler
                0x000000000800027c                TIM8_UP_TIM13_IRQHandler
                0x000000000800027c                I2C3_ER_IRQHandler
                0x000000000800027c                EXTI0_IRQHandler
                0x000000000800027c                I2C2_EV_IRQHandler
                0x000000000800027c                DMA1_Stream2_IRQHandler
                0x000000000800027c                CAN1_RX0_IRQHandler
                0x000000000800027c                FPU_IRQHandler
                0x000000000800027c                OTG_HS_WKUP_IRQHandler
                0x000000000800027c                LTDC_ER_IRQHandler
                0x000000000800027c                CAN2_SCE_IRQHandler
                0x000000000800027c                DMA2_Stream2_IRQHandler
                0x000000000800027c                SPI1_IRQHandler
                0x000000000800027c                TIM6_DAC_IRQHandler
                0x000000000800027c                TIM1_BRK_TIM9_IRQHandler
                0x000000000800027c                DCMI_IRQHandler
                0x000000000800027c                CAN2_RX0_IRQHandler
                0x000000000800027c                DMA2_Stream3_IRQHandler
                0x000000000800027c                USART6_IRQHandler
                0x000000000800027c                USART3_IRQHandler
                0x000000000800027c                CAN1_RX1_IRQHandler
                0x000000000800027c                UART5_IRQHandler
                0x000000000800027c                DMA2_Stream0_IRQHandler
                0x000000000800027c                TIM4_IRQHandler
                0x000000000800027c                QUADSPI_IRQHandler
                0x000000000800027c                I2C1_EV_IRQHandler
                0x000000000800027c                DMA1_Stream6_IRQHandler
                0x000000000800027c                DMA1_Stream1_IRQHandler
                0x000000000800027c                UART4_IRQHandler
                0x000000000800027c                TIM3_IRQHandler
                0x000000000800027c                RCC_IRQHandler
                0x000000000800027c                TIM8_BRK_TIM12_IRQHandler
                0x000000000800027c                Default_Handler
                0x000000000800027c                EXTI15_10_IRQHandler
                0x000000000800027c                ADC_IRQHandler
                0x000000000800027c                DMA1_Stream7_IRQHandler
                0x000000000800027c                SPI5_IRQHandler
                0x000000000800027c                TIM7_IRQHandler
                0x000000000800027c                CAN2_TX_IRQHandler
                0x000000000800027c                TIM5_IRQHandler
                0x000000000800027c                DMA2_Stream7_IRQHandler
                0x000000000800027c                I2C3_EV_IRQHandler
                0x000000000800027c                EXTI9_5_IRQHandler
                0x000000000800027c                RTC_WKUP_IRQHandler
                0x000000000800027c                LTDC_IRQHandler
                0x000000000800027c                ETH_WKUP_IRQHandler
                0x000000000800027c                SPI2_IRQHandler
                0x000000000800027c                OTG_HS_EP1_IN_IRQHandler
                0x000000000800027c                DMA1_Stream0_IRQHandler
                0x000000000800027c                CAN1_TX_IRQHandler
                0x000000000800027c                EXTI4_IRQHandler
                0x000000000800027c                DSI_IRQHandler
                0x000000000800027c                ETH_IRQHandler
                0x000000000800027c                OTG_HS_EP1_OUT_IRQHandler
                0x000000000800027c                WWDG_IRQHandler
                0x000000000800027c                SPI6_IRQHandler
                0x000000000800027c                TIM2_IRQHandler
                0x000000000800027c                OTG_FS_WKUP_IRQHandler
                0x000000000800027c                TIM1_TRG_COM_TIM11_IRQHandler
                0x000000000800027c                OTG_HS_IRQHandler
                0x000000000800027c                DMA2D_IRQHandler
                0x000000000800027c                EXTI1_IRQHandler
                0x000000000800027c                UART7_IRQHandler
                0x000000000800027c                USART2_IRQHandler
                0x000000000800027c                I2C2_ER_IRQHandler
                0x000000000800027c                DMA2_Stream1_IRQHandler
                0x000000000800027c                CAN1_SCE_IRQHandler
                0x000000000800027c                FLASH_IRQHandler
                0x000000000800027c                DMA2_Stream4_IRQHandler
                0x000000000800027c                USART1_IRQHandler
                0x000000000800027c                OTG_FS_IRQHandler
                0x000000000800027c                SPI3_IRQHandler
                0x000000000800027c                DMA1_Stream4_IRQHandler
                0x000000000800027c                I2C1_ER_IRQHandler
                0x000000000800027c                FMC_IRQHandler
                0x000000000800027c                DMA2_Stream6_IRQHandler
                0x000000000800027c                SAI1_IRQHandler
                0x000000000800027c                DMA1_Stream3_IRQHandler
 *fill*         0x000000000800027e        0x2 
 .text.ArcadeIT_Test_Bench
                0x0000000008000280       0x1c Drivers/ArcadeIT_Lib/System/ArcadeIT_Firmware.o
                0x0000000008000280                ArcadeIT_Test_Bench
 .text.__libc_init_array
                0x000000000800029c       0x48 c:/st/stm32cubeide_1.2.0/stm32cubeide/plugins/com.st.stm32cube.ide.mcu.externaltools.gnu-tools-for-stm32.7-2018-q2-update.win32_1.0.0.201904181610/tools/bin/../lib/gcc/arm-none-eabi/7.3.1/../../../../arm-none-eabi/lib/thumb/v7e-m/fpv4-sp/hard\libc_nano.a(lib_a-init.o)
                0x000000000800029c                __libc_init_array
 *(.glue_7)
 .glue_7        0x00000000080002e4        0x0 linker stubs
 *(.glue_7t)
 .glue_7t       0x00000000080002e4        0x0 linker stubs
 *(.eh_frame)
 .eh_frame      0x00000000080002e4        0x0 c:/st/stm32cubeide_1.2.0/stm32cubeide/plugins/com.st.stm32cube.ide.mcu.externaltools.gnu-tools-for-stm32.7-2018-q2-update.win32_1.0.0.201904181610/tools/bin/../lib/gcc/arm-none-eabi/7.3.1/thumb/v7e-m/fpv4-sp/hard/crtbegin.o
 *(.init)
 .init          0x00000000080002e4        0x4 c:/st/stm32cubeide_1.2.0/stm32cubeide/plugins/com.st.stm32cube.ide.mcu.externaltools.gnu-tools-for-stm32.7-2018-q2-update.win32_1.0.0.201904181610/tools/bin/../lib/gcc/arm-none-eabi/7.3.1/thumb/v7e-m/fpv4-sp/hard/crti.o
                0x00000000080002e4                _init
 .init          0x00000000080002e8        0x8 c:/st/stm32cubeide_1.2.0/stm32cubeide/plugins/com.st.stm32cube.ide.mcu.externaltools.gnu-tools-for-stm32.7-2018-q2-update.win32_1.0.0.201904181610/tools/bin/../lib/gcc/arm-none-eabi/7.3.1/thumb/v7e-m/fpv4-sp/hard/crtn.o
 *(.fini)
 .fini          0x00000000080002f0        0x4 c:/st/stm32cubeide_1.2.0/stm32cubeide/plugins/com.st.stm32cube.ide.mcu.externaltools.gnu-tools-for-stm32.7-2018-q2-update.win32_1.0.0.201904181610/tools/bin/../lib/gcc/arm-none-eabi/7.3.1/thumb/v7e-m/fpv4-sp/hard/crti.o
                0x00000000080002f0                _fini
 .fini          0x00000000080002f4        0x8 c:/st/stm32cubeide_1.2.0/stm32cubeide/plugins/com.st.stm32cube.ide.mcu.externaltools.gnu-tools-for-stm32.7-2018-q2-update.win32_1.0.0.201904181610/tools/bin/../lib/gcc/arm-none-eabi/7.3.1/thumb/v7e-m/fpv4-sp/hard/crtn.o
                0x00000000080002fc                . = ALIGN (0x4)
                0x00000000080002fc                _etext = .

.vfp11_veneer   0x00000000080002fc        0x0
 .vfp11_veneer  0x00000000080002fc        0x0 linker stubs

.v4_bx          0x00000000080002fc        0x0
 .v4_bx         0x00000000080002fc        0x0 linker stubs

.iplt           0x00000000080002fc        0x0
 .iplt          0x00000000080002fc        0x0 c:/st/stm32cubeide_1.2.0/stm32cubeide/plugins/com.st.stm32cube.ide.mcu.externaltools.gnu-tools-for-stm32.7-2018-q2-update.win32_1.0.0.201904181610/tools/bin/../lib/gcc/arm-none-eabi/7.3.1/thumb/v7e-m/fpv4-sp/hard/crtbegin.o

.rel.dyn        0x00000000080002fc        0x0
 .rel.iplt      0x00000000080002fc        0x0 c:/st/stm32cubeide_1.2.0/stm32cubeide/plugins/com.st.stm32cube.ide.mcu.externaltools.gnu-tools-for-stm32.7-2018-q2-update.win32_1.0.0.201904181610/tools/bin/../lib/gcc/arm-none-eabi/7.3.1/thumb/v7e-m/fpv4-sp/hard/crtbegin.o

.rodata         0x00000000080002fc        0x0
                0x00000000080002fc                . = ALIGN (0x4)
 *(.rodata)
 *(.rodata*)
                0x00000000080002fc                . = ALIGN (0x4)

.ARM.extab      0x00000000080002fc        0x0
                0x00000000080002fc                . = ALIGN (0x4)
 *(.ARM.extab* .gnu.linkonce.armextab.*)
                0x00000000080002fc                . = ALIGN (0x4)

.ARM            0x00000000080002fc        0x0
                0x00000000080002fc                . = ALIGN (0x4)
                0x00000000080002fc                __exidx_start = .
 *(.ARM.exidx*)
                0x00000000080002fc                __exidx_end = .
                0x00000000080002fc                . = ALIGN (0x4)

.preinit_array  0x00000000080002fc        0x0
                0x00000000080002fc                . = ALIGN (0x4)
                0x00000000080002fc                PROVIDE (__preinit_array_start = .)
 *(.preinit_array*)
                0x00000000080002fc                PROVIDE (__preinit_array_end = .)
                0x00000000080002fc                . = ALIGN (0x4)

.init_array     0x00000000080002fc        0x4
                0x00000000080002fc                . = ALIGN (0x4)
                0x00000000080002fc                PROVIDE (__init_array_start = .)
 *(SORT_BY_NAME(.init_array.*))
 *(.init_array*)
 .init_array    0x00000000080002fc        0x4 c:/st/stm32cubeide_1.2.0/stm32cubeide/plugins/com.st.stm32cube.ide.mcu.externaltools.gnu-tools-for-stm32.7-2018-q2-update.win32_1.0.0.201904181610/tools/bin/../lib/gcc/arm-none-eabi/7.3.1/thumb/v7e-m/fpv4-sp/hard/crtbegin.o
                0x0000000008000300                PROVIDE (__init_array_end = .)
                0x0000000008000300                . = ALIGN (0x4)

.fini_array     0x0000000008000300        0x4
                0x0000000008000300                . = ALIGN (0x4)
                [!provide]                        PROVIDE (__fini_array_start = .)
 *(SORT_BY_NAME(.fini_array.*))
 *(.fini_array*)
 .fini_array    0x0000000008000300        0x4 c:/st/stm32cubeide_1.2.0/stm32cubeide/plugins/com.st.stm32cube.ide.mcu.externaltools.gnu-tools-for-stm32.7-2018-q2-update.win32_1.0.0.201904181610/tools/bin/../lib/gcc/arm-none-eabi/7.3.1/thumb/v7e-m/fpv4-sp/hard/crtbegin.o
                [!provide]                        PROVIDE (__fini_array_end = .)
                0x0000000008000304                . = ALIGN (0x4)
                0x0000000008000304                _sidata = LOADADDR (.data)

.data           0x0000000020000000        0x0 load address 0x0000000008000304
                0x0000000020000000                . = ALIGN (0x4)
                0x0000000020000000                _sdata = .
 *(.data)
 *(.data*)
                0x0000000020000000                . = ALIGN (0x4)
                0x0000000020000000                _edata = .

.igot.plt       0x0000000020000000        0x0 load address 0x0000000008000304
 .igot.plt      0x0000000020000000        0x0 c:/st/stm32cubeide_1.2.0/stm32cubeide/plugins/com.st.stm32cube.ide.mcu.externaltools.gnu-tools-for-stm32.7-2018-q2-update.win32_1.0.0.201904181610/tools/bin/../lib/gcc/arm-none-eabi/7.3.1/thumb/v7e-m/fpv4-sp/hard/crtbegin.o
                0x0000000020000000                . = ALIGN (0x4)

.bss            0x0000000020000000       0x28 load address 0x0000000008000304
                0x0000000020000000                _sbss = .
                0x0000000020000000                __bss_start__ = _sbss
 *(.bss)
 .bss           0x0000000020000000       0x1c c:/st/stm32cubeide_1.2.0/stm32cubeide/plugins/com.st.stm32cube.ide.mcu.externaltools.gnu-tools-for-stm32.7-2018-q2-update.win32_1.0.0.201904181610/tools/bin/../lib/gcc/arm-none-eabi/7.3.1/thumb/v7e-m/fpv4-sp/hard/crtbegin.o
 *(.bss*)
 .bss.gDevices  0x000000002000001c        0x4 Drivers/ArcadeIT_Lib/System/ArcadeIT_Firmware.o
                0x000000002000001c                gDevices
 .bss.gStorage  0x0000000020000020        0x4 Drivers/ArcadeIT_Lib/System/ArcadeIT_Firmware.o
                0x0000000020000020                gStorage
 .bss.gSystems  0x0000000020000024        0x4 Drivers/ArcadeIT_Lib/System/ArcadeIT_Firmware.o
                0x0000000020000024                gSystems
 *(COMMON)
                0x0000000020000028                . = ALIGN (0x4)
                0x0000000020000028                _ebss = .
                0x0000000020000028                __bss_end__ = _ebss

._user_heap_stack
                0x0000000020000028      0x600 load address 0x0000000008000304
                0x0000000020000028                . = ALIGN (0x8)
                0x0000000020000028                PROVIDE (end = .)
                [!provide]                        PROVIDE (_end = .)
                0x0000000020000228                . = (. + _Min_Heap_Size)
 *fill*         0x0000000020000028      0x200 
                0x0000000020000628                . = (. + _Min_Stack_Size)
 *fill*         0x0000000020000228      0x400 
                0x0000000020000628                . = ALIGN (0x8)

/DISCARD/
 libc.a(*)
 libm.a(*)
 libgcc.a(*)

.ARM.attributes
                0x0000000000000000       0x30
 *(.ARM.attributes)
 .ARM.attributes
                0x0000000000000000       0x22 c:/st/stm32cubeide_1.2.0/stm32cubeide/plugins/com.st.stm32cube.ide.mcu.externaltools.gnu-tools-for-stm32.7-2018-q2-update.win32_1.0.0.201904181610/tools/bin/../lib/gcc/arm-none-eabi/7.3.1/thumb/v7e-m/fpv4-sp/hard/crti.o
 .ARM.attributes
                0x0000000000000022       0x34 c:/st/stm32cubeide_1.2.0/stm32cubeide/plugins/com.st.stm32cube.ide.mcu.externaltools.gnu-tools-for-stm32.7-2018-q2-update.win32_1.0.0.201904181610/tools/bin/../lib/gcc/arm-none-eabi/7.3.1/thumb/v7e-m/fpv4-sp/hard/crtbegin.o
 .ARM.attributes
                0x0000000000000056       0x39 Core/Src/main.o
 .ARM.attributes
                0x000000000000008f       0x39 Core/Src/stm32f4xx_it.o
 .ARM.attributes
                0x00000000000000c8       0x39 Core/Src/system_stm32f4xx.o
 .ARM.attributes
                0x0000000000000101       0x21 Core/Startup/startup_stm32f469iitx.o
 .ARM.attributes
                0x0000000000000122       0x39 Drivers/ArcadeIT_Lib/System/ArcadeIT_Firmware.o
 .ARM.attributes
                0x000000000000015b       0x34 c:/st/stm32cubeide_1.2.0/stm32cubeide/plugins/com.st.stm32cube.ide.mcu.externaltools.gnu-tools-for-stm32.7-2018-q2-update.win32_1.0.0.201904181610/tools/bin/../lib/gcc/arm-none-eabi/7.3.1/../../../../arm-none-eabi/lib/thumb/v7e-m/fpv4-sp/hard\libc_nano.a(lib_a-init.o)
 .ARM.attributes
                0x000000000000018f       0x22 c:/st/stm32cubeide_1.2.0/stm32cubeide/plugins/com.st.stm32cube.ide.mcu.externaltools.gnu-tools-for-stm32.7-2018-q2-update.win32_1.0.0.201904181610/tools/bin/../lib/gcc/arm-none-eabi/7.3.1/thumb/v7e-m/fpv4-sp/hard/crtn.o
OUTPUT(ArcadeIT_Ver020_F469_CMSIS.elf elf32-littlearm)

.comment        0x0000000000000000       0x7b
 .comment       0x0000000000000000       0x7b Core/Src/main.o
                                         0x7c (size before relaxing)
 .comment       0x000000000000007b       0x7c Core/Src/stm32f4xx_it.o
 .comment       0x000000000000007b       0x7c Core/Src/system_stm32f4xx.o
 .comment       0x000000000000007b       0x7c Drivers/ArcadeIT_Lib/System/ArcadeIT_Firmware.o

.debug_frame    0x0000000000000000       0x2c
 .debug_frame   0x0000000000000000       0x2c c:/st/stm32cubeide_1.2.0/stm32cubeide/plugins/com.st.stm32cube.ide.mcu.externaltools.gnu-tools-for-stm32.7-2018-q2-update.win32_1.0.0.201904181610/tools/bin/../lib/gcc/arm-none-eabi/7.3.1/../../../../arm-none-eabi/lib/thumb/v7e-m/fpv4-sp/hard\libc_nano.a(lib_a-init.o)
