Archive member included to satisfy reference by file (symbol)

c:/st/stm32cubeide_1.2.0/stm32cubeide/plugins/com.st.stm32cube.ide.mcu.externaltools.gnu-tools-for-stm32.7-2018-q2-update.win32_1.0.0.201904181610/tools/bin/../lib/gcc/arm-none-eabi/7.3.1/../../../../arm-none-eabi/lib/thumb/v7e-m/fpv4-sp/hard\libc_nano.a(lib_a-errno.o)
                              Core/Src/syscalls.o (__errno)
c:/st/stm32cubeide_1.2.0/stm32cubeide/plugins/com.st.stm32cube.ide.mcu.externaltools.gnu-tools-for-stm32.7-2018-q2-update.win32_1.0.0.201904181610/tools/bin/../lib/gcc/arm-none-eabi/7.3.1/../../../../arm-none-eabi/lib/thumb/v7e-m/fpv4-sp/hard\libc_nano.a(lib_a-exit.o)
                              c:/st/stm32cubeide_1.2.0/stm32cubeide/plugins/com.st.stm32cube.ide.mcu.externaltools.gnu-tools-for-stm32.7-2018-q2-update.win32_1.0.0.201904181610/tools/bin/../lib/gcc/arm-none-eabi/7.3.1/../../../../arm-none-eabi/lib/thumb/v7e-m/fpv4-sp/hard/crt0.o (exit)
c:/st/stm32cubeide_1.2.0/stm32cubeide/plugins/com.st.stm32cube.ide.mcu.externaltools.gnu-tools-for-stm32.7-2018-q2-update.win32_1.0.0.201904181610/tools/bin/../lib/gcc/arm-none-eabi/7.3.1/../../../../arm-none-eabi/lib/thumb/v7e-m/fpv4-sp/hard\libc_nano.a(lib_a-impure.o)
                              c:/st/stm32cubeide_1.2.0/stm32cubeide/plugins/com.st.stm32cube.ide.mcu.externaltools.gnu-tools-for-stm32.7-2018-q2-update.win32_1.0.0.201904181610/tools/bin/../lib/gcc/arm-none-eabi/7.3.1/../../../../arm-none-eabi/lib/thumb/v7e-m/fpv4-sp/hard\libc_nano.a(lib_a-exit.o) (_global_impure_ptr)
c:/st/stm32cubeide_1.2.0/stm32cubeide/plugins/com.st.stm32cube.ide.mcu.externaltools.gnu-tools-for-stm32.7-2018-q2-update.win32_1.0.0.201904181610/tools/bin/../lib/gcc/arm-none-eabi/7.3.1/../../../../arm-none-eabi/lib/thumb/v7e-m/fpv4-sp/hard\libc_nano.a(lib_a-init.o)
                              c:/st/stm32cubeide_1.2.0/stm32cubeide/plugins/com.st.stm32cube.ide.mcu.externaltools.gnu-tools-for-stm32.7-2018-q2-update.win32_1.0.0.201904181610/tools/bin/../lib/gcc/arm-none-eabi/7.3.1/../../../../arm-none-eabi/lib/thumb/v7e-m/fpv4-sp/hard/crt0.o (__libc_init_array)
c:/st/stm32cubeide_1.2.0/stm32cubeide/plugins/com.st.stm32cube.ide.mcu.externaltools.gnu-tools-for-stm32.7-2018-q2-update.win32_1.0.0.201904181610/tools/bin/../lib/gcc/arm-none-eabi/7.3.1/../../../../arm-none-eabi/lib/thumb/v7e-m/fpv4-sp/hard\libc_nano.a(lib_a-locale.o)
                              Drivers/ArcadeIT_Lib/System/ArcadeIT_Utilities.o (__locale_ctype_ptr)
c:/st/stm32cubeide_1.2.0/stm32cubeide/plugins/com.st.stm32cube.ide.mcu.externaltools.gnu-tools-for-stm32.7-2018-q2-update.win32_1.0.0.201904181610/tools/bin/../lib/gcc/arm-none-eabi/7.3.1/../../../../arm-none-eabi/lib/thumb/v7e-m/fpv4-sp/hard\libc_nano.a(lib_a-mbtowc_r.o)
                              c:/st/stm32cubeide_1.2.0/stm32cubeide/plugins/com.st.stm32cube.ide.mcu.externaltools.gnu-tools-for-stm32.7-2018-q2-update.win32_1.0.0.201904181610/tools/bin/../lib/gcc/arm-none-eabi/7.3.1/../../../../arm-none-eabi/lib/thumb/v7e-m/fpv4-sp/hard\libc_nano.a(lib_a-locale.o) (__ascii_mbtowc)
c:/st/stm32cubeide_1.2.0/stm32cubeide/plugins/com.st.stm32cube.ide.mcu.externaltools.gnu-tools-for-stm32.7-2018-q2-update.win32_1.0.0.201904181610/tools/bin/../lib/gcc/arm-none-eabi/7.3.1/../../../../arm-none-eabi/lib/thumb/v7e-m/fpv4-sp/hard\libc_nano.a(lib_a-memset.o)
                              c:/st/stm32cubeide_1.2.0/stm32cubeide/plugins/com.st.stm32cube.ide.mcu.externaltools.gnu-tools-for-stm32.7-2018-q2-update.win32_1.0.0.201904181610/tools/bin/../lib/gcc/arm-none-eabi/7.3.1/../../../../arm-none-eabi/lib/thumb/v7e-m/fpv4-sp/hard/crt0.o (memset)
c:/st/stm32cubeide_1.2.0/stm32cubeide/plugins/com.st.stm32cube.ide.mcu.externaltools.gnu-tools-for-stm32.7-2018-q2-update.win32_1.0.0.201904181610/tools/bin/../lib/gcc/arm-none-eabi/7.3.1/../../../../arm-none-eabi/lib/thumb/v7e-m/fpv4-sp/hard\libc_nano.a(lib_a-sprintf.o)
                              Drivers/ArcadeIT_Lib/System/ArcadeIT_Firmware.o (sprintf)
c:/st/stm32cubeide_1.2.0/stm32cubeide/plugins/com.st.stm32cube.ide.mcu.externaltools.gnu-tools-for-stm32.7-2018-q2-update.win32_1.0.0.201904181610/tools/bin/../lib/gcc/arm-none-eabi/7.3.1/../../../../arm-none-eabi/lib/thumb/v7e-m/fpv4-sp/hard\libc_nano.a(lib_a-strcmp.o)
                              c:/st/stm32cubeide_1.2.0/stm32cubeide/plugins/com.st.stm32cube.ide.mcu.externaltools.gnu-tools-for-stm32.7-2018-q2-update.win32_1.0.0.201904181610/tools/bin/../lib/gcc/arm-none-eabi/7.3.1/../../../../arm-none-eabi/lib/thumb/v7e-m/fpv4-sp/hard\libc_nano.a(lib_a-locale.o) (strcmp)
c:/st/stm32cubeide_1.2.0/stm32cubeide/plugins/com.st.stm32cube.ide.mcu.externaltools.gnu-tools-for-stm32.7-2018-q2-update.win32_1.0.0.201904181610/tools/bin/../lib/gcc/arm-none-eabi/7.3.1/../../../../arm-none-eabi/lib/thumb/v7e-m/fpv4-sp/hard\libc_nano.a(lib_a-strlen.o)
                              Drivers/ArcadeIT_Lib/System/ArcadeIT_Utilities.o (strlen)
[...]
Memory Configuration

Name             Origin             Length             Attributes
CCMRAM           0x0000000010000000 0x0000000000010000 xrw
RAM              0x0000000020000000 0x0000000000050000 xrw
FLASH            0x0000000008000000 0x0000000000200000 xr
*default*        0x0000000000000000 0xffffffffffffffff

Linker script and memory map

LOAD c:/st/stm32cubeide_1.2.0/stm32cubeide/plugins/com.st.stm32cube.ide.mcu.externaltools.gnu-tools-for-stm32.7-2018-q2-update.win32_1.0.0.201904181610/tools/bin/../lib/gcc/arm-none-eabi/7.3.1/thumb/v7e-m/fpv4-sp/hard/crti.o
LOAD c:/st/stm32cubeide_1.2.0/stm32cubeide/plugins/com.st.stm32cube.ide.mcu.externaltools.gnu-tools-for-stm32.7-2018-q2-update.win32_1.0.0.201904181610/tools/bin/../lib/gcc/arm-none-eabi/7.3.1/thumb/v7e-m/fpv4-sp/hard/crtbegin.o
LOAD c:/st/stm32cubeide_1.2.0/stm32cubeide/plugins/com.st.stm32cube.ide.mcu.externaltools.gnu-tools-for-stm32.7-2018-q2-update.win32_1.0.0.201904181610/tools/bin/../lib/gcc/arm-none-eabi/7.3.1/../../../../arm-none-eabi/lib/thumb/v7e-m/fpv4-sp/hard/crt0.o
LOAD Core/Src/main.o
LOAD Core/Src/stm32f4xx_it.o
LOAD Core/Src/syscalls.o
LOAD Core/Src/sysmem.o
LOAD Core/Src/system_stm32f4xx.o
LOAD Core/Startup/startup_stm32f469iitx.o
LOAD Drivers/ArcadeIT_Lib/Demofiles/ANSIGfx/ANSIGfxDemo_1.o
LOAD Drivers/ArcadeIT_Lib/System/ArcadeIT_Firmware.o
LOAD Drivers/ArcadeIT_Lib/System/ArcadeIT_Utilities.o
LOAD Drivers/ArcadeIT_Lib/System/Devices/ArcadeIT_Serial_Port.o
LOAD Drivers/ArcadeIT_Lib/System/Devices/ArcadeIT_Status_LEDs.o
LOAD Drivers/ArcadeIT_Lib/System/Devices/ArcadeIT_TestPads.o
LOAD Drivers/ArcadeIT_Lib/System/Units/ArcadeIT_Scheduler.o
START GROUP
LOAD c:/st/stm32cubeide_1.2.0/stm32cubeide/plugins/com.st.stm32cube.ide.mcu.externaltools.gnu-tools-for-stm32.7-2018-q2-update.win32_1.0.0.201904181610/tools/bin/../lib/gcc/arm-none-eabi/7.3.1/../../../../arm-none-eabi/lib/thumb/v7e-m/fpv4-sp/hard\libc_nano.a
LOAD c:/st/stm32cubeide_1.2.0/stm32cubeide/plugins/com.st.stm32cube.ide.mcu.externaltools.gnu-tools-for-stm32.7-2018-q2-update.win32_1.0.0.201904181610/tools/bin/../lib/gcc/arm-none-eabi/7.3.1/../../../../arm-none-eabi/lib/thumb/v7e-m/fpv4-sp/hard\libm.a
END GROUP
START GROUP
LOAD c:/st/stm32cubeide_1.2.0/stm32cubeide/plugins/com.st.stm32cube.ide.mcu.externaltools.gnu-tools-for-stm32.7-2018-q2-update.win32_1.0.0.201904181610/tools/bin/../lib/gcc/arm-none-eabi/7.3.1/thumb/v7e-m/fpv4-sp/hard\libgcc.a
LOAD c:/st/stm32cubeide_1.2.0/stm32cubeide/plugins/com.st.stm32cube.ide.mcu.externaltools.gnu-tools-for-stm32.7-2018-q2-update.win32_1.0.0.201904181610/tools/bin/../lib/gcc/arm-none-eabi/7.3.1/../../../../arm-none-eabi/lib/thumb/v7e-m/fpv4-sp/hard\libc_nano.a
END GROUP
START GROUP
LOAD c:/st/stm32cubeide_1.2.0/stm32cubeide/plugins/com.st.stm32cube.ide.mcu.externaltools.gnu-tools-for-stm32.7-2018-q2-update.win32_1.0.0.201904181610/tools/bin/../lib/gcc/arm-none-eabi/7.3.1/thumb/v7e-m/fpv4-sp/hard\libgcc.a
LOAD c:/st/stm32cubeide_1.2.0/stm32cubeide/plugins/com.st.stm32cube.ide.mcu.externaltools.gnu-tools-for-stm32.7-2018-q2-update.win32_1.0.0.201904181610/tools/bin/../lib/gcc/arm-none-eabi/7.3.1/../../../../arm-none-eabi/lib/thumb/v7e-m/fpv4-sp/hard\libc_nano.a
LOAD c:/st/stm32cubeide_1.2.0/stm32cubeide/plugins/com.st.stm32cube.ide.mcu.externaltools.gnu-tools-for-stm32.7-2018-q2-update.win32_1.0.0.201904181610/tools/bin/../lib/gcc/arm-none-eabi/7.3.1/../../../../arm-none-eabi/lib/thumb/v7e-m/fpv4-sp/hard\libnosys.a
END GROUP
START GROUP
LOAD c:/st/stm32cubeide_1.2.0/stm32cubeide/plugins/com.st.stm32cube.ide.mcu.externaltools.gnu-tools-for-stm32.7-2018-q2-update.win32_1.0.0.201904181610/tools/bin/../lib/gcc/arm-none-eabi/7.3.1/thumb/v7e-m/fpv4-sp/hard\libgcc.a
LOAD c:/st/stm32cubeide_1.2.0/stm32cubeide/plugins/com.st.stm32cube.ide.mcu.externaltools.gnu-tools-for-stm32.7-2018-q2-update.win32_1.0.0.201904181610/tools/bin/../lib/gcc/arm-none-eabi/7.3.1/../../../../arm-none-eabi/lib/thumb/v7e-m/fpv4-sp/hard\libc_nano.a
LOAD c:/st/stm32cubeide_1.2.0/stm32cubeide/plugins/com.st.stm32cube.ide.mcu.externaltools.gnu-tools-for-stm32.7-2018-q2-update.win32_1.0.0.201904181610/tools/bin/../lib/gcc/arm-none-eabi/7.3.1/../../../../arm-none-eabi/lib/thumb/v7e-m/fpv4-sp/hard\libnosys.a
END GROUP
LOAD c:/st/stm32cubeide_1.2.0/stm32cubeide/plugins/com.st.stm32cube.ide.mcu.externaltools.gnu-tools-for-stm32.7-2018-q2-update.win32_1.0.0.201904181610/tools/bin/../lib/gcc/arm-none-eabi/7.3.1/thumb/v7e-m/fpv4-sp/hard/crtend.o
LOAD c:/st/stm32cubeide_1.2.0/stm32cubeide/plugins/com.st.stm32cube.ide.mcu.externaltools.gnu-tools-for-stm32.7-2018-q2-update.win32_1.0.0.201904181610/tools/bin/../lib/gcc/arm-none-eabi/7.3.1/thumb/v7e-m/fpv4-sp/hard/crtn.o
                0x0000000020050000                _estack = (ORIGIN (RAM) + LENGTH (RAM))
                0x0000000000000200                _Min_Heap_Size = 0x200
                0x0000000000000400                _Min_Stack_Size = 0x400

.isr_vector     0x0000000008000000      0x1b4
                0x0000000008000000                . = ALIGN (0x4)
 *(.isr_vector)
 .isr_vector    0x0000000008000000      0x1b4 Core/Startup/startup_stm32f469iitx.o
                0x0000000008000000                g_pfnVectors
                0x00000000080001b4                . = ALIGN (0x4)

.text           0x00000000080001c0     0x1240
                0x00000000080001c0                . = ALIGN (0x4)
 *(.text)
 .text          0x00000000080001c0       0x40 c:/st/stm32cubeide_1.2.0/stm32cubeide/plugins/com.st.stm32cube.ide.mcu.externaltools.gnu-tools-for-stm32.7-2018-q2-update.win32_1.0.0.201904181610/tools/bin/../lib/gcc/arm-none-eabi/7.3.1/thumb/v7e-m/fpv4-sp/hard/crtbegin.o
 .text          0x0000000008000200       0xa0 c:/st/stm32cubeide_1.2.0/stm32cubeide/plugins/com.st.stm32cube.ide.mcu.externaltools.gnu-tools-for-stm32.7-2018-q2-update.win32_1.0.0.201904181610/tools/bin/../lib/gcc/arm-none-eabi/7.3.1/../../../../arm-none-eabi/lib/thumb/v7e-m/fpv4-sp/hard\libc_nano.a(lib_a-memchr.o)
                0x0000000008000200                memchr
 *(.text*)
 .text.main     0x00000000080002a0        0xa Core/Src/main.o
                0x00000000080002a0                main
 .text.NMI_Handler
                0x00000000080002aa        0x2 Core/Src/stm32f4xx_it.o
                0x00000000080002aa                NMI_Handler
 .text.HardFault_Handler
                0x00000000080002ac        0x2 Core/Src/stm32f4xx_it.o
                0x00000000080002ac                HardFault_Handler
 .text.MemManage_Handler
                0x00000000080002ae        0x2 Core/Src/stm32f4xx_it.o
                0x00000000080002ae                MemManage_Handler
 .text.BusFault_Handler
                0x00000000080002b0        0x2 Core/Src/stm32f4xx_it.o
                0x00000000080002b0                BusFault_Handler
 .text.UsageFault_Handler
                0x00000000080002b2        0x2 Core/Src/stm32f4xx_it.o
                0x00000000080002b2                UsageFault_Handler
 .text.SVC_Handler
                0x00000000080002b4        0x2 Core/Src/stm32f4xx_it.o
                0x00000000080002b4                SVC_Handler
 .text.DebugMon_Handler
                0x00000000080002b6        0x2 Core/Src/stm32f4xx_it.o
                0x00000000080002b6                DebugMon_Handler
 .text.PendSV_Handler
                0x00000000080002b8        0x2 Core/Src/stm32f4xx_it.o
                0x00000000080002b8                PendSV_Handler
 *fill*         0x00000000080002ba        0x2 
 .text._sbrk    0x00000000080002bc       0x3c Core/Src/sysmem.o
                0x00000000080002bc                _sbrk
 .text.Reset_Handler
                0x00000000080002f8       0x50 Core/Startup/startup_stm32f469iitx.o
                0x00000000080002f8                Reset_Handler
 .text.Default_Handler
                0x0000000008000348        0x2 Core/Startup/startup_stm32f469iitx.o
                0x0000000008000348                RTC_Alarm_IRQHandler
                0x0000000008000348                HASH_RNG_IRQHandler
                0x0000000008000348                EXTI2_IRQHandler
                0x0000000008000348                TIM8_CC_IRQHandler
                0x0000000008000348                UART8_IRQHandler
                0x0000000008000348                SPI4_IRQHandler
                0x0000000008000348                TIM1_CC_IRQHandler
                0x0000000008000348                DMA2_Stream5_IRQHandler
                0x0000000008000348                DMA1_Stream5_IRQHandler
                0x0000000008000348                PVD_IRQHandler
                0x0000000008000348                SDIO_IRQHandler
                0x0000000008000348                TAMP_STAMP_IRQHandler
                0x0000000008000348                CAN2_RX1_IRQHandler
                0x0000000008000348                EXTI3_IRQHandler
                0x0000000008000348                TIM8_TRG_COM_TIM14_IRQHandler
                0x0000000008000348                TIM1_UP_TIM10_IRQHandler
                0x0000000008000348                TIM8_UP_TIM13_IRQHandler
                0x0000000008000348                I2C3_ER_IRQHandler
                0x0000000008000348                EXTI0_IRQHandler
                0x0000000008000348                I2C2_EV_IRQHandler
                0x0000000008000348                DMA1_Stream2_IRQHandler
                0x0000000008000348                CAN1_RX0_IRQHandler
                0x0000000008000348                FPU_IRQHandler
                0x0000000008000348                OTG_HS_WKUP_IRQHandler
                0x0000000008000348                LTDC_ER_IRQHandler
                0x0000000008000348                CAN2_SCE_IRQHandler
                0x0000000008000348                DMA2_Stream2_IRQHandler
                0x0000000008000348                SPI1_IRQHandler
                0x0000000008000348                TIM6_DAC_IRQHandler
                0x0000000008000348                TIM1_BRK_TIM9_IRQHandler
                0x0000000008000348                DCMI_IRQHandler
                0x0000000008000348                CAN2_RX0_IRQHandler
                0x0000000008000348                DMA2_Stream3_IRQHandler
                0x0000000008000348                USART6_IRQHandler
                0x0000000008000348                USART3_IRQHandler
                0x0000000008000348                CRYP_IRQHandler
                0x0000000008000348                CAN1_RX1_IRQHandler
                0x0000000008000348                UART5_IRQHandler
                0x0000000008000348                DMA2_Stream0_IRQHandler
                0x0000000008000348                TIM4_IRQHandler
                0x0000000008000348                QUADSPI_IRQHandler
                0x0000000008000348                I2C1_EV_IRQHandler
                0x0000000008000348                DMA1_Stream6_IRQHandler
                0x0000000008000348                DMA1_Stream1_IRQHandler
                0x0000000008000348                UART4_IRQHandler
                0x0000000008000348                TIM3_IRQHandler
                0x0000000008000348                RCC_IRQHandler
                0x0000000008000348                TIM8_BRK_TIM12_IRQHandler
                0x0000000008000348                Default_Handler
                0x0000000008000348                EXTI15_10_IRQHandler
                0x0000000008000348                ADC_IRQHandler
                0x0000000008000348                DMA1_Stream7_IRQHandler
                0x0000000008000348                SPI5_IRQHandler
                0x0000000008000348                TIM7_IRQHandler
                0x0000000008000348                CAN2_TX_IRQHandler
                0x0000000008000348                TIM5_IRQHandler
                0x0000000008000348                DMA2_Stream7_IRQHandler
                0x0000000008000348                I2C3_EV_IRQHandler
                0x0000000008000348                EXTI9_5_IRQHandler
                0x0000000008000348                RTC_WKUP_IRQHandler
                0x0000000008000348                LTDC_IRQHandler
                0x0000000008000348                ETH_WKUP_IRQHandler
                0x0000000008000348                SPI2_IRQHandler
                0x0000000008000348                OTG_HS_EP1_IN_IRQHandler
                0x0000000008000348                DMA1_Stream0_IRQHandler
                0x0000000008000348                CAN1_TX_IRQHandler
                0x0000000008000348                EXTI4_IRQHandler
                0x0000000008000348                DSI_IRQHandler
                0x0000000008000348                ETH_IRQHandler
                0x0000000008000348                OTG_HS_EP1_OUT_IRQHandler
                0x0000000008000348                WWDG_IRQHandler
                0x0000000008000348                SPI6_IRQHandler
                0x0000000008000348                TIM2_IRQHandler
                0x0000000008000348                OTG_FS_WKUP_IRQHandler
                0x0000000008000348                TIM1_TRG_COM_TIM11_IRQHandler
                0x0000000008000348                OTG_HS_IRQHandler
                0x0000000008000348                DMA2D_IRQHandler
                0x0000000008000348                EXTI1_IRQHandler
                0x0000000008000348                UART7_IRQHandler
                0x0000000008000348                USART2_IRQHandler
                0x0000000008000348                I2C2_ER_IRQHandler
                0x0000000008000348                DMA2_Stream1_IRQHandler
                0x0000000008000348                CAN1_SCE_IRQHandler
                0x0000000008000348                FLASH_IRQHandler
                0x0000000008000348                DMA2_Stream4_IRQHandler
                0x0000000008000348                USART1_IRQHandler
                0x0000000008000348                OTG_FS_IRQHandler
                0x0000000008000348                SPI3_IRQHandler
                0x0000000008000348                DMA1_Stream4_IRQHandler
                0x0000000008000348                I2C1_ER_IRQHandler
                0x0000000008000348                FMC_IRQHandler
                0x0000000008000348                DMA2_Stream6_IRQHandler
                0x0000000008000348                SAI1_IRQHandler
                0x0000000008000348                DMA1_Stream3_IRQHandler
 *fill*         0x000000000800034a        0x2 
 .text.ArcadeIT_SysTick_Init
                0x000000000800034c       0x48 Drivers/ArcadeIT_Lib/System/ArcadeIT_Firmware.o
                0x000000000800034c                ArcadeIT_SysTick_Init
 .text.ArcadeIT_System_Delay
                0x0000000008000394       0x14 Drivers/ArcadeIT_Lib/System/ArcadeIT_Firmware.o
                0x0000000008000394                ArcadeIT_System_Delay
 .text.ArcadeIT_System_Init
                0x00000000080003a8      0x108 Drivers/ArcadeIT_Lib/System/ArcadeIT_Firmware.o
                0x00000000080003a8                ArcadeIT_System_Init
 .text.ArcadeIT_SysTick_Handler
                0x00000000080004b0       0x48 Drivers/ArcadeIT_Lib/System/ArcadeIT_Firmware.o
                0x00000000080004b0                ArcadeIT_SysTick_Handler
 .text.SysTick_Handler
                0x00000000080004f8        0x8 Drivers/ArcadeIT_Lib/System/ArcadeIT_Firmware.o
                0x00000000080004f8                SysTick_Handler
 .text.ArcadeIT_ArcadeIT_Start
                0x0000000008000500       0x64 Drivers/ArcadeIT_Lib/System/ArcadeIT_Firmware.o
                0x0000000008000500                ArcadeIT_ArcadeIT_Start
 .text.ArcadeIT_Test_Bench
                0x0000000008000564      0x15c Drivers/ArcadeIT_Lib/System/ArcadeIT_Firmware.o
                0x0000000008000564                ArcadeIT_Test_Bench
 .text.ArcadeIT_Serial_Port_Char_Send
                0x00000000080006c0       0x14 Drivers/ArcadeIT_Lib/System/Devices/ArcadeIT_Serial_Port.o
                0x00000000080006c0                ArcadeIT_Serial_Port_Char_Send
 .text.ArcadeIT_Serial_Port_String_Send
                0x00000000080006d4       0x14 Drivers/ArcadeIT_Lib/System/Devices/ArcadeIT_Serial_Port.o
                0x00000000080006d4                ArcadeIT_Serial_Port_String_Send
 .text.ArcadeIT_Serial_Port_Init
                0x00000000080006e8      0x178 Drivers/ArcadeIT_Lib/System/Devices/ArcadeIT_Serial_Port.o
                0x00000000080006e8                ArcadeIT_Serial_Port_Init
 .text.ArcadeIT_Status_LEDS_Init
                0x0000000008000860       0xc4 Drivers/ArcadeIT_Lib/System/Devices/ArcadeIT_Status_LEDs.o
                0x0000000008000860                ArcadeIT_Status_LEDS_Init
 .text.ArcadeIT_Status_LED1_Toggle
                0x0000000008000924       0x28 Drivers/ArcadeIT_Lib/System/Devices/ArcadeIT_Status_LEDs.o
                0x0000000008000924                ArcadeIT_Status_LED1_Toggle
 .text.ArcadeIT_Status_LED2_Toggle
                0x000000000800094c       0x28 Drivers/ArcadeIT_Lib/System/Devices/ArcadeIT_Status_LEDs.o
                0x000000000800094c                ArcadeIT_Status_LED2_Toggle
 .text.ArcadeIT_TestPad_Set
                0x0000000008000974       0x14 Drivers/ArcadeIT_Lib/System/Devices/ArcadeIT_TestPads.o
                0x0000000008000974                ArcadeIT_TestPad_Set
 .text.ArcadeIT_TestPad_Init
                0x0000000008000988       0x7c Drivers/ArcadeIT_Lib/System/Devices/ArcadeIT_TestPads.o
                0x0000000008000988                ArcadeIT_TestPad_Init
 .text.ArcadeIT_Scheduler_Task_Init
                0x0000000008000a04       0x34 Drivers/ArcadeIT_Lib/System/Units/ArcadeIT_Scheduler.o
                0x0000000008000a04                ArcadeIT_Scheduler_Task_Init
 .text.ArcadeIT_Scheduler_Task_Set
                0x0000000008000a38       0x68 Drivers/ArcadeIT_Lib/System/Units/ArcadeIT_Scheduler.o
                0x0000000008000a38                ArcadeIT_Scheduler_Task_Set
 .text.ArcadeIT_Scheduler_Task_Unset
                0x0000000008000aa0       0x20 Drivers/ArcadeIT_Lib/System/Units/ArcadeIT_Scheduler.o
                0x0000000008000aa0                ArcadeIT_Scheduler_Task_Unset
 .text.ArcadeIT_Scheduler_Update
                0x0000000008000ac0       0x88 Drivers/ArcadeIT_Lib/System/Units/ArcadeIT_Scheduler.o
                0x0000000008000ac0                ArcadeIT_Scheduler_Update
 .text.ArcadeIT_Scheduler_Run
                0x0000000008000b48       0x40 Drivers/ArcadeIT_Lib/System/Units/ArcadeIT_Scheduler.o
                0x0000000008000b48                ArcadeIT_Scheduler_Run
 .text.__errno  0x0000000008000b88        0xc c:/st/stm32cubeide_1.2.0/stm32cubeide/plugins/com.st.stm32cube.ide.mcu.externaltools.gnu-tools-for-stm32.7-2018-q2-update.win32_1.0.0.201904181610/tools/bin/../lib/gcc/arm-none-eabi/7.3.1/../../../../arm-none-eabi/lib/thumb/v7e-m/fpv4-sp/hard\libc_nano.a(lib_a-errno.o)
                0x0000000008000b88                __errno
 .text.__libc_init_array
                0x0000000008000b94       0x48 c:/st/stm32cubeide_1.2.0/stm32cubeide/plugins/com.st.stm32cube.ide.mcu.externaltools.gnu-tools-for-stm32.7-2018-q2-update.win32_1.0.0.201904181610/tools/bin/../lib/gcc/arm-none-eabi/7.3.1/../../../../arm-none-eabi/lib/thumb/v7e-m/fpv4-sp/hard\libc_nano.a(lib_a-init.o)
                0x0000000008000b94                __libc_init_array
 .text.sprintf  0x0000000008000bdc       0x40 c:/st/stm32cubeide_1.2.0/stm32cubeide/plugins/com.st.stm32cube.ide.mcu.externaltools.gnu-tools-for-stm32.7-2018-q2-update.win32_1.0.0.201904181610/tools/bin/../lib/gcc/arm-none-eabi/7.3.1/../../../../arm-none-eabi/lib/thumb/v7e-m/fpv4-sp/hard\libc_nano.a(lib_a-sprintf.o)
                0x0000000008000bdc                siprintf
                0x0000000008000bdc                sprintf
 .text.__ssputs_r
                0x0000000008000c1c       0xb4 c:/st/stm32cubeide_1.2.0/stm32cubeide/plugins/com.st.stm32cube.ide.mcu.externaltools.gnu-tools-for-stm32.7-2018-q2-update.win32_1.0.0.201904181610/tools/bin/../lib/gcc/arm-none-eabi/7.3.1/../../../../arm-none-eabi/lib/thumb/v7e-m/fpv4-sp/hard\libc_nano.a(lib_a-nano-svfprintf.o)
                0x0000000008000c1c                __ssputs_r
 .text._svfprintf_r
                0x0000000008000cd0      0x1f0 c:/st/stm32cubeide_1.2.0/stm32cubeide/plugins/com.st.stm32cube.ide.mcu.externaltools.gnu-tools-for-stm32.7-2018-q2-update.win32_1.0.0.201904181610/tools/bin/../lib/gcc/arm-none-eabi/7.3.1/../../../../arm-none-eabi/lib/thumb/v7e-m/fpv4-sp/hard\libc_nano.a(lib_a-nano-svfprintf.o)
                0x0000000008000cd0                _svfiprintf_r
                0x0000000008000cd0                _svfprintf_r
 .text._printf_common
                0x0000000008000ec0       0xea c:/st/stm32cubeide_1.2.0/stm32cubeide/plugins/com.st.stm32cube.ide.mcu.externaltools.gnu-tools-for-stm32.7-2018-q2-update.win32_1.0.0.201904181610/tools/bin/../lib/gcc/arm-none-eabi/7.3.1/../../../../arm-none-eabi/lib/thumb/v7e-m/fpv4-sp/hard\libc_nano.a(lib_a-nano-vfprintf_i.o)
                0x0000000008000ec0                _printf_common
 *fill*         0x0000000008000faa        0x2 
 .text._printf_i
                0x0000000008000fac      0x224 c:/st/stm32cubeide_1.2.0/stm32cubeide/plugins/com.st.stm32cube.ide.mcu.externaltools.gnu-tools-for-stm32.7-2018-q2-update.win32_1.0.0.201904181610/tools/bin/../lib/gcc/arm-none-eabi/7.3.1/../../../../arm-none-eabi/lib/thumb/v7e-m/fpv4-sp/hard\libc_nano.a(lib_a-nano-vfprintf_i.o)
                0x0000000008000fac                _printf_i
 .text.memcpy   0x00000000080011d0       0x16 c:/st/stm32cubeide_1.2.0/stm32cubeide/plugins/com.st.stm32cube.ide.mcu.externaltools.gnu-tools-for-stm32.7-2018-q2-update.win32_1.0.0.201904181610/tools/bin/../lib/gcc/arm-none-eabi/7.3.1/../../../../arm-none-eabi/lib/thumb/v7e-m/fpv4-sp/hard\libc_nano.a(lib_a-memcpy-stub.o)
                0x00000000080011d0                memcpy
 .text.memmove  0x00000000080011e6       0x32 c:/st/stm32cubeide_1.2.0/stm32cubeide/plugins/com.st.stm32cube.ide.mcu.externaltools.gnu-tools-for-stm32.7-2018-q2-update.win32_1.0.0.201904181610/tools/bin/../lib/gcc/arm-none-eabi/7.3.1/../../../../arm-none-eabi/lib/thumb/v7e-m/fpv4-sp/hard\libc_nano.a(lib_a-memmove.o)
                0x00000000080011e6                memmove
 .text._free_r  0x0000000008001218       0x9c c:/st/stm32cubeide_1.2.0/stm32cubeide/plugins/com.st.stm32cube.ide.mcu.externaltools.gnu-tools-for-stm32.7-2018-q2-update.win32_1.0.0.201904181610/tools/bin/../lib/gcc/arm-none-eabi/7.3.1/../../../../arm-none-eabi/lib/thumb/v7e-m/fpv4-sp/hard\libc_nano.a(lib_a-nano-freer.o)
                0x0000000008001218                _free_r
 .text._malloc_r
                0x00000000080012b4       0xb4 c:/st/stm32cubeide_1.2.0/stm32cubeide/plugins/com.st.stm32cube.ide.mcu.externaltools.gnu-tools-for-stm32.7-2018-q2-update.win32_1.0.0.201904181610/tools/bin/../lib/gcc/arm-none-eabi/7.3.1/../../../../arm-none-eabi/lib/thumb/v7e-m/fpv4-sp/hard\libc_nano.a(lib_a-nano-mallocr.o)
                0x00000000080012b4                _malloc_r
 .text._realloc_r
                0x0000000008001368       0x4c c:/st/stm32cubeide_1.2.0/stm32cubeide/plugins/com.st.stm32cube.ide.mcu.externaltools.gnu-tools-for-stm32.7-2018-q2-update.win32_1.0.0.201904181610/tools/bin/../lib/gcc/arm-none-eabi/7.3.1/../../../../arm-none-eabi/lib/thumb/v7e-m/fpv4-sp/hard\libc_nano.a(lib_a-nano-reallocr.o)
                0x0000000008001368                _realloc_r
 .text._sbrk_r  0x00000000080013b4       0x20 c:/st/stm32cubeide_1.2.0/stm32cubeide/plugins/com.st.stm32cube.ide.mcu.externaltools.gnu-tools-for-stm32.7-2018-q2-update.win32_1.0.0.201904181610/tools/bin/../lib/gcc/arm-none-eabi/7.3.1/../../../../arm-none-eabi/lib/thumb/v7e-m/fpv4-sp/hard\libc_nano.a(lib_a-sbrkr.o)
                0x00000000080013b4                _sbrk_r
 .text.__malloc_lock
                0x00000000080013d4        0x2 c:/st/stm32cubeide_1.2.0/stm32cubeide/plugins/com.st.stm32cube.ide.mcu.externaltools.gnu-tools-for-stm32.7-2018-q2-update.win32_1.0.0.201904181610/tools/bin/../lib/gcc/arm-none-eabi/7.3.1/../../../../arm-none-eabi/lib/thumb/v7e-m/fpv4-sp/hard\libc_nano.a(lib_a-mlock.o)
                0x00000000080013d4                __malloc_lock
 .text.__malloc_unlock
                0x00000000080013d6        0x2 c:/st/stm32cubeide_1.2.0/stm32cubeide/plugins/com.st.stm32cube.ide.mcu.externaltools.gnu-tools-for-stm32.7-2018-q2-update.win32_1.0.0.201904181610/tools/bin/../lib/gcc/arm-none-eabi/7.3.1/../../../../arm-none-eabi/lib/thumb/v7e-m/fpv4-sp/hard\libc_nano.a(lib_a-mlock.o)
                0x00000000080013d6                __malloc_unlock
 .text._malloc_usable_size_r
                0x00000000080013d8       0x10 c:/st/stm32cubeide_1.2.0/stm32cubeide/plugins/com.st.stm32cube.ide.mcu.externaltools.gnu-tools-for-stm32.7-2018-q2-update.win32_1.0.0.201904181610/tools/bin/../lib/gcc/arm-none-eabi/7.3.1/../../../../arm-none-eabi/lib/thumb/v7e-m/fpv4-sp/hard\libc_nano.a(lib_a-nano-msizer.o)
                0x00000000080013d8                _malloc_usable_size_r
 *(.glue_7)
 .glue_7        0x00000000080013e8        0x0 linker stubs
 *(.glue_7t)
 .glue_7t       0x00000000080013e8        0x0 linker stubs
 *(.eh_frame)
 .eh_frame      0x00000000080013e8        0x0 c:/st/stm32cubeide_1.2.0/stm32cubeide/plugins/com.st.stm32cube.ide.mcu.externaltools.gnu-tools-for-stm32.7-2018-q2-update.win32_1.0.0.201904181610/tools/bin/../lib/gcc/arm-none-eabi/7.3.1/thumb/v7e-m/fpv4-sp/hard/crtbegin.o
 *(.init)
 .init          0x00000000080013e8        0x4 c:/st/stm32cubeide_1.2.0/stm32cubeide/plugins/com.st.stm32cube.ide.mcu.externaltools.gnu-tools-for-stm32.7-2018-q2-update.win32_1.0.0.201904181610/tools/bin/../lib/gcc/arm-none-eabi/7.3.1/thumb/v7e-m/fpv4-sp/hard/crti.o
                0x00000000080013e8                _init
 .init          0x00000000080013ec        0x8 c:/st/stm32cubeide_1.2.0/stm32cubeide/plugins/com.st.stm32cube.ide.mcu.externaltools.gnu-tools-for-stm32.7-2018-q2-update.win32_1.0.0.201904181610/tools/bin/../lib/gcc/arm-none-eabi/7.3.1/thumb/v7e-m/fpv4-sp/hard/crtn.o
 *(.fini)
 .fini          0x00000000080013f4        0x4 c:/st/stm32cubeide_1.2.0/stm32cubeide/plugins/com.st.stm32cube.ide.mcu.externaltools.gnu-tools-for-stm32.7-2018-q2-update.win32_1.0.0.201904181610/tools/bin/../lib/gcc/arm-none-eabi/7.3.1/thumb/v7e-m/fpv4-sp/hard/crti.o
                0x00000000080013f4                _fini
 .fini          0x00000000080013f8        0x8 c:/st/stm32cubeide_1.2.0/stm32cubeide/plugins/com.st.stm32cube.ide.mcu.externaltools.gnu-tools-for-stm32.7-2018-q2-update.win32_1.0.0.201904181610/tools/bin/../lib/gcc/arm-none-eabi/7.3.1/thumb/v7e-m/fpv4-sp/hard/crtn.o
                0x0000000008001400                . = ALIGN (0x4)
                0x0000000008001400                _etext = .

.vfp11_veneer   0x0000000008001400        0x0
 .vfp11_veneer  0x0000000008001400        0x0 linker stubs

.v4_bx          0x0000000008001400        0x0
 .v4_bx         0x0000000008001400        0x0 linker stubs

.iplt           0x0000000008001400        0x0
 .iplt          0x0000000008001400        0x0 c:/st/stm32cubeide_1.2.0/stm32cubeide/plugins/com.st.stm32cube.ide.mcu.externaltools.gnu-tools-for-stm32.7-2018-q2-update.win32_1.0.0.201904181610/tools/bin/../lib/gcc/arm-none-eabi/7.3.1/thumb/v7e-m/fpv4-sp/hard/crtbegin.o

.rodata         0x0000000008001400     0x1db0
                0x0000000008001400                . = ALIGN (0x4)
 *(.rodata)
 *(.rodata*)
 .rodata.gANSIDemo1
                0x0000000008001400     0x1cb8 Drivers/ArcadeIT_Lib/Demofiles/ANSIGfx/ANSIGfxDemo_1.o
                0x0000000008001400                gANSIDemo1
 .rodata.ArcadeIT_ArcadeIT_Start.str1.4
                0x00000000080030b8        0x0 Drivers/ArcadeIT_Lib/System/ArcadeIT_Firmware.o
                                          0x3 (size before relaxing)
 .rodata.ArcadeIT_SysTick_Init.str1.4
                0x00000000080030b8       0x1b Drivers/ArcadeIT_Lib/System/ArcadeIT_Firmware.o
 *fill*         0x00000000080030d3        0x1 
 .rodata.ArcadeIT_Test_Bench.str1.4
                0x00000000080030d4       0x5b Drivers/ArcadeIT_Lib/System/ArcadeIT_Firmware.o
 *fill*         0x000000000800312f        0x1 
 .rodata.ArcadeIT_Serial_Port_Init.str1.4
                0x0000000008003130       0x17 Drivers/ArcadeIT_Lib/System/Devices/ArcadeIT_Serial_Port.o
 *fill*         0x0000000008003147        0x1 
 .rodata.ArcadeIT_Status_LEDS_Init.str1.4
                0x0000000008003148       0x17 Drivers/ArcadeIT_Lib/System/Devices/ArcadeIT_Status_LEDs.o
 *fill*         0x000000000800315f        0x1 
 .rodata.ArcadeIT_TestPad_Init.str1.4
                0x0000000008003160       0x1c Drivers/ArcadeIT_Lib/System/Devices/ArcadeIT_TestPads.o
                                         0x1a (size before relaxing)
 .rodata._svfprintf_r.str1.1
                0x000000000800317c       0x11 c:/st/stm32cubeide_1.2.0/stm32cubeide/plugins/com.st.stm32cube.ide.mcu.externaltools.gnu-tools-for-stm32.7-2018-q2-update.win32_1.0.0.201904181610/tools/bin/../lib/gcc/arm-none-eabi/7.3.1/../../../../arm-none-eabi/lib/thumb/v7e-m/fpv4-sp/hard\libc_nano.a(lib_a-nano-svfprintf.o)
 .rodata._printf_i.str1.1
                0x000000000800318d       0x22 c:/st/stm32cubeide_1.2.0/stm32cubeide/plugins/com.st.stm32cube.ide.mcu.externaltools.gnu-tools-for-stm32.7-2018-q2-update.win32_1.0.0.201904181610/tools/bin/../lib/gcc/arm-none-eabi/7.3.1/../../../../arm-none-eabi/lib/thumb/v7e-m/fpv4-sp/hard\libc_nano.a(lib_a-nano-vfprintf_i.o)
                0x00000000080031b0                . = ALIGN (0x4)
 *fill*         0x00000000080031af        0x1 

.rel.dyn        0x00000000080031b0        0x0
 .rel.iplt      0x00000000080031b0        0x0 c:/st/stm32cubeide_1.2.0/stm32cubeide/plugins/com.st.stm32cube.ide.mcu.externaltools.gnu-tools-for-stm32.7-2018-q2-update.win32_1.0.0.201904181610/tools/bin/../lib/gcc/arm-none-eabi/7.3.1/thumb/v7e-m/fpv4-sp/hard/crtbegin.o

.ARM.extab      0x00000000080031b0        0x0
                0x00000000080031b0                . = ALIGN (0x4)
 *(.ARM.extab* .gnu.linkonce.armextab.*)
                0x00000000080031b0                . = ALIGN (0x4)

.ARM            0x00000000080031b0        0x0
                0x00000000080031b0                . = ALIGN (0x4)
                0x00000000080031b0                __exidx_start = .
 *(.ARM.exidx*)
                0x00000000080031b0                __exidx_end = .
                0x00000000080031b0                . = ALIGN (0x4)

.preinit_array  0x00000000080031b0        0x0
                0x00000000080031b0                . = ALIGN (0x4)
                0x00000000080031b0                PROVIDE (__preinit_array_start = .)
 *(.preinit_array*)
                0x00000000080031b0                PROVIDE (__preinit_array_end = .)
                0x00000000080031b0                . = ALIGN (0x4)

.init_array     0x00000000080031b0        0x4
                0x00000000080031b0                . = ALIGN (0x4)
                0x00000000080031b0                PROVIDE (__init_array_start = .)
 *(SORT_BY_NAME(.init_array.*))
 *(.init_array*)
 .init_array    0x00000000080031b0        0x4 c:/st/stm32cubeide_1.2.0/stm32cubeide/plugins/com.st.stm32cube.ide.mcu.externaltools.gnu-tools-for-stm32.7-2018-q2-update.win32_1.0.0.201904181610/tools/bin/../lib/gcc/arm-none-eabi/7.3.1/thumb/v7e-m/fpv4-sp/hard/crtbegin.o
                0x00000000080031b4                PROVIDE (__init_array_end = .)
                0x00000000080031b4                . = ALIGN (0x4)

.fini_array     0x00000000080031b4        0x4
                0x00000000080031b4                . = ALIGN (0x4)
                [!provide]                        PROVIDE (__fini_array_start = .)
 *(SORT_BY_NAME(.fini_array.*))
 *(.fini_array*)
 .fini_array    0x00000000080031b4        0x4 c:/st/stm32cubeide_1.2.0/stm32cubeide/plugins/com.st.stm32cube.ide.mcu.externaltools.gnu-tools-for-stm32.7-2018-q2-update.win32_1.0.0.201904181610/tools/bin/../lib/gcc/arm-none-eabi/7.3.1/thumb/v7e-m/fpv4-sp/hard/crtbegin.o
                [!provide]                        PROVIDE (__fini_array_end = .)
                0x00000000080031b8                . = ALIGN (0x4)
                0x00000000080031b8                _sidata = LOADADDR (.data)

.data           0x0000000020000000       0x64 load address 0x00000000080031b8
                0x0000000020000000                . = ALIGN (0x4)
                0x0000000020000000                _sdata = .
 *(.data)
 *(.data*)
 .data._impure_ptr
                0x0000000020000000        0x4 c:/st/stm32cubeide_1.2.0/stm32cubeide/plugins/com.st.stm32cube.ide.mcu.externaltools.gnu-tools-for-stm32.7-2018-q2-update.win32_1.0.0.201904181610/tools/bin/../lib/gcc/arm-none-eabi/7.3.1/../../../../arm-none-eabi/lib/thumb/v7e-m/fpv4-sp/hard\libc_nano.a(lib_a-impure.o)
                0x0000000020000000                _impure_ptr
 .data.impure_data
                0x0000000020000004       0x60 c:/st/stm32cubeide_1.2.0/stm32cubeide/plugins/com.st.stm32cube.ide.mcu.externaltools.gnu-tools-for-stm32.7-2018-q2-update.win32_1.0.0.201904181610/tools/bin/../lib/gcc/arm-none-eabi/7.3.1/../../../../arm-none-eabi/lib/thumb/v7e-m/fpv4-sp/hard\libc_nano.a(lib_a-impure.o)
                0x0000000020000064                . = ALIGN (0x4)
                0x0000000020000064                _edata = .

.igot.plt       0x0000000020000064        0x0 load address 0x000000000800321c
 .igot.plt      0x0000000020000064        0x0 c:/st/stm32cubeide_1.2.0/stm32cubeide/plugins/com.st.stm32cube.ide.mcu.externaltools.gnu-tools-for-stm32.7-2018-q2-update.win32_1.0.0.201904181610/tools/bin/../lib/gcc/arm-none-eabi/7.3.1/thumb/v7e-m/fpv4-sp/hard/crtbegin.o
                0x0000000020000064                . = ALIGN (0x4)

.bss            0x0000000020000064      0x120 load address 0x000000000800321c
                0x0000000020000064                _sbss = .
                0x0000000020000064                __bss_start__ = _sbss
 *(.bss)
 .bss           0x0000000020000064       0x1c c:/st/stm32cubeide_1.2.0/stm32cubeide/plugins/com.st.stm32cube.ide.mcu.externaltools.gnu-tools-for-stm32.7-2018-q2-update.win32_1.0.0.201904181610/tools/bin/../lib/gcc/arm-none-eabi/7.3.1/thumb/v7e-m/fpv4-sp/hard/crtbegin.o
 *(.bss*)
 .bss.heap_end.6424
                0x0000000020000080        0x4 Core/Src/sysmem.o
 .bss.gDevices  0x0000000020000084        0x4 Drivers/ArcadeIT_Lib/System/ArcadeIT_Firmware.o
                0x0000000020000084                gDevices
 .bss.gSecondaryTimer
                0x0000000020000088        0x4 Drivers/ArcadeIT_Lib/System/ArcadeIT_Firmware.o
                0x0000000020000088                gSecondaryTimer
 .bss.gStorage  0x000000002000008c        0x4 Drivers/ArcadeIT_Lib/System/ArcadeIT_Firmware.o
                0x000000002000008c                gStorage
 .bss.gSystemTick
                0x0000000020000090        0x4 Drivers/ArcadeIT_Lib/System/ArcadeIT_Firmware.o
                0x0000000020000090                gSystemTick
 .bss.gSystemTimer
                0x0000000020000094        0x4 Drivers/ArcadeIT_Lib/System/ArcadeIT_Firmware.o
                0x0000000020000094                gSystemTimer
 .bss.gUnits    0x0000000020000098        0x4 Drivers/ArcadeIT_Lib/System/ArcadeIT_Firmware.o
                0x0000000020000098                gUnits
 .bss.__malloc_free_list
                0x000000002000009c        0x4 c:/st/stm32cubeide_1.2.0/stm32cubeide/plugins/com.st.stm32cube.ide.mcu.externaltools.gnu-tools-for-stm32.7-2018-q2-update.win32_1.0.0.201904181610/tools/bin/../lib/gcc/arm-none-eabi/7.3.1/../../../../arm-none-eabi/lib/thumb/v7e-m/fpv4-sp/hard\libc_nano.a(lib_a-nano-mallocr.o)
                0x000000002000009c                __malloc_free_list
 .bss.__malloc_sbrk_start
                0x00000000200000a0        0x4 c:/st/stm32cubeide_1.2.0/stm32cubeide/plugins/com.st.stm32cube.ide.mcu.externaltools.gnu-tools-for-stm32.7-2018-q2-update.win32_1.0.0.201904181610/tools/bin/../lib/gcc/arm-none-eabi/7.3.1/../../../../arm-none-eabi/lib/thumb/v7e-m/fpv4-sp/hard\libc_nano.a(lib_a-nano-mallocr.o)
                0x00000000200000a0                __malloc_sbrk_start
 *(COMMON)
 COMMON         0x00000000200000a4       0xdc Drivers/ArcadeIT_Lib/System/Units/ArcadeIT_Scheduler.o
                0x00000000200000a4                gArcadeITTasks
 COMMON         0x0000000020000180        0x4 c:/st/stm32cubeide_1.2.0/stm32cubeide/plugins/com.st.stm32cube.ide.mcu.externaltools.gnu-tools-for-stm32.7-2018-q2-update.win32_1.0.0.201904181610/tools/bin/../lib/gcc/arm-none-eabi/7.3.1/../../../../arm-none-eabi/lib/thumb/v7e-m/fpv4-sp/hard\libc_nano.a(lib_a-reent.o)
                0x0000000020000180                errno
                0x0000000020000184                . = ALIGN (0x4)
                0x0000000020000184                _ebss = .
                0x0000000020000184                __bss_end__ = _ebss

._user_heap_stack
                0x0000000020000184      0x604 load address 0x000000000800321c
                0x0000000020000188                . = ALIGN (0x8)
 *fill*         0x0000000020000184        0x4 
                0x0000000020000188                PROVIDE (end = .)
                [!provide]                        PROVIDE (_end = .)
                0x0000000020000388                . = (. + _Min_Heap_Size)
 *fill*         0x0000000020000188      0x200 
                0x0000000020000788                . = (. + _Min_Stack_Size)
 *fill*         0x0000000020000388      0x400 
                0x0000000020000788                . = ALIGN (0x8)

/DISCARD/
 libc.a(*)
 libm.a(*)
 libgcc.a(*)

.ARM.attributes
                0x0000000000000000       0x30
 *(.ARM.attributes)
 .ARM.attributes
                0x0000000000000000       0x22 c:/st/stm32cubeide_1.2.0/stm32cubeide/plugins/com.st.stm32cube.ide.mcu.externaltools.gnu-tools-for-stm32.7-2018-q2-update.win32_1.0.0.201904181610/tools/bin/../lib/gcc/arm-none-eabi/7.3.1/thumb/v7e-m/fpv4-sp/hard/crti.o
 .ARM.attributes
                0x0000000000000022       0x34 c:/st/stm32cubeide_1.2.0/stm32cubeide/plugins/com.st.stm32cube.ide.mcu.externaltools.gnu-tools-for-stm32.7-2018-q2-update.win32_1.0.0.201904181610/tools/bin/../lib/gcc/arm-none-eabi/7.3.1/thumb/v7e-m/fpv4-sp/hard/crtbegin.o
 .ARM.attributes
                0x0000000000000056       0x39 Core/Src/main.o
 .ARM.attributes
                0x000000000000008f       0x39 Core/Src/stm32f4xx_it.o
 .ARM.attributes
                0x00000000000000c8       0x39 Core/Src/sysmem.o
 .ARM.attributes
                0x0000000000000101       0x21 Core/Startup/startup_stm32f469iitx.o
 .ARM.attributes
                0x0000000000000122       0x39 Drivers/ArcadeIT_Lib/Demofiles/ANSIGfx/ANSIGfxDemo_1.o
 .ARM.attributes
                0x000000000000015b       0x39 Drivers/ArcadeIT_Lib/System/ArcadeIT_Firmware.o
 .ARM.attributes
                0x0000000000000194       0x39 Drivers/ArcadeIT_Lib/System/Devices/ArcadeIT_Serial_Port.o
 .ARM.attributes
                0x00000000000001cd       0x39 Drivers/ArcadeIT_Lib/System/Devices/ArcadeIT_Status_LEDs.o
 .ARM.attributes
                0x0000000000000206       0x39 Drivers/ArcadeIT_Lib/System/Devices/ArcadeIT_TestPads.o
 .ARM.attributes
                0x000000000000023f       0x39 Drivers/ArcadeIT_Lib/System/Units/ArcadeIT_Scheduler.o
 .ARM.attributes
                0x0000000000000278       0x34 c:/st/stm32cubeide_1.2.0/stm32cubeide/plugins/com.st.stm32cube.ide.mcu.externaltools.gnu-tools-for-stm32.7-2018-q2-update.win32_1.0.0.201904181610/tools/bin/../lib/gcc/arm-none-eabi/7.3.1/../../../../arm-none-eabi/lib/thumb/v7e-m/fpv4-sp/hard\libc_nano.a(lib_a-errno.o)
 .ARM.attributes
                0x00000000000002ac       0x34 c:/st/stm32cubeide_1.2.0/stm32cubeide/plugins/com.st.stm32cube.ide.mcu.externaltools.gnu-tools-for-stm32.7-2018-q2-update.win32_1.0.0.201904181610/tools/bin/../lib/gcc/arm-none-eabi/7.3.1/../../../../arm-none-eabi/lib/thumb/v7e-m/fpv4-sp/hard\libc_nano.a(lib_a-impure.o)
 .ARM.attributes
                0x00000000000002e0       0x34 c:/st/stm32cubeide_1.2.0/stm32cubeide/plugins/com.st.stm32cube.ide.mcu.externaltools.gnu-tools-for-stm32.7-2018-q2-update.win32_1.0.0.201904181610/tools/bin/../lib/gcc/arm-none-eabi/7.3.1/../../../../arm-none-eabi/lib/thumb/v7e-m/fpv4-sp/hard\libc_nano.a(lib_a-init.o)
 .ARM.attributes
                0x0000000000000314       0x34 c:/st/stm32cubeide_1.2.0/stm32cubeide/plugins/com.st.stm32cube.ide.mcu.externaltools.gnu-tools-for-stm32.7-2018-q2-update.win32_1.0.0.201904181610/tools/bin/../lib/gcc/arm-none-eabi/7.3.1/../../../../arm-none-eabi/lib/thumb/v7e-m/fpv4-sp/hard\libc_nano.a(lib_a-sprintf.o)
 .ARM.attributes
                0x0000000000000348       0x34 c:/st/stm32cubeide_1.2.0/stm32cubeide/plugins/com.st.stm32cube.ide.mcu.externaltools.gnu-tools-for-stm32.7-2018-q2-update.win32_1.0.0.201904181610/tools/bin/../lib/gcc/arm-none-eabi/7.3.1/../../../../arm-none-eabi/lib/thumb/v7e-m/fpv4-sp/hard\libc_nano.a(lib_a-nano-svfprintf.o)
 .ARM.attributes
                0x000000000000037c       0x34 c:/st/stm32cubeide_1.2.0/stm32cubeide/plugins/com.st.stm32cube.ide.mcu.externaltools.gnu-tools-for-stm32.7-2018-q2-update.win32_1.0.0.201904181610/tools/bin/../lib/gcc/arm-none-eabi/7.3.1/../../../../arm-none-eabi/lib/thumb/v7e-m/fpv4-sp/hard\libc_nano.a(lib_a-nano-vfprintf_i.o)
 .ARM.attributes
                0x00000000000003b0       0x20 c:/st/stm32cubeide_1.2.0/stm32cubeide/plugins/com.st.stm32cube.ide.mcu.externaltools.gnu-tools-for-stm32.7-2018-q2-update.win32_1.0.0.201904181610/tools/bin/../lib/gcc/arm-none-eabi/7.3.1/../../../../arm-none-eabi/lib/thumb/v7e-m/fpv4-sp/hard\libc_nano.a(lib_a-memchr.o)
 .ARM.attributes
                0x00000000000003d0       0x34 c:/st/stm32cubeide_1.2.0/stm32cubeide/plugins/com.st.stm32cube.ide.mcu.externaltools.gnu-tools-for-stm32.7-2018-q2-update.win32_1.0.0.201904181610/tools/bin/../lib/gcc/arm-none-eabi/7.3.1/../../../../arm-none-eabi/lib/thumb/v7e-m/fpv4-sp/hard\libc_nano.a(lib_a-memcpy-stub.o)
 .ARM.attributes
                0x0000000000000404       0x34 c:/st/stm32cubeide_1.2.0/stm32cubeide/plugins/com.st.stm32cube.ide.mcu.externaltools.gnu-tools-for-stm32.7-2018-q2-update.win32_1.0.0.201904181610/tools/bin/../lib/gcc/arm-none-eabi/7.3.1/../../../../arm-none-eabi/lib/thumb/v7e-m/fpv4-sp/hard\libc_nano.a(lib_a-memmove.o)
 .ARM.attributes
                0x0000000000000438       0x34 c:/st/stm32cubeide_1.2.0/stm32cubeide/plugins/com.st.stm32cube.ide.mcu.externaltools.gnu-tools-for-stm32.7-2018-q2-update.win32_1.0.0.201904181610/tools/bin/../lib/gcc/arm-none-eabi/7.3.1/../../../../arm-none-eabi/lib/thumb/v7e-m/fpv4-sp/hard\libc_nano.a(lib_a-nano-freer.o)
 .ARM.attributes
                0x000000000000046c       0x34 c:/st/stm32cubeide_1.2.0/stm32cubeide/plugins/com.st.stm32cube.ide.mcu.externaltools.gnu-tools-for-stm32.7-2018-q2-update.win32_1.0.0.201904181610/tools/bin/../lib/gcc/arm-none-eabi/7.3.1/../../../../arm-none-eabi/lib/thumb/v7e-m/fpv4-sp/hard\libc_nano.a(lib_a-nano-mallocr.o)
 .ARM.attributes
                0x00000000000004a0       0x34 c:/st/stm32cubeide_1.2.0/stm32cubeide/plugins/com.st.stm32cube.ide.mcu.externaltools.gnu-tools-for-stm32.7-2018-q2-update.win32_1.0.0.201904181610/tools/bin/../lib/gcc/arm-none-eabi/7.3.1/../../../../arm-none-eabi/lib/thumb/v7e-m/fpv4-sp/hard\libc_nano.a(lib_a-nano-reallocr.o)
 .ARM.attributes
                0x00000000000004d4       0x34 c:/st/stm32cubeide_1.2.0/stm32cubeide/plugins/com.st.stm32cube.ide.mcu.externaltools.gnu-tools-for-stm32.7-2018-q2-update.win32_1.0.0.201904181610/tools/bin/../lib/gcc/arm-none-eabi/7.3.1/../../../../arm-none-eabi/lib/thumb/v7e-m/fpv4-sp/hard\libc_nano.a(lib_a-sbrkr.o)
 .ARM.attributes
                0x0000000000000508       0x34 c:/st/stm32cubeide_1.2.0/stm32cubeide/plugins/com.st.stm32cube.ide.mcu.externaltools.gnu-tools-for-stm32.7-2018-q2-update.win32_1.0.0.201904181610/tools/bin/../lib/gcc/arm-none-eabi/7.3.1/../../../../arm-none-eabi/lib/thumb/v7e-m/fpv4-sp/hard\libc_nano.a(lib_a-mlock.o)
 .ARM.attributes
                0x000000000000053c       0x34 c:/st/stm32cubeide_1.2.0/stm32cubeide/plugins/com.st.stm32cube.ide.mcu.externaltools.gnu-tools-for-stm32.7-2018-q2-update.win32_1.0.0.201904181610/tools/bin/../lib/gcc/arm-none-eabi/7.3.1/../../../../arm-none-eabi/lib/thumb/v7e-m/fpv4-sp/hard\libc_nano.a(lib_a-nano-msizer.o)
 .ARM.attributes
                0x0000000000000570       0x34 c:/st/stm32cubeide_1.2.0/stm32cubeide/plugins/com.st.stm32cube.ide.mcu.externaltools.gnu-tools-for-stm32.7-2018-q2-update.win32_1.0.0.201904181610/tools/bin/../lib/gcc/arm-none-eabi/7.3.1/../../../../arm-none-eabi/lib/thumb/v7e-m/fpv4-sp/hard\libc_nano.a(lib_a-reent.o)
 .ARM.attributes
                0x00000000000005a4       0x22 c:/st/stm32cubeide_1.2.0/stm32cubeide/plugins/com.st.stm32cube.ide.mcu.externaltools.gnu-tools-for-stm32.7-2018-q2-update.win32_1.0.0.201904181610/tools/bin/../lib/gcc/arm-none-eabi/7.3.1/thumb/v7e-m/fpv4-sp/hard/crtn.o
OUTPUT(ArcadeIT_Ver020_F469_CMSIS.elf elf32-littlearm)

.debug_info     0x0000000000000000     0x6565
 .debug_info    0x0000000000000000      0xa87 Core/Src/main.o
 .debug_info    0x0000000000000a87       0xb2 Core/Src/stm32f4xx_it.o
 .debug_info    0x0000000000000b39      0x936 Core/Src/sysmem.o
 .debug_info    0x000000000000146f       0x22 Core/Startup/startup_stm32f469iitx.o
 .debug_info    0x0000000000001491       0x5c Drivers/ArcadeIT_Lib/Demofiles/ANSIGfx/ANSIGfxDemo_1.o
 .debug_info    0x00000000000014ed     0x1ac0 Drivers/ArcadeIT_Lib/System/ArcadeIT_Firmware.o
 .debug_info    0x0000000000002fad      0xe45 Drivers/ArcadeIT_Lib/System/Devices/ArcadeIT_Serial_Port.o
 .debug_info    0x0000000000003df2      0xd87 Drivers/ArcadeIT_Lib/System/Devices/ArcadeIT_Status_LEDs.o
 .debug_info    0x0000000000004b79      0xd60 Drivers/ArcadeIT_Lib/System/Devices/ArcadeIT_TestPads.o
 .debug_info    0x00000000000058d9      0xc8c Drivers/ArcadeIT_Lib/System/Units/ArcadeIT_Scheduler.o

.debug_abbrev   0x0000000000000000     0x10ba
 .debug_abbrev  0x0000000000000000      0x1cb Core/Src/main.o
 .debug_abbrev  0x00000000000001cb       0x2f Core/Src/stm32f4xx_it.o
 .debug_abbrev  0x00000000000001fa      0x1e8 Core/Src/sysmem.o
 .debug_abbrev  0x00000000000003e2       0x12 Core/Startup/startup_stm32f469iitx.o
 .debug_abbrev  0x00000000000003f4       0x48 Drivers/ArcadeIT_Lib/Demofiles/ANSIGfx/ANSIGfxDemo_1.o
 .debug_abbrev  0x000000000000043c      0x3be Drivers/ArcadeIT_Lib/System/ArcadeIT_Firmware.o
 .debug_abbrev  0x00000000000007fa      0x257 Drivers/ArcadeIT_Lib/System/Devices/ArcadeIT_Serial_Port.o
 .debug_abbrev  0x0000000000000a51      0x218 Drivers/ArcadeIT_Lib/System/Devices/ArcadeIT_Status_LEDs.o
 .debug_abbrev  0x0000000000000c69      0x211 Drivers/ArcadeIT_Lib/System/Devices/ArcadeIT_TestPads.o
 .debug_abbrev  0x0000000000000e7a      0x240 Drivers/ArcadeIT_Lib/System/Units/ArcadeIT_Scheduler.o

.debug_aranges  0x0000000000000000      0x248
 .debug_aranges
                0x0000000000000000       0x28 Core/Src/main.o
 .debug_aranges
                0x0000000000000028       0x58 Core/Src/stm32f4xx_it.o
 .debug_aranges
                0x0000000000000080       0x20 Core/Src/sysmem.o
 .debug_aranges
                0x00000000000000a0       0x28 Core/Startup/startup_stm32f469iitx.o
 .debug_aranges
                0x00000000000000c8       0x18 Drivers/ArcadeIT_Lib/Demofiles/ANSIGfx/ANSIGfxDemo_1.o
 .debug_aranges
                0x00000000000000e0       0x78 Drivers/ArcadeIT_Lib/System/ArcadeIT_Firmware.o
 .debug_aranges
                0x0000000000000158       0x38 Drivers/ArcadeIT_Lib/System/Devices/ArcadeIT_Serial_Port.o
 .debug_aranges
                0x0000000000000190       0x48 Drivers/ArcadeIT_Lib/System/Devices/ArcadeIT_Status_LEDs.o
 .debug_aranges
                0x00000000000001d8       0x28 Drivers/ArcadeIT_Lib/System/Devices/ArcadeIT_TestPads.o
 .debug_aranges
                0x0000000000000200       0x48 Drivers/ArcadeIT_Lib/System/Units/ArcadeIT_Scheduler.o

.debug_ranges   0x0000000000000000      0x1d8
 .debug_ranges  0x0000000000000000       0x18 Core/Src/main.o
 .debug_ranges  0x0000000000000018       0x48 Core/Src/stm32f4xx_it.o
 .debug_ranges  0x0000000000000060       0x10 Core/Src/sysmem.o
 .debug_ranges  0x0000000000000070       0x20 Core/Startup/startup_stm32f469iitx.o
 .debug_ranges  0x0000000000000090       0x98 Drivers/ArcadeIT_Lib/System/ArcadeIT_Firmware.o
 .debug_ranges  0x0000000000000128       0x28 Drivers/ArcadeIT_Lib/System/Devices/ArcadeIT_Serial_Port.o
 .debug_ranges  0x0000000000000150       0x38 Drivers/ArcadeIT_Lib/System/Devices/ArcadeIT_Status_LEDs.o
 .debug_ranges  0x0000000000000188       0x18 Drivers/ArcadeIT_Lib/System/Devices/ArcadeIT_TestPads.o
 .debug_ranges  0x00000000000001a0       0x38 Drivers/ArcadeIT_Lib/System/Units/ArcadeIT_Scheduler.o

.debug_macro    0x0000000000000000    0x22d79
 .debug_macro   0x0000000000000000      0x27e Core/Src/main.o
 .debug_macro   0x000000000000027e      0xa6c Core/Src/main.o
 .debug_macro   0x0000000000000cea       0x22 Core/Src/main.o
 .debug_macro   0x0000000000000d0c       0x40 Core/Src/main.o
 .debug_macro   0x0000000000000d4c       0x18 Core/Src/main.o
 .debug_macro   0x0000000000000d64       0x94 Core/Src/main.o
 .debug_macro   0x0000000000000df8       0x3c Core/Src/main.o
 .debug_macro   0x0000000000000e34       0x34 Core/Src/main.o
 .debug_macro   0x0000000000000e68       0x16 Core/Src/main.o
 .debug_macro   0x0000000000000e7e       0x57 Core/Src/main.o
 .debug_macro   0x0000000000000ed5       0x97 Core/Src/main.o
 .debug_macro   0x0000000000000f6c      0x330 Core/Src/main.o
 .debug_macro   0x000000000000129c       0xfd Core/Src/main.o
 .debug_macro   0x0000000000001399       0x10 Core/Src/main.o
 .debug_macro   0x00000000000013a9       0x52 Core/Src/main.o
 .debug_macro   0x00000000000013fb       0x1f Core/Src/main.o
 .debug_macro   0x000000000000141a       0x43 Core/Src/main.o
 .debug_macro   0x000000000000145d       0x20 Core/Src/main.o
 .debug_macro   0x000000000000147d      0x1a3 Core/Src/main.o
 .debug_macro   0x0000000000001620       0x10 Core/Src/main.o
 .debug_macro   0x0000000000001630       0x6a Core/Src/main.o
 .debug_macro   0x000000000000169a       0x1c Core/Src/main.o
 .debug_macro   0x00000000000016b6       0x52 Core/Src/main.o
 .debug_macro   0x0000000000001708       0x40 Core/Src/main.o
 .debug_macro   0x0000000000001748       0x10 Core/Src/main.o
 .debug_macro   0x0000000000001758       0x40 Core/Src/main.o
 .debug_macro   0x0000000000001798       0xd7 Core/Src/main.o
 .debug_macro   0x000000000000186f       0x1c Core/Src/main.o
 .debug_macro   0x000000000000188b       0x3d Core/Src/main.o
 .debug_macro   0x00000000000018c8       0x16 Core/Src/main.o
 .debug_macro   0x00000000000018de      0x145 Core/Src/main.o
 .debug_macro   0x0000000000001a23       0xef Core/Src/main.o
 .debug_macro   0x0000000000001b12      0x1df Core/Src/main.o
 .debug_macro   0x0000000000001cf1       0x16 Core/Src/main.o
 .debug_macro   0x0000000000001d07       0x35 Core/Src/main.o
 .debug_macro   0x0000000000001d3c       0x16 Core/Src/main.o
 .debug_macro   0x0000000000001d52       0x29 Core/Src/main.o
 .debug_macro   0x0000000000001d7b       0x22 Core/Src/main.o
 .debug_macro   0x0000000000001d9d       0x40 Core/Src/main.o
 .debug_macro   0x0000000000001ddd       0x32 Core/Src/main.o
 .debug_macro   0x0000000000001e0f       0x28 Core/Src/main.o
 .debug_macro   0x0000000000001e37       0x1c Core/Src/main.o
 .debug_macro   0x0000000000001e53       0x22 Core/Src/main.o
 .debug_macro   0x0000000000001e75       0xd9 Core/Src/main.o
 .debug_macro   0x0000000000001f4e     0x102d Core/Src/main.o
 .debug_macro   0x0000000000002f7b      0x11f Core/Src/main.o
 .debug_macro   0x000000000000309a    0x1d70d Core/Src/main.o
 .debug_macro   0x00000000000207a7       0x43 Core/Src/main.o
 .debug_macro   0x00000000000207ea      0x964 Core/Src/main.o
 .debug_macro   0x000000000002114e       0x24 Core/Src/stm32f4xx_it.o
 .debug_macro   0x0000000000021172       0x28 Core/Src/stm32f4xx_it.o
 .debug_macro   0x000000000002119a      0x1ae Core/Src/sysmem.o
 .debug_macro   0x0000000000021348      0x23b Core/Src/sysmem.o
 .debug_macro   0x0000000000021583       0x11 Drivers/ArcadeIT_Lib/Demofiles/ANSIGfx/ANSIGfxDemo_1.o
 .debug_macro   0x0000000000021594      0x30f Drivers/ArcadeIT_Lib/System/ArcadeIT_Firmware.o
 .debug_macro   0x00000000000218a3       0x10 Drivers/ArcadeIT_Lib/System/ArcadeIT_Firmware.o
 .debug_macro   0x00000000000218b3      0x460 Drivers/ArcadeIT_Lib/System/ArcadeIT_Firmware.o
 .debug_macro   0x0000000000021d13       0x16 Drivers/ArcadeIT_Lib/System/ArcadeIT_Firmware.o
 .debug_macro   0x0000000000021d29       0x20 Drivers/ArcadeIT_Lib/System/ArcadeIT_Firmware.o
 .debug_macro   0x0000000000021d49      0x20f Drivers/ArcadeIT_Lib/System/ArcadeIT_Firmware.o
 .debug_macro   0x0000000000021f58      0x111 Drivers/ArcadeIT_Lib/System/ArcadeIT_Firmware.o
 .debug_macro   0x0000000000022069       0x16 Drivers/ArcadeIT_Lib/System/ArcadeIT_Firmware.o
 .debug_macro   0x000000000002207f      0x1ff Drivers/ArcadeIT_Lib/System/ArcadeIT_Firmware.o
 .debug_macro   0x000000000002227e      0x2a9 Drivers/ArcadeIT_Lib/System/Devices/ArcadeIT_Serial_Port.o
 .debug_macro   0x0000000000022527      0x2b3 Drivers/ArcadeIT_Lib/System/Devices/ArcadeIT_Status_LEDs.o
 .debug_macro   0x00000000000227da      0x2b3 Drivers/ArcadeIT_Lib/System/Devices/ArcadeIT_TestPads.o
 .debug_macro   0x0000000000022a8d      0x2ec Drivers/ArcadeIT_Lib/System/Units/ArcadeIT_Scheduler.o

.debug_line     0x0000000000000000     0x3f68
 .debug_line    0x0000000000000000      0x790 Core/Src/main.o
 .debug_line    0x0000000000000790      0x12c Core/Src/stm32f4xx_it.o
 .debug_line    0x00000000000008bc      0x55f Core/Src/sysmem.o
 .debug_line    0x0000000000000e1b       0x86 Core/Startup/startup_stm32f469iitx.o
 .debug_line    0x0000000000000ea1       0x5a Drivers/ArcadeIT_Lib/Demofiles/ANSIGfx/ANSIGfxDemo_1.o
 .debug_line    0x0000000000000efb      0xc5b Drivers/ArcadeIT_Lib/System/ArcadeIT_Firmware.o
 .debug_line    0x0000000000001b56      0x8fe Drivers/ArcadeIT_Lib/System/Devices/ArcadeIT_Serial_Port.o
 .debug_line    0x0000000000002454      0x916 Drivers/ArcadeIT_Lib/System/Devices/ArcadeIT_Status_LEDs.o
 .debug_line    0x0000000000002d6a      0x8a4 Drivers/ArcadeIT_Lib/System/Devices/ArcadeIT_TestPads.o
 .debug_line    0x000000000000360e      0x95a Drivers/ArcadeIT_Lib/System/Units/ArcadeIT_Scheduler.o

.debug_str      0x0000000000000000    0xb9c4d
 .debug_str     0x0000000000000000    0xb5adb Core/Src/main.o
                                      0xb5d65 (size before relaxing)
 .debug_str     0x00000000000b5adb      0x193 Core/Src/stm32f4xx_it.o
                                       0x2ec7 (size before relaxing)
 .debug_str     0x00000000000b5c6e      0x4c6 Core/Src/sysmem.o
                                       0x7b4f (size before relaxing)
 .debug_str     0x00000000000b6134       0x36 Core/Startup/startup_stm32f469iitx.o
                                         0x84 (size before relaxing)
 .debug_str     0x00000000000b616a       0x45 Drivers/ArcadeIT_Lib/Demofiles/ANSIGfx/ANSIGfxDemo_1.o
                                       0x2d94 (size before relaxing)
 .debug_str     0x00000000000b61af     0x37e0 Drivers/ArcadeIT_Lib/System/ArcadeIT_Firmware.o
                                      0xb95eb (size before relaxing)
 .debug_str     0x00000000000b998f      0x109 Drivers/ArcadeIT_Lib/System/Devices/ArcadeIT_Serial_Port.o
                                      0xb8314 (size before relaxing)
 .debug_str     0x00000000000b9a98       0x95 Drivers/ArcadeIT_Lib/System/Devices/ArcadeIT_Status_LEDs.o
                                      0xb8312 (size before relaxing)
 .debug_str     0x00000000000b9b2d       0x7b Drivers/ArcadeIT_Lib/System/Devices/ArcadeIT_TestPads.o
                                      0xb82b9 (size before relaxing)
 .debug_str     0x00000000000b9ba8       0xa5 Drivers/ArcadeIT_Lib/System/Units/ArcadeIT_Scheduler.o
                                      0xb8456 (size before relaxing)

.comment        0x0000000000000000       0x7b
 .comment       0x0000000000000000       0x7b Core/Src/main.o
                                         0x7c (size before relaxing)
 .comment       0x000000000000007b       0x7c Core/Src/stm32f4xx_it.o
 .comment       0x000000000000007b       0x7c Core/Src/sysmem.o
 .comment       0x000000000000007b       0x7c Drivers/ArcadeIT_Lib/Demofiles/ANSIGfx/ANSIGfxDemo_1.o
 .comment       0x000000000000007b       0x7c Drivers/ArcadeIT_Lib/System/ArcadeIT_Firmware.o
 .comment       0x000000000000007b       0x7c Drivers/ArcadeIT_Lib/System/Devices/ArcadeIT_Serial_Port.o
 .comment       0x000000000000007b       0x7c Drivers/ArcadeIT_Lib/System/Devices/ArcadeIT_Status_LEDs.o
 .comment       0x000000000000007b       0x7c Drivers/ArcadeIT_Lib/System/Devices/ArcadeIT_TestPads.o
 .comment       0x000000000000007b       0x7c Drivers/ArcadeIT_Lib/System/Units/ArcadeIT_Scheduler.o

.debug_frame    0x0000000000000000      0x724
 .debug_frame   0x0000000000000000       0x38 Core/Src/main.o
 .debug_frame   0x0000000000000038       0x90 Core/Src/stm32f4xx_it.o
 .debug_frame   0x00000000000000c8       0x28 Core/Src/sysmem.o
 .debug_frame   0x00000000000000f0      0x110 Drivers/ArcadeIT_Lib/System/ArcadeIT_Firmware.o
 .debug_frame   0x0000000000000200       0x60 Drivers/ArcadeIT_Lib/System/Devices/ArcadeIT_Serial_Port.o
 .debug_frame   0x0000000000000260       0x78 Drivers/ArcadeIT_Lib/System/Devices/ArcadeIT_Status_LEDs.o
 .debug_frame   0x00000000000002d8       0x38 Drivers/ArcadeIT_Lib/System/Devices/ArcadeIT_TestPads.o
 .debug_frame   0x0000000000000310       0xa4 Drivers/ArcadeIT_Lib/System/Units/ArcadeIT_Scheduler.o
 .debug_frame   0x00000000000003b4       0x20 c:/st/stm32cubeide_1.2.0/stm32cubeide/plugins/com.st.stm32cube.ide.mcu.externaltools.gnu-tools-for-stm32.7-2018-q2-update.win32_1.0.0.201904181610/tools/bin/../lib/gcc/arm-none-eabi/7.3.1/../../../../arm-none-eabi/lib/thumb/v7e-m/fpv4-sp/hard\libc_nano.a(lib_a-errno.o)
 .debug_frame   0x00000000000003d4       0x2c c:/st/stm32cubeide_1.2.0/stm32cubeide/plugins/com.st.stm32cube.ide.mcu.externaltools.gnu-tools-for-stm32.7-2018-q2-update.win32_1.0.0.201904181610/tools/bin/../lib/gcc/arm-none-eabi/7.3.1/../../../../arm-none-eabi/lib/thumb/v7e-m/fpv4-sp/hard\libc_nano.a(lib_a-init.o)
 .debug_frame   0x0000000000000400       0x6c c:/st/stm32cubeide_1.2.0/stm32cubeide/plugins/com.st.stm32cube.ide.mcu.externaltools.gnu-tools-for-stm32.7-2018-q2-update.win32_1.0.0.201904181610/tools/bin/../lib/gcc/arm-none-eabi/7.3.1/../../../../arm-none-eabi/lib/thumb/v7e-m/fpv4-sp/hard\libc_nano.a(lib_a-sprintf.o)
 .debug_frame   0x000000000000046c       0x90 c:/st/stm32cubeide_1.2.0/stm32cubeide/plugins/com.st.stm32cube.ide.mcu.externaltools.gnu-tools-for-stm32.7-2018-q2-update.win32_1.0.0.201904181610/tools/bin/../lib/gcc/arm-none-eabi/7.3.1/../../../../arm-none-eabi/lib/thumb/v7e-m/fpv4-sp/hard\libc_nano.a(lib_a-nano-svfprintf.o)
 .debug_frame   0x00000000000004fc       0x60 c:/st/stm32cubeide_1.2.0/stm32cubeide/plugins/com.st.stm32cube.ide.mcu.externaltools.gnu-tools-for-stm32.7-2018-q2-update.win32_1.0.0.201904181610/tools/bin/../lib/gcc/arm-none-eabi/7.3.1/../../../../arm-none-eabi/lib/thumb/v7e-m/fpv4-sp/hard\libc_nano.a(lib_a-nano-vfprintf_i.o)
 .debug_frame   0x000000000000055c       0x28 c:/st/stm32cubeide_1.2.0/stm32cubeide/plugins/com.st.stm32cube.ide.mcu.externaltools.gnu-tools-for-stm32.7-2018-q2-update.win32_1.0.0.201904181610/tools/bin/../lib/gcc/arm-none-eabi/7.3.1/../../../../arm-none-eabi/lib/thumb/v7e-m/fpv4-sp/hard\libc_nano.a(lib_a-memcpy-stub.o)
 .debug_frame   0x0000000000000584       0x28 c:/st/stm32cubeide_1.2.0/stm32cubeide/plugins/com.st.stm32cube.ide.mcu.externaltools.gnu-tools-for-stm32.7-2018-q2-update.win32_1.0.0.201904181610/tools/bin/../lib/gcc/arm-none-eabi/7.3.1/../../../../arm-none-eabi/lib/thumb/v7e-m/fpv4-sp/hard\libc_nano.a(lib_a-memmove.o)
 .debug_frame   0x00000000000005ac       0x38 c:/st/stm32cubeide_1.2.0/stm32cubeide/plugins/com.st.stm32cube.ide.mcu.externaltools.gnu-tools-for-stm32.7-2018-q2-update.win32_1.0.0.201904181610/tools/bin/../lib/gcc/arm-none-eabi/7.3.1/../../../../arm-none-eabi/lib/thumb/v7e-m/fpv4-sp/hard\libc_nano.a(lib_a-nano-freer.o)
 .debug_frame   0x00000000000005e4       0x2c c:/st/stm32cubeide_1.2.0/stm32cubeide/plugins/com.st.stm32cube.ide.mcu.externaltools.gnu-tools-for-stm32.7-2018-q2-update.win32_1.0.0.201904181610/tools/bin/../lib/gcc/arm-none-eabi/7.3.1/../../../../arm-none-eabi/lib/thumb/v7e-m/fpv4-sp/hard\libc_nano.a(lib_a-nano-mallocr.o)
 .debug_frame   0x0000000000000610       0x3c c:/st/stm32cubeide_1.2.0/stm32cubeide/plugins/com.st.stm32cube.ide.mcu.externaltools.gnu-tools-for-stm32.7-2018-q2-update.win32_1.0.0.201904181610/tools/bin/../lib/gcc/arm-none-eabi/7.3.1/../../../../arm-none-eabi/lib/thumb/v7e-m/fpv4-sp/hard\libc_nano.a(lib_a-nano-reallocr.o)
 .debug_frame   0x000000000000064c       0x2c c:/st/stm32cubeide_1.2.0/stm32cubeide/plugins/com.st.stm32cube.ide.mcu.externaltools.gnu-tools-for-stm32.7-2018-q2-update.win32_1.0.0.201904181610/tools/bin/../lib/gcc/arm-none-eabi/7.3.1/../../../../arm-none-eabi/lib/thumb/v7e-m/fpv4-sp/hard\libc_nano.a(lib_a-sbrkr.o)
 .debug_frame   0x0000000000000678       0x30 c:/st/stm32cubeide_1.2.0/stm32cubeide/plugins/com.st.stm32cube.ide.mcu.externaltools.gnu-tools-for-stm32.7-2018-q2-update.win32_1.0.0.201904181610/tools/bin/../lib/gcc/arm-none-eabi/7.3.1/../../../../arm-none-eabi/lib/thumb/v7e-m/fpv4-sp/hard\libc_nano.a(lib_a-mlock.o)
 .debug_frame   0x00000000000006a8       0x20 c:/st/stm32cubeide_1.2.0/stm32cubeide/plugins/com.st.stm32cube.ide.mcu.externaltools.gnu-tools-for-stm32.7-2018-q2-update.win32_1.0.0.201904181610/tools/bin/../lib/gcc/arm-none-eabi/7.3.1/../../../../arm-none-eabi/lib/thumb/v7e-m/fpv4-sp/hard\libc_nano.a(lib_a-nano-msizer.o)
 .debug_frame   0x00000000000006c8       0x5c c:/st/stm32cubeide_1.2.0/stm32cubeide/plugins/com.st.stm32cube.ide.mcu.externaltools.gnu-tools-for-stm32.7-2018-q2-update.win32_1.0.0.201904181610/tools/bin/../lib/gcc/arm-none-eabi/7.3.1/../../../../arm-none-eabi/lib/thumb/v7e-m/fpv4-sp/hard\libc_nano.a(lib_a-reent.o)

.debug_loc      0x0000000000000000      0x57f
 .debug_loc     0x0000000000000000       0x63 Core/Src/sysmem.o
 .debug_loc     0x0000000000000063      0x12f Drivers/ArcadeIT_Lib/System/ArcadeIT_Firmware.o
 .debug_loc     0x0000000000000192      0x1cb Drivers/ArcadeIT_Lib/System/Devices/ArcadeIT_Serial_Port.o
 .debug_loc     0x000000000000035d       0x2c Drivers/ArcadeIT_Lib/System/Devices/ArcadeIT_Status_LEDs.o
 .debug_loc     0x0000000000000389       0x81 Drivers/ArcadeIT_Lib/System/Devices/ArcadeIT_TestPads.o
 .debug_loc     0x000000000000040a      0x175 Drivers/ArcadeIT_Lib/System/Units/ArcadeIT_Scheduler.o
